******************************************************************************
                  TI ARM Linker PC v5.2.6                      
******************************************************************************
>> Linked Tue Oct 20 18:02:11 2015

OUTPUT FILE NAME:   <lab12.out>
ENTRY POINT SYMBOL: "_c_int00"  address: 00003995


MEMORY CONFIGURATION

         name            origin    length      used     unused   attr    fill
----------------------  --------  ---------  --------  --------  ----  --------
  FLASH                 00000000   00040000  000043ac  0003bc54  R  X
  SRAM                  20000000   00008000  00001b24  000064dc  RW X


SEGMENT ALLOCATION MAP

run origin  load origin   length   init length attrs members
----------  ----------- ---------- ----------- ----- -------
00000000    00000000    000043b0   000043b0    r-x
  00000000    00000000    0000026c   0000026c    r-- .intvecs
  0000026c    0000026c    00003d68   00003d68    r-x .text
  00003fd4    00003fd4    000002f0   000002f0    r-- .const
  000042c8    000042c8    000000e8   000000e8    r-- .cinit
20000000    20000000    00001b28   00000000    rw-
  20000000    20000000    0000026c   00000000    rw- .vtable
  2000026c    2000026c    00001388   00000000    rw- .stack
  200015f8    200015f8    00000338   00000000    rw- .data
  20001930    20001930    000001f0   00000000    rw- .bss
  20001b20    20001b20    00000008   00000000    rw- .sysmem


SECTION ALLOCATION MAP

 output                                  attributes/
section   page    origin      length       input sections
--------  ----  ----------  ----------   ----------------
.intvecs   0    00000000    0000026c     
                  00000000    0000026c     tm4c123gh6pm_startup_ccs.obj (.intvecs)

.text      0    0000026c    00003d68     
                  0000026c    000010ba     rtsv7M4_T_le_v4SPD16_eabi.lib : _printfi.obj (.text)
                  00001326    00000002     --HOLE-- [fill = 0]
                  00001328    00000550     main.obj (.text)
                  00001878    000003dc     rtsv7M4_T_le_v4SPD16_eabi.lib : memory.obj (.text)
                  00001c54    0000030c                                   : lowlev.obj (.text)
                  00001f60    000002d4                                   : trgdrv.obj (.text)
                  00002234    000001f4                                   : ull_div_t2.obj (.text)
                  00002428    000001c4                                   : fopen.obj (.text)
                  000025ec    000001b6                                   : fd_add_t2.obj (.text)
                  000027a2    00000136                                   : fd_div_t2.obj (.text)
                  000028d8    00000134                                   : fputs.obj (.text)
                  00002a0c    00000130     driverlib.lib : gpio.obj (.text:GPIOPadConfigSet)
                  00002b3c    00000110     rtsv7M4_T_le_v4SPD16_eabi.lib : xdscale.obj (.text)
                  00002c4c    0000010c     driverlib.lib : sysctl.obj (.text:SysCtlClockGet)
                  00002d58    000000fc     rtsv7M4_T_le_v4SPD16_eabi.lib : fd_mul_t2.obj (.text)
                  00002e54    000000f0     driverlib.lib : sysctl.obj (.text:SysCtlClockSet)
                  00002f44    000000dc     rtsv7M4_T_le_v4SPD16_eabi.lib : setvbuf.obj (.text)
                  00003020    000000c8                                   : fflush.obj (.text)
                  000030e8    000000be                                   : xdnorm.obj (.text)
                  000031a6    000000ac                                   : _io_perm.obj (.text)
                  00003252    0000009c                                   : memcpy_t2.obj (.text)
                  000032ee    00000002     --HOLE-- [fill = 0]
                  000032f0    00000098                                   : fclose.obj (.text)
                  00003388    00000098                                   : fputc.obj (.text)
                  00003420    00000086                                   : fd_cmp_t2.obj (.text:__aeabi_cdcmple)
                  000034a6    00000086                                   : fd_cmp_t2.obj (.text:__aeabi_cdrcmple)
                  0000352c    0000007a                                   : memset_t2.obj (.text)
                  000035a6    00000002     --HOLE-- [fill = 0]
                  000035a8    00000070                                   : printf.obj (.text)
                  00003618    0000006c                                   : autoinit.obj (.text)
                  00003684    0000006a                                   : copy_decompress_rle.obj (.text)
                  000036ee    00000002     --HOLE-- [fill = 0]
                  000036f0    00000068     driverlib.lib : interrupt.obj (.text:IntEnable)
                  00003758    00000068     rtsv7M4_T_le_v4SPD16_eabi.lib : trgmsg.obj (.text)
                  000037c0    00000066                                   : xdunscal.obj (.text)
                  00003826    00000002     --HOLE-- [fill = 0]
                  00003828    00000064                                   : fseek.obj (.text)
                  0000388c    00000060                                   : sprintf.obj (.text)
                  000038ec    00000056                                   : ltoa.obj (.text)
                  00003942    00000052                                   : ldexp.obj (.text)
                  00003994    00000050                                   : boot.obj (.text)
                  000039e4    0000004c                                   : atoi.obj (.text)
                  00003a30    0000004c                                   : cpy_tbl.obj (.text)
                  00003a7c    00000048     driverlib.lib : gpio.obj (.text:GPIOPinConfigure)
                  00003ac4    00000048     rtsv7M4_T_le_v4SPD16_eabi.lib : fd_toi_t2.obj (.text)
                  00003b0c    00000044                                   : exit.obj (.text)
                  00003b50    00000042     driverlib.lib : uart.obj (.text:UARTConfigSetExpClk)
                  00003b92    00000002     --HOLE-- [fill = 0]
                  00003b94    00000040                   : uart.obj (.text:_UARTIntNumberGet)
                  00003bd4    00000040     rtsv7M4_T_le_v4SPD16_eabi.lib : signal.obj (.text)
                  00003c14    00000034     driverlib.lib : interrupt.obj (.text:IntRegister)
                  00003c48    00000034                   : sysctl.obj (.text:SysCtlPeripheralEnable)
                  00003c7c    00000034     rtsv7M4_T_le_v4SPD16_eabi.lib : feraiseexcept.obj (.text)
                  00003cb0    00000030                                   : strncpy.obj (.text)
                  00003ce0    00000030                                   : xdclass.obj (.text)
                  00003d10    00000030                                   : xferaise.obj (.text)
                  00003d40    0000002e                                   : i_tofd_t2.obj (.text)
                  00003d6e    0000002e                                   : raise.obj (.text)
                  00003d9c    0000002a     driverlib.lib : gpio.obj (.text:GPIODirModeSet)
                  00003dc6    0000002a     rtsv7M4_T_le_v4SPD16_eabi.lib : frexp.obj (.text)
                  00003df0    00000020                                   : memchr.obj (.text)
                  00003e10    0000001c     driverlib.lib : uart.obj (.text:UARTDisable)
                  00003e2c    0000001c     rtsv7M4_T_le_v4SPD16_eabi.lib : memccpy.obj (.text)
                  00003e48    00000018     driverlib.lib : gpio.obj (.text:GPIOPinTypeGPIOOutput)
                  00003e60    00000018                   : uart.obj (.text:UARTIntRegister)
                  00003e78    00000018     rtsv7M4_T_le_v4SPD16_eabi.lib : args_main.obj (.text)
                  00003e90    00000018                                   : strcmp.obj (.text)
                  00003ea8    00000016                                   : strchr.obj (.text)
                  00003ebe    00000014     driverlib.lib : uart.obj (.text:UARTEnable)
                  00003ed2    00000002     --HOLE-- [fill = 0]
                  00003ed4    00000014     rtsv7M4_T_le_v4SPD16_eabi.lib : _lock.obj (.text)
                  00003ee8    00000014                                   : strcpy.obj (.text)
                  00003efc    00000014                                   : strlen.obj (.text)
                  00003f10    00000012     driverlib.lib : gpio.obj (.text:GPIOPinTypeGPIOInput)
                  00003f22    00000012                   : gpio.obj (.text:GPIOPinTypeUART)
                  00003f34    0000000e                   : uart.obj (.text:UARTCharGetNonBlocking)
                  00003f42    0000000e     rtsv7M4_T_le_v4SPD16_eabi.lib : copy_decompress_none.obj (.text:decompress:none)
                  00003f50    0000000c     driverlib.lib : uart.obj (.text:UARTCharsAvail)
                  00003f5c    0000000c                   : uart.obj (.text:UARTTxIntModeSet)
                  00003f68    0000000c     rtsv7M4_T_le_v4SPD16_eabi.lib : copy_zero_init.obj (.text:decompress:ZI)
                  00003f74    0000000c     tm4c123gh6pm_startup_ccs.obj (.text)
                  00003f80    0000000a     driverlib.lib : uart.obj (.text:UARTCharGet)
                  00003f8a    0000000a                   : uart.obj (.text:UARTCharPut)
                  00003f94    0000000a                   : uart.obj (.text:UARTFIFODisable)
                  00003f9e    0000000a                   : uart.obj (.text:UARTIntDisable)
                  00003fa8    0000000a                   : uart.obj (.text:UARTIntStatus)
                  00003fb2    00000008                   : uart.obj (.text:UARTIntEnable)
                  00003fba    00000006                   : sysctl.obj (.text:SysCtlDelay)
                  00003fc0    00000006                   : uart.obj (.text:UARTFIFOLevelSet)
                  00003fc6    00000006     rtsv7M4_T_le_v4SPD16_eabi.lib : copy_decompress_rle.obj (.text:decompress:rle24)
                  00003fcc    00000004     driverlib.lib : uart.obj (.text:UARTIntClear)
                  00003fd0    00000004     rtsv7M4_T_le_v4SPD16_eabi.lib : pre_init.obj (.text)

.const     0    00003fd4    000002f0     
                  00003fd4    00000101     rtsv7M4_T_le_v4SPD16_eabi.lib : ctype.obj (.const:.string:_ctypes_)
                  000040d5    00000003     --HOLE-- [fill = 0]
                  000040d8    00000090     driverlib.lib : gpio.obj (.const:g_pui32GPIOBaseAddrs)
                  00004168    00000070                   : interrupt.obj (.const)
                  000041d8    0000006c                   : sysctl.obj (.const:g_pui32Xtals)
                  00004244    00000040                   : uart.obj (.const:g_ppui32UARTIntMap)
                  00004284    00000040                   : uart.obj (.const:g_ppui32UARTIntMapSnowflake)

.cinit     0    000042c8    000000e8     
                  000042c8    000000ad     (.cinit..data.load) [load image, compression = rle]
                  00004375    00000003     --HOLE-- [fill = 0]
                  00004378    0000000c     (__TI_handler_table)
                  00004384    00000004     --HOLE-- [fill = 0]
                  00004388    00000008     (.cinit..bss.load) [load image, compression = zero_init]
                  00004390    00000008     (.cinit..vtable.load) [load image, compression = zero_init]
                  00004398    00000018     (__TI_cinit_table)

.init_array 
*          0    00000000    00000000     UNINITIALIZED

.vtable    0    20000000    0000026c     UNINITIALIZED
                  20000000    0000026c     driverlib.lib : interrupt.obj (.vtable)

.stack     0    2000026c    00001388     UNINITIALIZED
                  2000026c    00001388     --HOLE--

.data      0    200015f8    00000338     UNINITIALIZED
                  200015f8    000000f0     rtsv7M4_T_le_v4SPD16_eabi.lib : defs.obj (.data:_ftable)
                  200016e8    000000d0                                   : lowlev.obj (.data)
                  200017b8    000000b0                                   : signal.obj (.data:sigtable)
                  20001868    00000080                                   : xvalues.obj (.data)
                  200018e8    00000010                                   : defs.obj (.data)
                  200018f8    0000000c                                   : memory.obj (.data)
                  20001904    00000008     main.obj (.data)
                  2000190c    00000008     rtsv7M4_T_le_v4SPD16_eabi.lib : _lock.obj (.data)
                  20001914    00000008                                   : exit.obj (.data)
                  2000191c    00000008                                   : feraiseexcept.obj (.data)
                  20001924    00000004                                   : errno.obj (.data)
                  20001928    00000004                                   : fopen.obj (.data)
                  2000192c    00000004                                   : stkdepth_vars.obj (.data)

.TI.persistent 
*          0    200015f8    00000000     UNINITIALIZED

.bss       0    20001930    000001f0     UNINITIALIZED
                  20001930    00000120     rtsv7M4_T_le_v4SPD16_eabi.lib : trgmsg.obj (.bss:__CIOBUF_)
                  20001a50    000000a0                                   : defs.obj (.bss:__TI_tmpnams)
                  20001af0    00000014     (.common:array_rx)
                  20001b04    00000014     (.common:array_tx)
                  20001b18    00000008     (.common:parmbuf)

.TI.noinit 
*          0    20001930    00000000     UNINITIALIZED

.sysmem    0    20001b20    00000008     UNINITIALIZED
                  20001b20    00000008     rtsv7M4_T_le_v4SPD16_eabi.lib : memory.obj (.sysmem)


LINKER GENERATED COPY TABLES

__TI_cinit_table @ 00004398 records: 3, size/record: 8, table size: 24
	.data: load addr=000042c8, load size=000000ad bytes, run addr=200015f8, run size=00000338 bytes, compression=rle
	.bss: load addr=00004388, load size=00000008 bytes, run addr=20001930, run size=000001f0 bytes, compression=zero_init
	.vtable: load addr=00004390, load size=00000008 bytes, run addr=20000000, run size=0000026c bytes, compression=zero_init


LINKER GENERATED HANDLER TABLE

__TI_handler_table @ 00004378 records: 3, size/record: 4, table size: 12
	index: 0, handler: __TI_zero_init
	index: 1, handler: __TI_decompress_rle24
	index: 2, handler: __TI_decompress_none


GLOBAL SYMBOLS: SORTED ALPHABETICALLY BY Name 

address   name                    
-------   ----                    
00003b0d  C$$EXIT                 
00003787  C$$IO$$                 
00003d9d  GPIODirModeSet          
00002a0d  GPIOPadConfigSet        
00003a7d  GPIOPinConfigure        
00003f11  GPIOPinTypeGPIOInput    
00003e49  GPIOPinTypeGPIOOutput   
00003f23  GPIOPinTypeUART         
000021ed  HOSTclock               
000021b5  HOSTclose               
00002177  HOSTgetenv              
0000211b  HOSTlseek               
000020c9  HOSTopen                
0000207d  HOSTread                
0000201f  HOSTrename              
00001fe5  HOSTtime                
00001fad  HOSTunlink              
00001f61  HOSTwrite               
000036f1  IntEnable               
00003c15  IntRegister             
00003f75  ResetISR                
UNDEFED   SHT$$INIT_ARRAY$$Base   
UNDEFED   SHT$$INIT_ARRAY$$Limit  
00002c4d  SysCtlClockGet          
00002e55  SysCtlClockSet          
00003fbb  SysCtlDelay             
00003c49  SysCtlPeripheralEnable  
00003f81  UARTCharGet             
00003f35  UARTCharGetNonBlocking  
00003f8b  UARTCharPut             
00003f51  UARTCharsAvail          
00003b51  UARTConfigSetExpClk     
00003e11  UARTDisable             
00003ebf  UARTEnable              
00003f95  UARTFIFODisable         
00003fc1  UARTFIFOLevelSet        
00003fcd  UARTIntClear            
00003f9f  UARTIntDisable          
00003fb3  UARTIntEnable           
00003e61  UARTIntRegister         
00003fa9  UARTIntStatus           
00003f5d  UARTTxIntModeSet        
00003ce1  _Dclass                 
20001868  _Denorm                 
000030e9  _Dnorm                  
00002b3d  _Dscale                 
000037c1  _Dunscale               
20001878  _Eps                    
20001924  _Errno                  
2000191c  _Fenv                   
00003d11  _Feraise                
20001888  _Hugeval                
20001898  _Inf                    
200018a8  _Nan                    
200018c8  _Rteps                  
200018b8  _Snan                   
20001920  _Tls_setup__Fenv        
200018d8  _Xbig                   
200018e0  _Zero                   
20001930  __CIOBUF_               
200015f4  __STACK_END             
00001388  __STACK_SIZE            
2000046c  __STACK_TOP             
00000008  __SYSMEM_SIZE           
00004398  __TI_CINIT_Base         
000043b0  __TI_CINIT_Limit        
00004378  __TI_Handler_Table_Base 
00004384  __TI_Handler_Table_Limit
00003619  __TI_auto_init          
000024f1  __TI_cleanup            
20001914  __TI_cleanup_ptr        
000032f1  __TI_closefile          
00003f43  __TI_decompress_none    
00003fc7  __TI_decompress_rle24   
00003021  __TI_doflush            
20001918  __TI_dtors_ptr          
200018e8  __TI_ft_end             
00001021  __TI_printfi            
00003209  __TI_rd_ok              
0000378b  __TI_readmsg            
00000000  __TI_static_base__      
20001a50  __TI_tmpnams            
00003759  __TI_writemsg           
000031a7  __TI_wrt_ok             
00003f69  __TI_zero_init          
00003421  __aeabi_cdcmpeq         
00003421  __aeabi_cdcmple         
000034a7  __aeabi_cdrcmple        
00003ac5  __aeabi_d2iz            
000025f7  __aeabi_dadd            
000027a3  __aeabi_ddiv            
00002d59  __aeabi_dmul            
000025ed  __aeabi_dsub            
00003d41  __aeabi_i2d             
0000352d  __aeabi_memclr          
0000352d  __aeabi_memclr4         
0000352d  __aeabi_memclr8         
00003253  __aeabi_memcpy          
00003253  __aeabi_memcpy4         
00003253  __aeabi_memcpy8         
0000352f  __aeabi_memset          
0000352f  __aeabi_memset4         
0000352f  __aeabi_memset8         
200018f4  __aeabi_stderr          
200018ec  __aeabi_stdin           
200018f0  __aeabi_stdout          
00002235  __aeabi_uldivmod        
ffffffff  __binit__               
ffffffff  __c_args__              
2000026c  __stack                 
00003e79  _args_main              
00003995  _c_int00                
00003fd4  _ctypes_                
200015f8  _ftable                 
2000190c  _lock                   
00003ee3  _nop                    
00003edb  _register_lock          
00003ed5  _register_unlock        
20001b20  _sys_memory             
00003fd1  _system_pre_init        
20001910  _unlock                 
00003b11  abort                   
00001eb5  add_device              
000039e5  atoi                    
ffffffff  binit                   
00001c21  calloc                  
00001e65  close                   
00003a31  copy_in                 
20001908  dataLength              
00003b19  exit                    
00003357  fclose                  
00003c7d  feraiseexcept           
0000306d  fflush                  
00002547  fopen                   
00003389  fputc                   
000028d9  fputs                   
0000196f  free                    
0000251d  freopen                 
00003dc7  frexp                   
00003829  fseek                   
20000000  g_pfnRAMVectors         
00000000  g_pfnVectors            
00001441  isr_uart2               
00003943  ldexp                   
00001e41  lseek                   
000038ed  ltoa                    
00001619  main                    
2000192c  main_func_sp            
00001907  malloc                  
00001b3d  memalign                
00003e2d  memccpy                 
00003df1  memchr                  
00003253  memcpy                  
00003535  memset                  
00001879  minit                   
00001d93  open                    
000035b1  printf                  
00003389  putc                    
0000340d  putchar                 
000029e5  puts                    
00003d6f  raise                   
00001d6f  read                    
00001a31  realloc                 
00001ce5  remove                  
00001d47  remove_device           
00001d09  rename                  
00001329  sendChars               
00002f45  setvbuf                 
00003bd5  signal                  
0000388d  sprintf                 
00003ea9  strchr                  
00003e91  strcmp                  
00003ee9  strcpy                  
00003efd  strlen                  
00003cb1  strncpy                 
00001369  uart2_init              
00001ce5  unlink                  
00001c55  write                   


GLOBAL SYMBOLS: SORTED BY Symbol Address 

address   name                    
-------   ----                    
00000000  __TI_static_base__      
00000000  g_pfnVectors            
00000008  __SYSMEM_SIZE           
00001021  __TI_printfi            
00001329  sendChars               
00001369  uart2_init              
00001388  __STACK_SIZE            
00001441  isr_uart2               
00001619  main                    
00001879  minit                   
00001907  malloc                  
0000196f  free                    
00001a31  realloc                 
00001b3d  memalign                
00001c21  calloc                  
00001c55  write                   
00001ce5  remove                  
00001ce5  unlink                  
00001d09  rename                  
00001d47  remove_device           
00001d6f  read                    
00001d93  open                    
00001e41  lseek                   
00001e65  close                   
00001eb5  add_device              
00001f61  HOSTwrite               
00001fad  HOSTunlink              
00001fe5  HOSTtime                
0000201f  HOSTrename              
0000207d  HOSTread                
000020c9  HOSTopen                
0000211b  HOSTlseek               
00002177  HOSTgetenv              
000021b5  HOSTclose               
000021ed  HOSTclock               
00002235  __aeabi_uldivmod        
000024f1  __TI_cleanup            
0000251d  freopen                 
00002547  fopen                   
000025ed  __aeabi_dsub            
000025f7  __aeabi_dadd            
000027a3  __aeabi_ddiv            
000028d9  fputs                   
000029e5  puts                    
00002a0d  GPIOPadConfigSet        
00002b3d  _Dscale                 
00002c4d  SysCtlClockGet          
00002d59  __aeabi_dmul            
00002e55  SysCtlClockSet          
00002f45  setvbuf                 
00003021  __TI_doflush            
0000306d  fflush                  
000030e9  _Dnorm                  
000031a7  __TI_wrt_ok             
00003209  __TI_rd_ok              
00003253  __aeabi_memcpy          
00003253  __aeabi_memcpy4         
00003253  __aeabi_memcpy8         
00003253  memcpy                  
000032f1  __TI_closefile          
00003357  fclose                  
00003389  fputc                   
00003389  putc                    
0000340d  putchar                 
00003421  __aeabi_cdcmpeq         
00003421  __aeabi_cdcmple         
000034a7  __aeabi_cdrcmple        
0000352d  __aeabi_memclr          
0000352d  __aeabi_memclr4         
0000352d  __aeabi_memclr8         
0000352f  __aeabi_memset          
0000352f  __aeabi_memset4         
0000352f  __aeabi_memset8         
00003535  memset                  
000035b1  printf                  
00003619  __TI_auto_init          
000036f1  IntEnable               
00003759  __TI_writemsg           
00003787  C$$IO$$                 
0000378b  __TI_readmsg            
000037c1  _Dunscale               
00003829  fseek                   
0000388d  sprintf                 
000038ed  ltoa                    
00003943  ldexp                   
00003995  _c_int00                
000039e5  atoi                    
00003a31  copy_in                 
00003a7d  GPIOPinConfigure        
00003ac5  __aeabi_d2iz            
00003b0d  C$$EXIT                 
00003b11  abort                   
00003b19  exit                    
00003b51  UARTConfigSetExpClk     
00003bd5  signal                  
00003c15  IntRegister             
00003c49  SysCtlPeripheralEnable  
00003c7d  feraiseexcept           
00003cb1  strncpy                 
00003ce1  _Dclass                 
00003d11  _Feraise                
00003d41  __aeabi_i2d             
00003d6f  raise                   
00003d9d  GPIODirModeSet          
00003dc7  frexp                   
00003df1  memchr                  
00003e11  UARTDisable             
00003e2d  memccpy                 
00003e49  GPIOPinTypeGPIOOutput   
00003e61  UARTIntRegister         
00003e79  _args_main              
00003e91  strcmp                  
00003ea9  strchr                  
00003ebf  UARTEnable              
00003ed5  _register_unlock        
00003edb  _register_lock          
00003ee3  _nop                    
00003ee9  strcpy                  
00003efd  strlen                  
00003f11  GPIOPinTypeGPIOInput    
00003f23  GPIOPinTypeUART         
00003f35  UARTCharGetNonBlocking  
00003f43  __TI_decompress_none    
00003f51  UARTCharsAvail          
00003f5d  UARTTxIntModeSet        
00003f69  __TI_zero_init          
00003f75  ResetISR                
00003f81  UARTCharGet             
00003f8b  UARTCharPut             
00003f95  UARTFIFODisable         
00003f9f  UARTIntDisable          
00003fa9  UARTIntStatus           
00003fb3  UARTIntEnable           
00003fbb  SysCtlDelay             
00003fc1  UARTFIFOLevelSet        
00003fc7  __TI_decompress_rle24   
00003fcd  UARTIntClear            
00003fd1  _system_pre_init        
00003fd4  _ctypes_                
00004378  __TI_Handler_Table_Base 
00004384  __TI_Handler_Table_Limit
00004398  __TI_CINIT_Base         
000043b0  __TI_CINIT_Limit        
20000000  g_pfnRAMVectors         
2000026c  __stack                 
2000046c  __STACK_TOP             
200015f4  __STACK_END             
200015f8  _ftable                 
20001868  _Denorm                 
20001878  _Eps                    
20001888  _Hugeval                
20001898  _Inf                    
200018a8  _Nan                    
200018b8  _Snan                   
200018c8  _Rteps                  
200018d8  _Xbig                   
200018e0  _Zero                   
200018e8  __TI_ft_end             
200018ec  __aeabi_stdin           
200018f0  __aeabi_stdout          
200018f4  __aeabi_stderr          
20001908  dataLength              
2000190c  _lock                   
20001910  _unlock                 
20001914  __TI_cleanup_ptr        
20001918  __TI_dtors_ptr          
2000191c  _Fenv                   
20001920  _Tls_setup__Fenv        
20001924  _Errno                  
2000192c  main_func_sp            
20001930  __CIOBUF_               
20001a50  __TI_tmpnams            
20001b20  _sys_memory             
ffffffff  __binit__               
ffffffff  __c_args__              
ffffffff  binit                   
UNDEFED   SHT$$INIT_ARRAY$$Base   
UNDEFED   SHT$$INIT_ARRAY$$Limit  

[178 symbols]
