<?xml version="1.0"?>
<link_info>
   <banner>TI ARM Linker PC v5.2.6</banner>
   <copyright>Copyright (c) 1996-2015 Texas Instruments Incorporated</copyright>
   <link_time>0x5626b9e3</link_time>
   <link_errors>0x0</link_errors>
   <output_file>lab12.out</output_file>
   <entry_point>
      <name>_c_int00</name>
      <address>0x3995</address>
   </entry_point>
   <input_file_list>
      <input_file id="fl-2">
         <path>.\</path>
         <kind>object</kind>
         <file>SensorPins.obj</file>
         <name>SensorPins.obj</name>
      </input_file>
      <input_file id="fl-3">
         <path>.\</path>
         <kind>object</kind>
         <file>main.obj</file>
         <name>main.obj</name>
      </input_file>
      <input_file id="fl-4">
         <path>.\</path>
         <kind>object</kind>
         <file>tm4c123gh6pm_startup_ccs.obj</file>
         <name>tm4c123gh6pm_startup_ccs.obj</name>
      </input_file>
      <input_file id="fl-a">
         <path>C:\ti\TivaWare_C_Series-2.1.1.71\driverlib\ccs\Debug\</path>
         <kind>archive</kind>
         <file>driverlib.lib</file>
         <name>gpio.obj</name>
      </input_file>
      <input_file id="fl-b">
         <path>C:\ti\TivaWare_C_Series-2.1.1.71\driverlib\ccs\Debug\</path>
         <kind>archive</kind>
         <file>driverlib.lib</file>
         <name>interrupt.obj</name>
      </input_file>
      <input_file id="fl-c">
         <path>C:\ti\TivaWare_C_Series-2.1.1.71\driverlib\ccs\Debug\</path>
         <kind>archive</kind>
         <file>driverlib.lib</file>
         <name>sysctl.obj</name>
      </input_file>
      <input_file id="fl-d">
         <path>C:\ti\TivaWare_C_Series-2.1.1.71\driverlib\ccs\Debug\</path>
         <kind>archive</kind>
         <file>driverlib.lib</file>
         <name>uart.obj</name>
      </input_file>
      <input_file id="fl-e">
         <path>C:\ti\TivaWare_C_Series-2.1.1.71\driverlib\ccs\Debug\</path>
         <kind>archive</kind>
         <file>driverlib.lib</file>
         <name>cpu.obj</name>
      </input_file>
      <input_file id="fl-130">
         <path>C:\ti\ccsv6\tools\compiler\ti-cgt-arm_5.2.6\lib\</path>
         <kind>archive</kind>
         <file>rtsv7M4_T_le_v4SPD16_eabi.lib</file>
         <name>boot.obj</name>
      </input_file>
      <input_file id="fl-131">
         <path>C:\ti\ccsv6\tools\compiler\ti-cgt-arm_5.2.6\lib\</path>
         <kind>archive</kind>
         <file>rtsv7M4_T_le_v4SPD16_eabi.lib</file>
         <name>copy_decompress_none.obj</name>
      </input_file>
      <input_file id="fl-132">
         <path>C:\ti\ccsv6\tools\compiler\ti-cgt-arm_5.2.6\lib\</path>
         <kind>archive</kind>
         <file>rtsv7M4_T_le_v4SPD16_eabi.lib</file>
         <name>copy_decompress_rle.obj</name>
      </input_file>
      <input_file id="fl-133">
         <path>C:\ti\ccsv6\tools\compiler\ti-cgt-arm_5.2.6\lib\</path>
         <kind>archive</kind>
         <file>rtsv7M4_T_le_v4SPD16_eabi.lib</file>
         <name>copy_zero_init.obj</name>
      </input_file>
      <input_file id="fl-134">
         <path>C:\ti\ccsv6\tools\compiler\ti-cgt-arm_5.2.6\lib\</path>
         <kind>archive</kind>
         <file>rtsv7M4_T_le_v4SPD16_eabi.lib</file>
         <name>exit.obj</name>
      </input_file>
      <input_file id="fl-135">
         <path>C:\ti\ccsv6\tools\compiler\ti-cgt-arm_5.2.6\lib\</path>
         <kind>archive</kind>
         <file>rtsv7M4_T_le_v4SPD16_eabi.lib</file>
         <name>memcpy_t2.obj</name>
      </input_file>
      <input_file id="fl-136">
         <path>C:\ti\ccsv6\tools\compiler\ti-cgt-arm_5.2.6\lib\</path>
         <kind>archive</kind>
         <file>rtsv7M4_T_le_v4SPD16_eabi.lib</file>
         <name>memset_t2.obj</name>
      </input_file>
      <input_file id="fl-137">
         <path>C:\ti\ccsv6\tools\compiler\ti-cgt-arm_5.2.6\lib\</path>
         <kind>archive</kind>
         <file>rtsv7M4_T_le_v4SPD16_eabi.lib</file>
         <name>pre_init.obj</name>
      </input_file>
      <input_file id="fl-138">
         <path>C:\ti\ccsv6\tools\compiler\ti-cgt-arm_5.2.6\lib\</path>
         <kind>archive</kind>
         <file>rtsv7M4_T_le_v4SPD16_eabi.lib</file>
         <name>printf.obj</name>
      </input_file>
      <input_file id="fl-139">
         <path>C:\ti\ccsv6\tools\compiler\ti-cgt-arm_5.2.6\lib\</path>
         <kind>archive</kind>
         <file>rtsv7M4_T_le_v4SPD16_eabi.lib</file>
         <name>sprintf.obj</name>
      </input_file>
      <input_file id="fl-13a">
         <path>C:\ti\ccsv6\tools\compiler\ti-cgt-arm_5.2.6\lib\</path>
         <kind>archive</kind>
         <file>rtsv7M4_T_le_v4SPD16_eabi.lib</file>
         <name>stkdepth_vars.obj</name>
      </input_file>
      <input_file id="fl-13b">
         <path>C:\ti\ccsv6\tools\compiler\ti-cgt-arm_5.2.6\lib\</path>
         <kind>archive</kind>
         <file>rtsv7M4_T_le_v4SPD16_eabi.lib</file>
         <name>strlen.obj</name>
      </input_file>
      <input_file id="fl-13c">
         <path>C:\ti\ccsv6\tools\compiler\ti-cgt-arm_5.2.6\lib\</path>
         <kind>archive</kind>
         <file>rtsv7M4_T_le_v4SPD16_eabi.lib</file>
         <name>_lock.obj</name>
      </input_file>
      <input_file id="fl-13d">
         <path>C:\ti\ccsv6\tools\compiler\ti-cgt-arm_5.2.6\lib\</path>
         <kind>archive</kind>
         <file>rtsv7M4_T_le_v4SPD16_eabi.lib</file>
         <name>_printfi.obj</name>
      </input_file>
      <input_file id="fl-13e">
         <path>C:\ti\ccsv6\tools\compiler\ti-cgt-arm_5.2.6\lib\</path>
         <kind>archive</kind>
         <file>rtsv7M4_T_le_v4SPD16_eabi.lib</file>
         <name>args_main.obj</name>
      </input_file>
      <input_file id="fl-13f">
         <path>C:\ti\ccsv6\tools\compiler\ti-cgt-arm_5.2.6\lib\</path>
         <kind>archive</kind>
         <file>rtsv7M4_T_le_v4SPD16_eabi.lib</file>
         <name>atoi.obj</name>
      </input_file>
      <input_file id="fl-140">
         <path>C:\ti\ccsv6\tools\compiler\ti-cgt-arm_5.2.6\lib\</path>
         <kind>archive</kind>
         <file>rtsv7M4_T_le_v4SPD16_eabi.lib</file>
         <name>autoinit.obj</name>
      </input_file>
      <input_file id="fl-141">
         <path>C:\ti\ccsv6\tools\compiler\ti-cgt-arm_5.2.6\lib\</path>
         <kind>archive</kind>
         <file>rtsv7M4_T_le_v4SPD16_eabi.lib</file>
         <name>cpy_tbl.obj</name>
      </input_file>
      <input_file id="fl-142">
         <path>C:\ti\ccsv6\tools\compiler\ti-cgt-arm_5.2.6\lib\</path>
         <kind>archive</kind>
         <file>rtsv7M4_T_le_v4SPD16_eabi.lib</file>
         <name>ctype.obj</name>
      </input_file>
      <input_file id="fl-143">
         <path>C:\ti\ccsv6\tools\compiler\ti-cgt-arm_5.2.6\lib\</path>
         <kind>archive</kind>
         <file>rtsv7M4_T_le_v4SPD16_eabi.lib</file>
         <name>defs.obj</name>
      </input_file>
      <input_file id="fl-144">
         <path>C:\ti\ccsv6\tools\compiler\ti-cgt-arm_5.2.6\lib\</path>
         <kind>archive</kind>
         <file>rtsv7M4_T_le_v4SPD16_eabi.lib</file>
         <name>fd_add_t2.obj</name>
      </input_file>
      <input_file id="fl-145">
         <path>C:\ti\ccsv6\tools\compiler\ti-cgt-arm_5.2.6\lib\</path>
         <kind>archive</kind>
         <file>rtsv7M4_T_le_v4SPD16_eabi.lib</file>
         <name>fd_cmp_t2.obj</name>
      </input_file>
      <input_file id="fl-146">
         <path>C:\ti\ccsv6\tools\compiler\ti-cgt-arm_5.2.6\lib\</path>
         <kind>archive</kind>
         <file>rtsv7M4_T_le_v4SPD16_eabi.lib</file>
         <name>fd_div_t2.obj</name>
      </input_file>
      <input_file id="fl-147">
         <path>C:\ti\ccsv6\tools\compiler\ti-cgt-arm_5.2.6\lib\</path>
         <kind>archive</kind>
         <file>rtsv7M4_T_le_v4SPD16_eabi.lib</file>
         <name>fd_mul_t2.obj</name>
      </input_file>
      <input_file id="fl-148">
         <path>C:\ti\ccsv6\tools\compiler\ti-cgt-arm_5.2.6\lib\</path>
         <kind>archive</kind>
         <file>rtsv7M4_T_le_v4SPD16_eabi.lib</file>
         <name>fd_toi_t2.obj</name>
      </input_file>
      <input_file id="fl-149">
         <path>C:\ti\ccsv6\tools\compiler\ti-cgt-arm_5.2.6\lib\</path>
         <kind>archive</kind>
         <file>rtsv7M4_T_le_v4SPD16_eabi.lib</file>
         <name>fputc.obj</name>
      </input_file>
      <input_file id="fl-14a">
         <path>C:\ti\ccsv6\tools\compiler\ti-cgt-arm_5.2.6\lib\</path>
         <kind>archive</kind>
         <file>rtsv7M4_T_le_v4SPD16_eabi.lib</file>
         <name>fputs.obj</name>
      </input_file>
      <input_file id="fl-14b">
         <path>C:\ti\ccsv6\tools\compiler\ti-cgt-arm_5.2.6\lib\</path>
         <kind>archive</kind>
         <file>rtsv7M4_T_le_v4SPD16_eabi.lib</file>
         <name>frexp.obj</name>
      </input_file>
      <input_file id="fl-14c">
         <path>C:\ti\ccsv6\tools\compiler\ti-cgt-arm_5.2.6\lib\</path>
         <kind>archive</kind>
         <file>rtsv7M4_T_le_v4SPD16_eabi.lib</file>
         <name>i_tofd_t2.obj</name>
      </input_file>
      <input_file id="fl-14d">
         <path>C:\ti\ccsv6\tools\compiler\ti-cgt-arm_5.2.6\lib\</path>
         <kind>archive</kind>
         <file>rtsv7M4_T_le_v4SPD16_eabi.lib</file>
         <name>ldexp.obj</name>
      </input_file>
      <input_file id="fl-14e">
         <path>C:\ti\ccsv6\tools\compiler\ti-cgt-arm_5.2.6\lib\</path>
         <kind>archive</kind>
         <file>rtsv7M4_T_le_v4SPD16_eabi.lib</file>
         <name>lowlev.obj</name>
      </input_file>
      <input_file id="fl-14f">
         <path>C:\ti\ccsv6\tools\compiler\ti-cgt-arm_5.2.6\lib\</path>
         <kind>archive</kind>
         <file>rtsv7M4_T_le_v4SPD16_eabi.lib</file>
         <name>ltoa.obj</name>
      </input_file>
      <input_file id="fl-150">
         <path>C:\ti\ccsv6\tools\compiler\ti-cgt-arm_5.2.6\lib\</path>
         <kind>archive</kind>
         <file>rtsv7M4_T_le_v4SPD16_eabi.lib</file>
         <name>memccpy.obj</name>
      </input_file>
      <input_file id="fl-151">
         <path>C:\ti\ccsv6\tools\compiler\ti-cgt-arm_5.2.6\lib\</path>
         <kind>archive</kind>
         <file>rtsv7M4_T_le_v4SPD16_eabi.lib</file>
         <name>memchr.obj</name>
      </input_file>
      <input_file id="fl-152">
         <path>C:\ti\ccsv6\tools\compiler\ti-cgt-arm_5.2.6\lib\</path>
         <kind>archive</kind>
         <file>rtsv7M4_T_le_v4SPD16_eabi.lib</file>
         <name>strchr.obj</name>
      </input_file>
      <input_file id="fl-153">
         <path>C:\ti\ccsv6\tools\compiler\ti-cgt-arm_5.2.6\lib\</path>
         <kind>archive</kind>
         <file>rtsv7M4_T_le_v4SPD16_eabi.lib</file>
         <name>strcmp.obj</name>
      </input_file>
      <input_file id="fl-154">
         <path>C:\ti\ccsv6\tools\compiler\ti-cgt-arm_5.2.6\lib\</path>
         <kind>archive</kind>
         <file>rtsv7M4_T_le_v4SPD16_eabi.lib</file>
         <name>strncpy.obj</name>
      </input_file>
      <input_file id="fl-155">
         <path>C:\ti\ccsv6\tools\compiler\ti-cgt-arm_5.2.6\lib\</path>
         <kind>archive</kind>
         <file>rtsv7M4_T_le_v4SPD16_eabi.lib</file>
         <name>trgdrv.obj</name>
      </input_file>
      <input_file id="fl-156">
         <path>C:\ti\ccsv6\tools\compiler\ti-cgt-arm_5.2.6\lib\</path>
         <kind>archive</kind>
         <file>rtsv7M4_T_le_v4SPD16_eabi.lib</file>
         <name>trgmsg.obj</name>
      </input_file>
      <input_file id="fl-157">
         <path>C:\ti\ccsv6\tools\compiler\ti-cgt-arm_5.2.6\lib\</path>
         <kind>archive</kind>
         <file>rtsv7M4_T_le_v4SPD16_eabi.lib</file>
         <name>ull_div_t2.obj</name>
      </input_file>
      <input_file id="fl-158">
         <path>C:\ti\ccsv6\tools\compiler\ti-cgt-arm_5.2.6\lib\</path>
         <kind>archive</kind>
         <file>rtsv7M4_T_le_v4SPD16_eabi.lib</file>
         <name>xdclass.obj</name>
      </input_file>
      <input_file id="fl-159">
         <path>C:\ti\ccsv6\tools\compiler\ti-cgt-arm_5.2.6\lib\</path>
         <kind>archive</kind>
         <file>rtsv7M4_T_le_v4SPD16_eabi.lib</file>
         <name>xdscale.obj</name>
      </input_file>
      <input_file id="fl-15a">
         <path>C:\ti\ccsv6\tools\compiler\ti-cgt-arm_5.2.6\lib\</path>
         <kind>archive</kind>
         <file>rtsv7M4_T_le_v4SPD16_eabi.lib</file>
         <name>xdunscal.obj</name>
      </input_file>
      <input_file id="fl-15b">
         <path>C:\ti\ccsv6\tools\compiler\ti-cgt-arm_5.2.6\lib\</path>
         <kind>archive</kind>
         <file>rtsv7M4_T_le_v4SPD16_eabi.lib</file>
         <name>xferaise.obj</name>
      </input_file>
      <input_file id="fl-15c">
         <path>C:\ti\ccsv6\tools\compiler\ti-cgt-arm_5.2.6\lib\</path>
         <kind>archive</kind>
         <file>rtsv7M4_T_le_v4SPD16_eabi.lib</file>
         <name>xvalues.obj</name>
      </input_file>
      <input_file id="fl-15d">
         <path>C:\ti\ccsv6\tools\compiler\ti-cgt-arm_5.2.6\lib\</path>
         <kind>archive</kind>
         <file>rtsv7M4_T_le_v4SPD16_eabi.lib</file>
         <name>_io_perm.obj</name>
      </input_file>
      <input_file id="fl-15e">
         <path>C:\ti\ccsv6\tools\compiler\ti-cgt-arm_5.2.6\lib\</path>
         <kind>archive</kind>
         <file>rtsv7M4_T_le_v4SPD16_eabi.lib</file>
         <name>errno.obj</name>
      </input_file>
      <input_file id="fl-15f">
         <path>C:\ti\ccsv6\tools\compiler\ti-cgt-arm_5.2.6\lib\</path>
         <kind>archive</kind>
         <file>rtsv7M4_T_le_v4SPD16_eabi.lib</file>
         <name>feraiseexcept.obj</name>
      </input_file>
      <input_file id="fl-160">
         <path>C:\ti\ccsv6\tools\compiler\ti-cgt-arm_5.2.6\lib\</path>
         <kind>archive</kind>
         <file>rtsv7M4_T_le_v4SPD16_eabi.lib</file>
         <name>fflush.obj</name>
      </input_file>
      <input_file id="fl-161">
         <path>C:\ti\ccsv6\tools\compiler\ti-cgt-arm_5.2.6\lib\</path>
         <kind>archive</kind>
         <file>rtsv7M4_T_le_v4SPD16_eabi.lib</file>
         <name>fseek.obj</name>
      </input_file>
      <input_file id="fl-162">
         <path>C:\ti\ccsv6\tools\compiler\ti-cgt-arm_5.2.6\lib\</path>
         <kind>archive</kind>
         <file>rtsv7M4_T_le_v4SPD16_eabi.lib</file>
         <name>raise.obj</name>
      </input_file>
      <input_file id="fl-163">
         <path>C:\ti\ccsv6\tools\compiler\ti-cgt-arm_5.2.6\lib\</path>
         <kind>archive</kind>
         <file>rtsv7M4_T_le_v4SPD16_eabi.lib</file>
         <name>setvbuf.obj</name>
      </input_file>
      <input_file id="fl-164">
         <path>C:\ti\ccsv6\tools\compiler\ti-cgt-arm_5.2.6\lib\</path>
         <kind>archive</kind>
         <file>rtsv7M4_T_le_v4SPD16_eabi.lib</file>
         <name>signal.obj</name>
      </input_file>
      <input_file id="fl-165">
         <path>C:\ti\ccsv6\tools\compiler\ti-cgt-arm_5.2.6\lib\</path>
         <kind>archive</kind>
         <file>rtsv7M4_T_le_v4SPD16_eabi.lib</file>
         <name>strcpy.obj</name>
      </input_file>
      <input_file id="fl-166">
         <path>C:\ti\ccsv6\tools\compiler\ti-cgt-arm_5.2.6\lib\</path>
         <kind>archive</kind>
         <file>rtsv7M4_T_le_v4SPD16_eabi.lib</file>
         <name>xdnorm.obj</name>
      </input_file>
      <input_file id="fl-167">
         <path>C:\ti\ccsv6\tools\compiler\ti-cgt-arm_5.2.6\lib\</path>
         <kind>archive</kind>
         <file>rtsv7M4_T_le_v4SPD16_eabi.lib</file>
         <name>fopen.obj</name>
      </input_file>
      <input_file id="fl-168">
         <path>C:\ti\ccsv6\tools\compiler\ti-cgt-arm_5.2.6\lib\</path>
         <kind>archive</kind>
         <file>rtsv7M4_T_le_v4SPD16_eabi.lib</file>
         <name>memory.obj</name>
      </input_file>
      <input_file id="fl-169">
         <path>C:\ti\ccsv6\tools\compiler\ti-cgt-arm_5.2.6\lib\</path>
         <kind>archive</kind>
         <file>rtsv7M4_T_le_v4SPD16_eabi.lib</file>
         <name>fclose.obj</name>
      </input_file>
      <input_file id="fl-16a">
         <path>C:\ti\ccsv6\tools\compiler\ti-cgt-arm_5.2.6\lib\</path>
         <kind>archive</kind>
         <file>rtsv7M4_T_le_v4SPD16_eabi.lib</file>
         <name>remove.obj</name>
      </input_file>
   </input_file_list>
   <object_component_list>
      <object_component id="oc-f">
         <name>.intvecs</name>
         <load_address>0x0</load_address>
         <run_address>0x0</run_address>
         <size>0x26c</size>
         <input_file_ref idref="fl-4"/>
      </object_component>
      <object_component id="oc-1de">
         <name>.text</name>
         <load_address>0x26c</load_address>
         <run_address>0x26c</run_address>
         <size>0x10ba</size>
         <input_file_ref idref="fl-13d"/>
      </object_component>
      <object_component id="oc-9f">
         <name>.text</name>
         <load_address>0x1328</load_address>
         <run_address>0x1328</run_address>
         <size>0x550</size>
         <input_file_ref idref="fl-3"/>
      </object_component>
      <object_component id="oc-31b">
         <name>.text</name>
         <load_address>0x1878</load_address>
         <run_address>0x1878</run_address>
         <size>0x3dc</size>
         <input_file_ref idref="fl-168"/>
      </object_component>
      <object_component id="oc-22d">
         <name>.text</name>
         <load_address>0x1c54</load_address>
         <run_address>0x1c54</run_address>
         <size>0x30c</size>
         <input_file_ref idref="fl-14e"/>
      </object_component>
      <object_component id="oc-338">
         <name>.text</name>
         <load_address>0x1f60</load_address>
         <run_address>0x1f60</run_address>
         <size>0x2d4</size>
         <input_file_ref idref="fl-155"/>
      </object_component>
      <object_component id="oc-23d">
         <name>.text</name>
         <load_address>0x2234</load_address>
         <run_address>0x2234</run_address>
         <size>0x1f4</size>
         <input_file_ref idref="fl-157"/>
      </object_component>
      <object_component id="oc-321">
         <name>.text</name>
         <load_address>0x2428</load_address>
         <run_address>0x2428</run_address>
         <size>0x1c4</size>
         <input_file_ref idref="fl-167"/>
      </object_component>
      <object_component id="oc-266">
         <name>.text</name>
         <load_address>0x25ec</load_address>
         <run_address>0x25ec</run_address>
         <size>0x1b6</size>
         <input_file_ref idref="fl-144"/>
      </object_component>
      <object_component id="oc-24c">
         <name>.text</name>
         <load_address>0x27a2</load_address>
         <run_address>0x27a2</run_address>
         <size>0x136</size>
         <input_file_ref idref="fl-146"/>
      </object_component>
      <object_component id="oc-1d8">
         <name>.text</name>
         <load_address>0x28d8</load_address>
         <run_address>0x28d8</run_address>
         <size>0x134</size>
         <input_file_ref idref="fl-14a"/>
      </object_component>
      <object_component id="oc-1a9">
         <name>.text:GPIOPadConfigSet</name>
         <load_address>0x2a0c</load_address>
         <run_address>0x2a0c</run_address>
         <size>0x130</size>
         <input_file_ref idref="fl-a"/>
      </object_component>
      <object_component id="oc-2f5">
         <name>.text</name>
         <load_address>0x2b3c</load_address>
         <run_address>0x2b3c</run_address>
         <size>0x110</size>
         <input_file_ref idref="fl-159"/>
      </object_component>
      <object_component id="oc-e5">
         <name>.text:SysCtlClockGet</name>
         <load_address>0x2c4c</load_address>
         <run_address>0x2c4c</run_address>
         <size>0x10c</size>
         <input_file_ref idref="fl-c"/>
      </object_component>
      <object_component id="oc-247">
         <name>.text</name>
         <load_address>0x2d58</load_address>
         <run_address>0x2d58</run_address>
         <size>0xfc</size>
         <input_file_ref idref="fl-147"/>
      </object_component>
      <object_component id="oc-158">
         <name>.text:SysCtlClockSet</name>
         <load_address>0x2e54</load_address>
         <run_address>0x2e54</run_address>
         <size>0xf0</size>
         <input_file_ref idref="fl-c"/>
      </object_component>
      <object_component id="oc-2b9">
         <name>.text</name>
         <load_address>0x2f44</load_address>
         <run_address>0x2f44</run_address>
         <size>0xdc</size>
         <input_file_ref idref="fl-163"/>
      </object_component>
      <object_component id="oc-227">
         <name>.text</name>
         <load_address>0x3020</load_address>
         <run_address>0x3020</run_address>
         <size>0xc8</size>
         <input_file_ref idref="fl-160"/>
      </object_component>
      <object_component id="oc-34b">
         <name>.text</name>
         <load_address>0x30e8</load_address>
         <run_address>0x30e8</run_address>
         <size>0xbe</size>
         <input_file_ref idref="fl-166"/>
      </object_component>
      <object_component id="oc-221">
         <name>.text</name>
         <load_address>0x31a6</load_address>
         <run_address>0x31a6</run_address>
         <size>0xac</size>
         <input_file_ref idref="fl-15d"/>
      </object_component>
      <object_component id="oc-36">
         <name>.text</name>
         <load_address>0x3252</load_address>
         <run_address>0x3252</run_address>
         <size>0x9c</size>
         <input_file_ref idref="fl-135"/>
      </object_component>
      <object_component id="oc-377">
         <name>.text</name>
         <load_address>0x32f0</load_address>
         <run_address>0x32f0</run_address>
         <size>0x98</size>
         <input_file_ref idref="fl-169"/>
      </object_component>
      <object_component id="oc-1d2">
         <name>.text</name>
         <load_address>0x3388</load_address>
         <run_address>0x3388</run_address>
         <size>0x98</size>
         <input_file_ref idref="fl-149"/>
      </object_component>
      <object_component id="oc-242">
         <name>.text:__aeabi_cdcmple</name>
         <load_address>0x3420</load_address>
         <run_address>0x3420</run_address>
         <size>0x86</size>
         <input_file_ref idref="fl-145"/>
      </object_component>
      <object_component id="oc-251">
         <name>.text:__aeabi_cdrcmple</name>
         <load_address>0x34a6</load_address>
         <run_address>0x34a6</run_address>
         <size>0x86</size>
         <input_file_ref idref="fl-145"/>
      </object_component>
      <object_component id="oc-4f">
         <name>.text</name>
         <load_address>0x352c</load_address>
         <run_address>0x352c</run_address>
         <size>0x7a</size>
         <input_file_ref idref="fl-136"/>
      </object_component>
      <object_component id="oc-142">
         <name>.text</name>
         <load_address>0x35a8</load_address>
         <run_address>0x35a8</run_address>
         <size>0x70</size>
         <input_file_ref idref="fl-138"/>
      </object_component>
      <object_component id="oc-61">
         <name>.text</name>
         <load_address>0x3618</load_address>
         <run_address>0x3618</run_address>
         <size>0x6c</size>
         <input_file_ref idref="fl-140"/>
      </object_component>
      <object_component id="oc-42">
         <name>.text</name>
         <load_address>0x3684</load_address>
         <run_address>0x3684</run_address>
         <size>0x6a</size>
         <input_file_ref idref="fl-132"/>
      </object_component>
      <object_component id="oc-10f">
         <name>.text:IntEnable</name>
         <load_address>0x36f0</load_address>
         <run_address>0x36f0</run_address>
         <size>0x68</size>
         <input_file_ref idref="fl-b"/>
      </object_component>
      <object_component id="oc-386">
         <name>.text</name>
         <load_address>0x3758</load_address>
         <run_address>0x3758</run_address>
         <size>0x68</size>
         <input_file_ref idref="fl-156"/>
      </object_component>
      <object_component id="oc-2ed">
         <name>.text</name>
         <load_address>0x37c0</load_address>
         <run_address>0x37c0</run_address>
         <size>0x66</size>
         <input_file_ref idref="fl-15a"/>
      </object_component>
      <object_component id="oc-2b3">
         <name>.text</name>
         <load_address>0x3828</load_address>
         <run_address>0x3828</run_address>
         <size>0x64</size>
         <input_file_ref idref="fl-161"/>
      </object_component>
      <object_component id="oc-15e">
         <name>.text</name>
         <load_address>0x388c</load_address>
         <run_address>0x388c</run_address>
         <size>0x60</size>
         <input_file_ref idref="fl-139"/>
      </object_component>
      <object_component id="oc-25b">
         <name>.text</name>
         <load_address>0x38ec</load_address>
         <run_address>0x38ec</run_address>
         <size>0x56</size>
         <input_file_ref idref="fl-14f"/>
      </object_component>
      <object_component id="oc-271">
         <name>.text</name>
         <load_address>0x3942</load_address>
         <run_address>0x3942</run_address>
         <size>0x52</size>
         <input_file_ref idref="fl-14d"/>
      </object_component>
      <object_component id="oc-24">
         <name>.text</name>
         <load_address>0x3994</load_address>
         <run_address>0x3994</run_address>
         <size>0x50</size>
         <input_file_ref idref="fl-130"/>
      </object_component>
      <object_component id="oc-289">
         <name>.text</name>
         <load_address>0x39e4</load_address>
         <run_address>0x39e4</run_address>
         <size>0x4c</size>
         <input_file_ref idref="fl-13f"/>
      </object_component>
      <object_component id="oc-97">
         <name>.text</name>
         <load_address>0x3a30</load_address>
         <run_address>0x3a30</run_address>
         <size>0x4c</size>
         <input_file_ref idref="fl-141"/>
      </object_component>
      <object_component id="oc-f7">
         <name>.text:GPIOPinConfigure</name>
         <load_address>0x3a7c</load_address>
         <run_address>0x3a7c</run_address>
         <size>0x48</size>
         <input_file_ref idref="fl-a"/>
      </object_component>
      <object_component id="oc-256">
         <name>.text</name>
         <load_address>0x3ac4</load_address>
         <run_address>0x3ac4</run_address>
         <size>0x48</size>
         <input_file_ref idref="fl-148"/>
      </object_component>
      <object_component id="oc-6d">
         <name>.text</name>
         <load_address>0x3b0c</load_address>
         <run_address>0x3b0c</run_address>
         <size>0x44</size>
         <input_file_ref idref="fl-134"/>
      </object_component>
      <object_component id="oc-eb">
         <name>.text:UARTConfigSetExpClk</name>
         <load_address>0x3b50</load_address>
         <run_address>0x3b50</run_address>
         <size>0x42</size>
         <input_file_ref idref="fl-d"/>
      </object_component>
      <object_component id="oc-1c1">
         <name>.text:_UARTIntNumberGet</name>
         <load_address>0x3b94</load_address>
         <run_address>0x3b94</run_address>
         <size>0x40</size>
         <input_file_ref idref="fl-d"/>
      </object_component>
      <object_component id="oc-3ca">
         <name>.text</name>
         <load_address>0x3bd4</load_address>
         <run_address>0x3bd4</run_address>
         <size>0x40</size>
         <input_file_ref idref="fl-164"/>
      </object_component>
      <object_component id="oc-1c7">
         <name>.text:IntRegister</name>
         <load_address>0x3c14</load_address>
         <run_address>0x3c14</run_address>
         <size>0x34</size>
         <input_file_ref idref="fl-b"/>
      </object_component>
      <object_component id="oc-d8">
         <name>.text:SysCtlPeripheralEnable</name>
         <load_address>0x3c48</load_address>
         <run_address>0x3c48</run_address>
         <size>0x34</size>
         <input_file_ref idref="fl-c"/>
      </object_component>
      <object_component id="oc-35a">
         <name>.text</name>
         <load_address>0x3c7c</load_address>
         <run_address>0x3c7c</run_address>
         <size>0x34</size>
         <input_file_ref idref="fl-15f"/>
      </object_component>
      <object_component id="oc-2cc">
         <name>.text</name>
         <load_address>0x3cb0</load_address>
         <run_address>0x3cb0</run_address>
         <size>0x30</size>
         <input_file_ref idref="fl-154"/>
      </object_component>
      <object_component id="oc-27d">
         <name>.text</name>
         <load_address>0x3ce0</load_address>
         <run_address>0x3ce0</run_address>
         <size>0x30</size>
         <input_file_ref idref="fl-158"/>
      </object_component>
      <object_component id="oc-2fb">
         <name>.text</name>
         <load_address>0x3d10</load_address>
         <run_address>0x3d10</run_address>
         <size>0x30</size>
         <input_file_ref idref="fl-15b"/>
      </object_component>
      <object_component id="oc-261">
         <name>.text</name>
         <load_address>0x3d40</load_address>
         <run_address>0x3d40</run_address>
         <size>0x2e</size>
         <input_file_ref idref="fl-14c"/>
      </object_component>
      <object_component id="oc-3a8">
         <name>.text</name>
         <load_address>0x3d6e</load_address>
         <run_address>0x3d6e</run_address>
         <size>0x2e</size>
         <input_file_ref idref="fl-162"/>
      </object_component>
      <object_component id="oc-1af">
         <name>.text:GPIODirModeSet</name>
         <load_address>0x3d9c</load_address>
         <run_address>0x3d9c</run_address>
         <size>0x2a</size>
         <input_file_ref idref="fl-a"/>
      </object_component>
      <object_component id="oc-26b">
         <name>.text</name>
         <load_address>0x3dc6</load_address>
         <run_address>0x3dc6</run_address>
         <size>0x2a</size>
         <input_file_ref idref="fl-14b"/>
      </object_component>
      <object_component id="oc-235">
         <name>.text</name>
         <load_address>0x3df0</load_address>
         <run_address>0x3df0</run_address>
         <size>0x20</size>
         <input_file_ref idref="fl-151"/>
      </object_component>
      <object_component id="oc-df">
         <name>.text:UARTDisable</name>
         <load_address>0x3e10</load_address>
         <run_address>0x3e10</run_address>
         <size>0x1c</size>
         <input_file_ref idref="fl-d"/>
      </object_component>
      <object_component id="oc-283">
         <name>.text</name>
         <load_address>0x3e2c</load_address>
         <run_address>0x3e2c</run_address>
         <size>0x1c</size>
         <input_file_ref idref="fl-150"/>
      </object_component>
      <object_component id="oc-fd">
         <name>.text:GPIOPinTypeGPIOOutput</name>
         <load_address>0x3e48</load_address>
         <run_address>0x3e48</run_address>
         <size>0x18</size>
         <input_file_ref idref="fl-a"/>
      </object_component>
      <object_component id="oc-12d">
         <name>.text:UARTIntRegister</name>
         <load_address>0x3e60</load_address>
         <run_address>0x3e60</run_address>
         <size>0x18</size>
         <input_file_ref idref="fl-d"/>
      </object_component>
      <object_component id="oc-67">
         <name>.text</name>
         <load_address>0x3e78</load_address>
         <run_address>0x3e78</run_address>
         <size>0x18</size>
         <input_file_ref idref="fl-13e"/>
      </object_component>
      <object_component id="oc-2c6">
         <name>.text</name>
         <load_address>0x3e90</load_address>
         <run_address>0x3e90</run_address>
         <size>0x18</size>
         <input_file_ref idref="fl-153"/>
      </object_component>
      <object_component id="oc-277">
         <name>.text</name>
         <load_address>0x3ea8</load_address>
         <run_address>0x3ea8</run_address>
         <size>0x16</size>
         <input_file_ref idref="fl-152"/>
      </object_component>
      <object_component id="oc-133">
         <name>.text:UARTEnable</name>
         <load_address>0x3ebe</load_address>
         <run_address>0x3ebe</run_address>
         <size>0x14</size>
         <input_file_ref idref="fl-d"/>
      </object_component>
      <object_component id="oc-182">
         <name>.text</name>
         <load_address>0x3ed4</load_address>
         <run_address>0x3ed4</run_address>
         <size>0x14</size>
         <input_file_ref idref="fl-13c"/>
      </object_component>
      <object_component id="oc-38c">
         <name>.text</name>
         <load_address>0x3ee8</load_address>
         <run_address>0x3ee8</run_address>
         <size>0x14</size>
         <input_file_ref idref="fl-165"/>
      </object_component>
      <object_component id="oc-cc">
         <name>.text</name>
         <load_address>0x3efc</load_address>
         <run_address>0x3efc</run_address>
         <size>0x14</size>
         <input_file_ref idref="fl-13b"/>
      </object_component>
      <object_component id="oc-103">
         <name>.text:GPIOPinTypeGPIOInput</name>
         <load_address>0x3f10</load_address>
         <run_address>0x3f10</run_address>
         <size>0x12</size>
         <input_file_ref idref="fl-a"/>
      </object_component>
      <object_component id="oc-109">
         <name>.text:GPIOPinTypeUART</name>
         <load_address>0x3f22</load_address>
         <run_address>0x3f22</run_address>
         <size>0x12</size>
         <input_file_ref idref="fl-a"/>
      </object_component>
      <object_component id="oc-16a">
         <name>.text:UARTCharGetNonBlocking</name>
         <load_address>0x3f34</load_address>
         <run_address>0x3f34</run_address>
         <size>0xe</size>
         <input_file_ref idref="fl-d"/>
      </object_component>
      <object_component id="oc-12">
         <name>.text:decompress:none</name>
         <load_address>0x3f42</load_address>
         <run_address>0x3f42</run_address>
         <size>0xe</size>
         <input_file_ref idref="fl-131"/>
      </object_component>
      <object_component id="oc-164">
         <name>.text:UARTCharsAvail</name>
         <load_address>0x3f50</load_address>
         <run_address>0x3f50</run_address>
         <size>0xc</size>
         <input_file_ref idref="fl-d"/>
      </object_component>
      <object_component id="oc-11b">
         <name>.text:UARTTxIntModeSet</name>
         <load_address>0x3f5c</load_address>
         <run_address>0x3f5c</run_address>
         <size>0xc</size>
         <input_file_ref idref="fl-d"/>
      </object_component>
      <object_component id="oc-1e">
         <name>.text:decompress:ZI</name>
         <load_address>0x3f68</load_address>
         <run_address>0x3f68</run_address>
         <size>0xc</size>
         <input_file_ref idref="fl-133"/>
      </object_component>
      <object_component id="oc-2d">
         <name>.text</name>
         <load_address>0x3f74</load_address>
         <run_address>0x3f74</run_address>
         <size>0xc</size>
         <input_file_ref idref="fl-4"/>
      </object_component>
      <object_component id="oc-14e">
         <name>.text:UARTCharGet</name>
         <load_address>0x3f80</load_address>
         <run_address>0x3f80</run_address>
         <size>0xa</size>
         <input_file_ref idref="fl-d"/>
      </object_component>
      <object_component id="oc-d2">
         <name>.text:UARTCharPut</name>
         <load_address>0x3f8a</load_address>
         <run_address>0x3f8a</run_address>
         <size>0xa</size>
         <input_file_ref idref="fl-d"/>
      </object_component>
      <object_component id="oc-f1">
         <name>.text:UARTFIFODisable</name>
         <load_address>0x3f94</load_address>
         <run_address>0x3f94</run_address>
         <size>0xa</size>
         <input_file_ref idref="fl-d"/>
      </object_component>
      <object_component id="oc-127">
         <name>.text:UARTIntDisable</name>
         <load_address>0x3f9e</load_address>
         <run_address>0x3f9e</run_address>
         <size>0xa</size>
         <input_file_ref idref="fl-d"/>
      </object_component>
      <object_component id="oc-13c">
         <name>.text:UARTIntStatus</name>
         <load_address>0x3fa8</load_address>
         <run_address>0x3fa8</run_address>
         <size>0xa</size>
         <input_file_ref idref="fl-d"/>
      </object_component>
      <object_component id="oc-115">
         <name>.text:UARTIntEnable</name>
         <load_address>0x3fb2</load_address>
         <run_address>0x3fb2</run_address>
         <size>0x8</size>
         <input_file_ref idref="fl-d"/>
      </object_component>
      <object_component id="oc-de">
         <name>.text:SysCtlDelay</name>
         <load_address>0x3fba</load_address>
         <run_address>0x3fba</run_address>
         <size>0x6</size>
         <input_file_ref idref="fl-c"/>
      </object_component>
      <object_component id="oc-121">
         <name>.text:UARTFIFOLevelSet</name>
         <load_address>0x3fc0</load_address>
         <run_address>0x3fc0</run_address>
         <size>0x6</size>
         <input_file_ref idref="fl-d"/>
      </object_component>
      <object_component id="oc-18">
         <name>.text:decompress:rle24</name>
         <load_address>0x3fc6</load_address>
         <run_address>0x3fc6</run_address>
         <size>0x6</size>
         <input_file_ref idref="fl-132"/>
      </object_component>
      <object_component id="oc-148">
         <name>.text:UARTIntClear</name>
         <load_address>0x3fcc</load_address>
         <run_address>0x3fcc</run_address>
         <size>0x4</size>
         <input_file_ref idref="fl-d"/>
      </object_component>
      <object_component id="oc-5b">
         <name>.text</name>
         <load_address>0x3fd0</load_address>
         <run_address>0x3fd0</run_address>
         <size>0x4</size>
         <input_file_ref idref="fl-137"/>
      </object_component>
      <object_component id="oc-309">
         <name>.const:.string:_ctypes_</name>
         <load_address>0x3fd4</load_address>
         <run_address>0x3fd4</run_address>
         <size>0x101</size>
         <input_file_ref idref="fl-142"/>
      </object_component>
      <object_component id="oc-1a4">
         <name>.const:g_pui32GPIOBaseAddrs</name>
         <load_address>0x40d8</load_address>
         <run_address>0x40d8</run_address>
         <size>0x90</size>
         <input_file_ref idref="fl-a"/>
      </object_component>
      <object_component id="oc-1b8">
         <name>.const</name>
         <load_address>0x4168</load_address>
         <run_address>0x4168</run_address>
         <size>0x70</size>
         <input_file_ref idref="fl-b"/>
      </object_component>
      <object_component id="oc-19e">
         <name>.const:g_pui32Xtals</name>
         <load_address>0x41d8</load_address>
         <run_address>0x41d8</run_address>
         <size>0x6c</size>
         <input_file_ref idref="fl-c"/>
      </object_component>
      <object_component id="oc-216">
         <name>.const:g_ppui32UARTIntMap</name>
         <load_address>0x4244</load_address>
         <run_address>0x4244</run_address>
         <size>0x40</size>
         <input_file_ref idref="fl-d"/>
      </object_component>
      <object_component id="oc-219">
         <name>.const:g_ppui32UARTIntMapSnowflake</name>
         <load_address>0x4284</load_address>
         <run_address>0x4284</run_address>
         <size>0x40</size>
         <input_file_ref idref="fl-d"/>
      </object_component>
      <object_component id="oc-41b">
         <name>.cinit..data.load</name>
         <load_address>0x42c8</load_address>
         <run_address>0x42c8</run_address>
         <size>0xad</size>
      </object_component>
      <object_component id="oc-418">
         <name>__TI_handler_table</name>
         <load_address>0x4378</load_address>
         <run_address>0x4378</run_address>
         <size>0xc</size>
      </object_component>
      <object_component id="oc-41c">
         <name>.cinit..bss.load</name>
         <load_address>0x4388</load_address>
         <run_address>0x4388</run_address>
         <size>0x8</size>
      </object_component>
      <object_component id="oc-41a">
         <name>.cinit..vtable.load</name>
         <load_address>0x4390</load_address>
         <run_address>0x4390</run_address>
         <size>0x8</size>
      </object_component>
      <object_component id="oc-419">
         <name>__TI_cinit_table</name>
         <load_address>0x4398</load_address>
         <run_address>0x4398</run_address>
         <size>0x18</size>
      </object_component>
      <object_component id="oc-21d">
         <name>.vtable</name>
         <uninitialized>true</uninitialized>
         <run_address>0x20000000</run_address>
         <size>0x26c</size>
         <input_file_ref idref="fl-b"/>
      </object_component>
      <object_component id="oc-2a">
         <name>.sysmem</name>
         <uninitialized>true</uninitialized>
         <run_address>0x20001b20</run_address>
         <size>0x8</size>
         <input_file_ref idref="fl-168"/>
      </object_component>
      <object_component id="oc-41e">
         <name>.sysmem</name>
         <uninitialized>true</uninitialized>
         <run_address>0x20001b20</run_address>
         <size>0x0</size>
      </object_component>
      <object_component id="oc-29">
         <name>.stack</name>
         <uninitialized>true</uninitialized>
         <run_address>0x2000026c</run_address>
         <size>0x0</size>
         <input_file_ref idref="fl-130"/>
      </object_component>
      <object_component id="oc-41d">
         <name>.stack</name>
         <uninitialized>true</uninitialized>
         <run_address>0x2000026c</run_address>
         <size>0x0</size>
      </object_component>
      <object_component id="oc-3b8">
         <name>.bss:__TI_tmpnams</name>
         <uninitialized>true</uninitialized>
         <run_address>0x20001a50</run_address>
         <size>0xa0</size>
         <input_file_ref idref="fl-143"/>
      </object_component>
      <object_component id="oc-3bf">
         <name>.bss:__CIOBUF_</name>
         <uninitialized>true</uninitialized>
         <run_address>0x20001930</run_address>
         <size>0x120</size>
         <input_file_ref idref="fl-156"/>
      </object_component>
      <object_component id="oc-154">
         <name>.common:array_tx</name>
         <uninitialized>true</uninitialized>
         <run_address>0x20001b04</run_address>
         <size>0x14</size>
      </object_component>
      <object_component id="oc-157">
         <name>.common:array_rx</name>
         <uninitialized>true</uninitialized>
         <run_address>0x20001af0</run_address>
         <size>0x14</size>
      </object_component>
      <object_component id="oc-392">
         <name>.common:parmbuf</name>
         <uninitialized>true</uninitialized>
         <run_address>0x20001b18</run_address>
         <size>0x8</size>
      </object_component>
      <object_component id="oc-139">
         <name>.data</name>
         <load_address>0x20001904</load_address>
         <run_address>0x20001904</run_address>
         <size>0x8</size>
         <input_file_ref idref="fl-3"/>
      </object_component>
      <object_component id="oc-aa">
         <name>.data</name>
         <load_address>0x20001914</load_address>
         <run_address>0x20001914</run_address>
         <size>0x8</size>
         <input_file_ref idref="fl-134"/>
      </object_component>
      <object_component id="oc-73">
         <name>.data</name>
         <load_address>0x2000192c</load_address>
         <run_address>0x2000192c</run_address>
         <size>0x4</size>
         <input_file_ref idref="fl-13a"/>
      </object_component>
      <object_component id="oc-a7">
         <name>.data</name>
         <load_address>0x2000190c</load_address>
         <run_address>0x2000190c</run_address>
         <size>0x8</size>
         <input_file_ref idref="fl-13c"/>
      </object_component>
      <object_component id="oc-1e4">
         <name>.data:_ftable</name>
         <load_address>0x200015f8</load_address>
         <run_address>0x200015f8</run_address>
         <size>0xf0</size>
         <input_file_ref idref="fl-143"/>
      </object_component>
      <object_component id="oc-2c1">
         <name>.data</name>
         <load_address>0x200018e8</load_address>
         <run_address>0x200018e8</run_address>
         <size>0x10</size>
         <input_file_ref idref="fl-143"/>
      </object_component>
      <object_component id="oc-2d2">
         <name>.data</name>
         <load_address>0x200016e8</load_address>
         <run_address>0x200016e8</run_address>
         <size>0xd0</size>
         <input_file_ref idref="fl-14e"/>
      </object_component>
      <object_component id="oc-355">
         <name>.data</name>
         <load_address>0x20001868</load_address>
         <run_address>0x20001868</run_address>
         <size>0x80</size>
         <input_file_ref idref="fl-15c"/>
      </object_component>
      <object_component id="oc-360">
         <name>.data</name>
         <load_address>0x20001924</load_address>
         <run_address>0x20001924</run_address>
         <size>0x4</size>
         <input_file_ref idref="fl-15e"/>
      </object_component>
      <object_component id="oc-3ae">
         <name>.data</name>
         <load_address>0x2000191c</load_address>
         <run_address>0x2000191c</run_address>
         <size>0x8</size>
         <input_file_ref idref="fl-15f"/>
      </object_component>
      <object_component id="oc-3e5">
         <name>.data:sigtable</name>
         <load_address>0x200017b8</load_address>
         <run_address>0x200017b8</run_address>
         <size>0xb0</size>
         <input_file_ref idref="fl-164"/>
      </object_component>
      <object_component id="oc-37d">
         <name>.data</name>
         <load_address>0x20001928</load_address>
         <run_address>0x20001928</run_address>
         <size>0x4</size>
         <input_file_ref idref="fl-167"/>
      </object_component>
      <object_component id="oc-373">
         <name>.data</name>
         <load_address>0x200018f8</load_address>
         <run_address>0x200018f8</run_address>
         <size>0xc</size>
         <input_file_ref idref="fl-168"/>
      </object_component>
      <object_component id="oc-2aa">
         <name>.debug_info</name>
         <load_address>0x0</load_address>
         <run_address>0x0</run_address>
         <size>0x23e</size>
         <input_file_ref idref="fl-2"/>
      </object_component>
      <object_component id="oc-7e">
         <name>.debug_info</name>
         <load_address>0x23e</load_address>
         <run_address>0x23e</run_address>
         <size>0x84</size>
         <input_file_ref idref="fl-2"/>
      </object_component>
      <object_component id="oc-176">
         <name>.debug_info</name>
         <load_address>0x2c2</load_address>
         <run_address>0x2c2</run_address>
         <size>0x18b</size>
         <input_file_ref idref="fl-2"/>
      </object_component>
      <object_component id="oc-1e9">
         <name>.debug_info</name>
         <load_address>0x44d</load_address>
         <run_address>0x44d</run_address>
         <size>0x4e</size>
         <input_file_ref idref="fl-2"/>
      </object_component>
      <object_component id="oc-155">
         <name>.debug_info</name>
         <load_address>0x49b</load_address>
         <run_address>0x49b</run_address>
         <size>0x6e0</size>
         <input_file_ref idref="fl-3"/>
      </object_component>
      <object_component id="oc-13a">
         <name>.debug_info</name>
         <load_address>0xb7b</load_address>
         <run_address>0xb7b</run_address>
         <size>0x15d</size>
         <input_file_ref idref="fl-3"/>
      </object_component>
      <object_component id="oc-a0">
         <name>.debug_info</name>
         <load_address>0xcd8</load_address>
         <run_address>0xcd8</run_address>
         <size>0x673</size>
         <input_file_ref idref="fl-3"/>
      </object_component>
      <object_component id="oc-1f2">
         <name>.debug_info</name>
         <load_address>0x134b</load_address>
         <run_address>0x134b</run_address>
         <size>0xc8</size>
         <input_file_ref idref="fl-3"/>
      </object_component>
      <object_component id="oc-171">
         <name>.debug_info</name>
         <load_address>0x1413</load_address>
         <run_address>0x1413</run_address>
         <size>0x8b</size>
         <input_file_ref idref="fl-3"/>
      </object_component>
      <object_component id="oc-35">
         <name>.debug_info</name>
         <load_address>0x149e</load_address>
         <run_address>0x149e</run_address>
         <size>0xf8</size>
         <input_file_ref idref="fl-4"/>
      </object_component>
      <object_component id="oc-10">
         <name>.debug_info</name>
         <load_address>0x1596</load_address>
         <run_address>0x1596</run_address>
         <size>0xdd</size>
         <input_file_ref idref="fl-4"/>
      </object_component>
      <object_component id="oc-2e">
         <name>.debug_info</name>
         <load_address>0x1673</load_address>
         <run_address>0x1673</run_address>
         <size>0x254</size>
         <input_file_ref idref="fl-4"/>
      </object_component>
      <object_component id="oc-1a8">
         <name>.debug_info</name>
         <load_address>0x18c7</load_address>
         <run_address>0x18c7</run_address>
         <size>0x230</size>
         <input_file_ref idref="fl-a"/>
      </object_component>
      <object_component id="oc-1a5">
         <name>.debug_info</name>
         <load_address>0x1af7</load_address>
         <run_address>0x1af7</run_address>
         <size>0x15b</size>
         <input_file_ref idref="fl-a"/>
      </object_component>
      <object_component id="oc-1b0">
         <name>.debug_info</name>
         <load_address>0x1c52</load_address>
         <run_address>0x1c52</run_address>
         <size>0x2b3</size>
         <input_file_ref idref="fl-a"/>
      </object_component>
      <object_component id="oc-1aa">
         <name>.debug_info</name>
         <load_address>0x1f05</load_address>
         <run_address>0x1f05</run_address>
         <size>0x316</size>
         <input_file_ref idref="fl-a"/>
      </object_component>
      <object_component id="oc-10a">
         <name>.debug_info</name>
         <load_address>0x221b</load_address>
         <run_address>0x221b</run_address>
         <size>0x2ab</size>
         <input_file_ref idref="fl-a"/>
      </object_component>
      <object_component id="oc-fe">
         <name>.debug_info</name>
         <load_address>0x24c6</load_address>
         <run_address>0x24c6</run_address>
         <size>0x2b7</size>
         <input_file_ref idref="fl-a"/>
      </object_component>
      <object_component id="oc-104">
         <name>.debug_info</name>
         <load_address>0x277d</load_address>
         <run_address>0x277d</run_address>
         <size>0x2b5</size>
         <input_file_ref idref="fl-a"/>
      </object_component>
      <object_component id="oc-f8">
         <name>.debug_info</name>
         <load_address>0x2a32</load_address>
         <run_address>0x2a32</run_address>
         <size>0x280</size>
         <input_file_ref idref="fl-a"/>
      </object_component>
      <object_component id="oc-1bc">
         <name>.debug_info</name>
         <load_address>0x2cb2</load_address>
         <run_address>0x2cb2</run_address>
         <size>0x20e</size>
         <input_file_ref idref="fl-b"/>
      </object_component>
      <object_component id="oc-1b9">
         <name>.debug_info</name>
         <load_address>0x2ec0</load_address>
         <run_address>0x2ec0</run_address>
         <size>0x210</size>
         <input_file_ref idref="fl-b"/>
      </object_component>
      <object_component id="oc-21e">
         <name>.debug_info</name>
         <load_address>0x30d0</load_address>
         <run_address>0x30d0</run_address>
         <size>0x157</size>
         <input_file_ref idref="fl-b"/>
      </object_component>
      <object_component id="oc-1c8">
         <name>.debug_info</name>
         <load_address>0x3227</load_address>
         <run_address>0x3227</run_address>
         <size>0x2c1</size>
         <input_file_ref idref="fl-b"/>
      </object_component>
      <object_component id="oc-110">
         <name>.debug_info</name>
         <load_address>0x34e8</load_address>
         <run_address>0x34e8</run_address>
         <size>0x268</size>
         <input_file_ref idref="fl-b"/>
      </object_component>
      <object_component id="oc-19c">
         <name>.debug_info</name>
         <load_address>0x3750</load_address>
         <run_address>0x3750</run_address>
         <size>0x27f</size>
         <input_file_ref idref="fl-c"/>
      </object_component>
      <object_component id="oc-19f">
         <name>.debug_info</name>
         <load_address>0x39cf</load_address>
         <run_address>0x39cf</run_address>
         <size>0x14d</size>
         <input_file_ref idref="fl-c"/>
      </object_component>
      <object_component id="oc-d9">
         <name>.debug_info</name>
         <load_address>0x3b1c</load_address>
         <run_address>0x3b1c</run_address>
         <size>0x27d</size>
         <input_file_ref idref="fl-c"/>
      </object_component>
      <object_component id="oc-159">
         <name>.debug_info</name>
         <load_address>0x3d99</load_address>
         <run_address>0x3d99</run_address>
         <size>0x2db</size>
         <input_file_ref idref="fl-c"/>
      </object_component>
      <object_component id="oc-e6">
         <name>.debug_info</name>
         <load_address>0x4074</load_address>
         <run_address>0x4074</run_address>
         <size>0x2b5</size>
         <input_file_ref idref="fl-c"/>
      </object_component>
      <object_component id="oc-205">
         <name>.debug_info</name>
         <load_address>0x4329</load_address>
         <run_address>0x4329</run_address>
         <size>0x5f</size>
         <input_file_ref idref="fl-c"/>
      </object_component>
      <object_component id="oc-19a">
         <name>.debug_info</name>
         <load_address>0x4388</load_address>
         <run_address>0x4388</run_address>
         <size>0x227</size>
         <input_file_ref idref="fl-d"/>
      </object_component>
      <object_component id="oc-217">
         <name>.debug_info</name>
         <load_address>0x45af</load_address>
         <run_address>0x45af</run_address>
         <size>0x157</size>
         <input_file_ref idref="fl-d"/>
      </object_component>
      <object_component id="oc-21a">
         <name>.debug_info</name>
         <load_address>0x4706</load_address>
         <run_address>0x4706</run_address>
         <size>0x169</size>
         <input_file_ref idref="fl-d"/>
      </object_component>
      <object_component id="oc-11c">
         <name>.debug_info</name>
         <load_address>0x486f</load_address>
         <run_address>0x486f</run_address>
         <size>0x285</size>
         <input_file_ref idref="fl-d"/>
      </object_component>
      <object_component id="oc-1c3">
         <name>.debug_info</name>
         <load_address>0x4af4</load_address>
         <run_address>0x4af4</run_address>
         <size>0x27e</size>
         <input_file_ref idref="fl-d"/>
      </object_component>
      <object_component id="oc-13e">
         <name>.debug_info</name>
         <load_address>0x4d72</load_address>
         <run_address>0x4d72</run_address>
         <size>0x27f</size>
         <input_file_ref idref="fl-d"/>
      </object_component>
      <object_component id="oc-12f">
         <name>.debug_info</name>
         <load_address>0x4ff1</load_address>
         <run_address>0x4ff1</run_address>
         <size>0x2dc</size>
         <input_file_ref idref="fl-d"/>
      </object_component>
      <object_component id="oc-117">
         <name>.debug_info</name>
         <load_address>0x52cd</load_address>
         <run_address>0x52cd</run_address>
         <size>0x28f</size>
         <input_file_ref idref="fl-d"/>
      </object_component>
      <object_component id="oc-129">
         <name>.debug_info</name>
         <load_address>0x555c</load_address>
         <run_address>0x555c</run_address>
         <size>0x291</size>
         <input_file_ref idref="fl-d"/>
      </object_component>
      <object_component id="oc-14a">
         <name>.debug_info</name>
         <load_address>0x57ed</load_address>
         <run_address>0x57ed</run_address>
         <size>0x28d</size>
         <input_file_ref idref="fl-d"/>
      </object_component>
      <object_component id="oc-123">
         <name>.debug_info</name>
         <load_address>0x5a7a</load_address>
         <run_address>0x5a7a</run_address>
         <size>0x2cf</size>
         <input_file_ref idref="fl-d"/>
      </object_component>
      <object_component id="oc-f3">
         <name>.debug_info</name>
         <load_address>0x5d49</load_address>
         <run_address>0x5d49</run_address>
         <size>0x251</size>
         <input_file_ref idref="fl-d"/>
      </object_component>
      <object_component id="oc-135">
         <name>.debug_info</name>
         <load_address>0x5f9a</load_address>
         <run_address>0x5f9a</run_address>
         <size>0x247</size>
         <input_file_ref idref="fl-d"/>
      </object_component>
      <object_component id="oc-e1">
         <name>.debug_info</name>
         <load_address>0x61e1</load_address>
         <run_address>0x61e1</run_address>
         <size>0x249</size>
         <input_file_ref idref="fl-d"/>
      </object_component>
      <object_component id="oc-ed">
         <name>.debug_info</name>
         <load_address>0x642a</load_address>
         <run_address>0x642a</run_address>
         <size>0x326</size>
         <input_file_ref idref="fl-d"/>
      </object_component>
      <object_component id="oc-165">
         <name>.debug_info</name>
         <load_address>0x6750</load_address>
         <run_address>0x6750</run_address>
         <size>0x253</size>
         <input_file_ref idref="fl-d"/>
      </object_component>
      <object_component id="oc-d3">
         <name>.debug_info</name>
         <load_address>0x69a3</load_address>
         <run_address>0x69a3</run_address>
         <size>0x273</size>
         <input_file_ref idref="fl-d"/>
      </object_component>
      <object_component id="oc-16b">
         <name>.debug_info</name>
         <load_address>0x6c16</load_address>
         <run_address>0x6c16</run_address>
         <size>0x263</size>
         <input_file_ref idref="fl-d"/>
      </object_component>
      <object_component id="oc-14f">
         <name>.debug_info</name>
         <load_address>0x6e79</load_address>
         <run_address>0x6e79</run_address>
         <size>0x24d</size>
         <input_file_ref idref="fl-d"/>
      </object_component>
      <object_component id="oc-26">
         <name>.debug_info</name>
         <load_address>0x70c6</load_address>
         <run_address>0x70c6</run_address>
         <size>0x134</size>
         <input_file_ref idref="fl-130"/>
      </object_component>
      <object_component id="oc-41">
         <name>.debug_info</name>
         <load_address>0x71fa</load_address>
         <run_address>0x71fa</run_address>
         <size>0x121</size>
         <input_file_ref idref="fl-131"/>
      </object_component>
      <object_component id="oc-14">
         <name>.debug_info</name>
         <load_address>0x731b</load_address>
         <run_address>0x731b</run_address>
         <size>0x1c0</size>
         <input_file_ref idref="fl-131"/>
      </object_component>
      <object_component id="oc-3c">
         <name>.debug_info</name>
         <load_address>0x74db</load_address>
         <run_address>0x74db</run_address>
         <size>0x46</size>
         <input_file_ref idref="fl-131"/>
      </object_component>
      <object_component id="oc-84">
         <name>.debug_info</name>
         <load_address>0x7521</load_address>
         <run_address>0x7521</run_address>
         <size>0x2c</size>
         <input_file_ref idref="fl-131"/>
      </object_component>
      <object_component id="oc-49">
         <name>.debug_info</name>
         <load_address>0x754d</load_address>
         <run_address>0x754d</run_address>
         <size>0x115</size>
         <input_file_ref idref="fl-132"/>
      </object_component>
      <object_component id="oc-43">
         <name>.debug_info</name>
         <load_address>0x7662</load_address>
         <run_address>0x7662</run_address>
         <size>0x228</size>
         <input_file_ref idref="fl-132"/>
      </object_component>
      <object_component id="oc-1c">
         <name>.debug_info</name>
         <load_address>0x788a</load_address>
         <run_address>0x788a</run_address>
         <size>0x192</size>
         <input_file_ref idref="fl-132"/>
      </object_component>
      <object_component id="oc-4a">
         <name>.debug_info</name>
         <load_address>0x7a1c</load_address>
         <run_address>0x7a1c</run_address>
         <size>0x39</size>
         <input_file_ref idref="fl-132"/>
      </object_component>
      <object_component id="oc-8e">
         <name>.debug_info</name>
         <load_address>0x7a55</load_address>
         <run_address>0x7a55</run_address>
         <size>0x2c</size>
         <input_file_ref idref="fl-132"/>
      </object_component>
      <object_component id="oc-5a">
         <name>.debug_info</name>
         <load_address>0x7a81</load_address>
         <run_address>0x7a81</run_address>
         <size>0x110</size>
         <input_file_ref idref="fl-133"/>
      </object_component>
      <object_component id="oc-22">
         <name>.debug_info</name>
         <load_address>0x7b91</load_address>
         <run_address>0x7b91</run_address>
         <size>0x18b</size>
         <input_file_ref idref="fl-133"/>
      </object_component>
      <object_component id="oc-55">
         <name>.debug_info</name>
         <load_address>0x7d1c</load_address>
         <run_address>0x7d1c</run_address>
         <size>0x46</size>
         <input_file_ref idref="fl-133"/>
      </object_component>
      <object_component id="oc-ae">
         <name>.debug_info</name>
         <load_address>0x7d62</load_address>
         <run_address>0x7d62</run_address>
         <size>0x172</size>
         <input_file_ref idref="fl-134"/>
      </object_component>
      <object_component id="oc-ab">
         <name>.debug_info</name>
         <load_address>0x7ed4</load_address>
         <run_address>0x7ed4</run_address>
         <size>0x117</size>
         <input_file_ref idref="fl-134"/>
      </object_component>
      <object_component id="oc-71">
         <name>.debug_info</name>
         <load_address>0x7feb</load_address>
         <run_address>0x7feb</run_address>
         <size>0x1ee</size>
         <input_file_ref idref="fl-134"/>
      </object_component>
      <object_component id="oc-37">
         <name>.debug_info</name>
         <load_address>0x81d9</load_address>
         <run_address>0x81d9</run_address>
         <size>0xf6</size>
         <input_file_ref idref="fl-135"/>
      </object_component>
      <object_component id="oc-52">
         <name>.debug_info</name>
         <load_address>0x82cf</load_address>
         <run_address>0x82cf</run_address>
         <size>0x124</size>
         <input_file_ref idref="fl-136"/>
      </object_component>
      <object_component id="oc-5d">
         <name>.debug_info</name>
         <load_address>0x83f3</load_address>
         <run_address>0x83f3</run_address>
         <size>0x129</size>
         <input_file_ref idref="fl-137"/>
      </object_component>
      <object_component id="oc-1e8">
         <name>.debug_info</name>
         <load_address>0x851c</load_address>
         <run_address>0x851c</run_address>
         <size>0x20d</size>
         <input_file_ref idref="fl-138"/>
      </object_component>
      <object_component id="oc-144">
         <name>.debug_info</name>
         <load_address>0x8729</load_address>
         <run_address>0x8729</run_address>
         <size>0x265</size>
         <input_file_ref idref="fl-138"/>
      </object_component>
      <object_component id="oc-2a5">
         <name>.debug_info</name>
         <load_address>0x898e</load_address>
         <run_address>0x898e</run_address>
         <size>0xae</size>
         <input_file_ref idref="fl-138"/>
      </object_component>
      <object_component id="oc-1f9">
         <name>.debug_info</name>
         <load_address>0x8a3c</load_address>
         <run_address>0x8a3c</run_address>
         <size>0x19c</size>
         <input_file_ref idref="fl-139"/>
      </object_component>
      <object_component id="oc-15f">
         <name>.debug_info</name>
         <load_address>0x8bd8</load_address>
         <run_address>0x8bd8</run_address>
         <size>0x2c5</size>
         <input_file_ref idref="fl-139"/>
      </object_component>
      <object_component id="oc-296">
         <name>.debug_info</name>
         <load_address>0x8e9d</load_address>
         <run_address>0x8e9d</run_address>
         <size>0x2c</size>
         <input_file_ref idref="fl-139"/>
      </object_component>
      <object_component id="oc-74">
         <name>.debug_info</name>
         <load_address>0x8ec9</load_address>
         <run_address>0x8ec9</run_address>
         <size>0xea</size>
         <input_file_ref idref="fl-13a"/>
      </object_component>
      <object_component id="oc-198">
         <name>.debug_info</name>
         <load_address>0x8fb3</load_address>
         <run_address>0x8fb3</run_address>
         <size>0xcb</size>
         <input_file_ref idref="fl-13b"/>
      </object_component>
      <object_component id="oc-cd">
         <name>.debug_info</name>
         <load_address>0x907e</load_address>
         <run_address>0x907e</run_address>
         <size>0x1f7</size>
         <input_file_ref idref="fl-13b"/>
      </object_component>
      <object_component id="oc-18a">
         <name>.debug_info</name>
         <load_address>0x9275</load_address>
         <run_address>0x9275</run_address>
         <size>0x105</size>
         <input_file_ref idref="fl-13c"/>
      </object_component>
      <object_component id="oc-a8">
         <name>.debug_info</name>
         <load_address>0x937a</load_address>
         <run_address>0x937a</run_address>
         <size>0xf4</size>
         <input_file_ref idref="fl-13c"/>
      </object_component>
      <object_component id="oc-185">
         <name>.debug_info</name>
         <load_address>0x946e</load_address>
         <run_address>0x946e</run_address>
         <size>0x200</size>
         <input_file_ref idref="fl-13c"/>
      </object_component>
      <object_component id="oc-290">
         <name>.debug_info</name>
         <load_address>0x966e</load_address>
         <run_address>0x966e</run_address>
         <size>0x338</size>
         <input_file_ref idref="fl-13d"/>
      </object_component>
      <object_component id="oc-1df">
         <name>.debug_info</name>
         <load_address>0x99a6</load_address>
         <run_address>0x99a6</run_address>
         <size>0x17ea</size>
         <input_file_ref idref="fl-13d"/>
      </object_component>
      <object_component id="oc-291">
         <name>.debug_info</name>
         <load_address>0xb190</load_address>
         <run_address>0xb190</run_address>
         <size>0x86</size>
         <input_file_ref idref="fl-13d"/>
      </object_component>
      <object_component id="oc-310">
         <name>.debug_info</name>
         <load_address>0xb216</load_address>
         <run_address>0xb216</run_address>
         <size>0x46</size>
         <input_file_ref idref="fl-13d"/>
      </object_component>
      <object_component id="oc-29b">
         <name>.debug_info</name>
         <load_address>0xb25c</load_address>
         <run_address>0xb25c</run_address>
         <size>0x39</size>
         <input_file_ref idref="fl-13d"/>
      </object_component>
      <object_component id="oc-a6">
         <name>.debug_info</name>
         <load_address>0xb295</load_address>
         <run_address>0xb295</run_address>
         <size>0x147</size>
         <input_file_ref idref="fl-13e"/>
      </object_component>
      <object_component id="oc-68">
         <name>.debug_info</name>
         <load_address>0xb3dc</load_address>
         <run_address>0xb3dc</run_address>
         <size>0x148</size>
         <input_file_ref idref="fl-13e"/>
      </object_component>
      <object_component id="oc-17d">
         <name>.debug_info</name>
         <load_address>0xb524</load_address>
         <run_address>0xb524</run_address>
         <size>0x5e</size>
         <input_file_ref idref="fl-13e"/>
      </object_component>
      <object_component id="oc-30d">
         <name>.debug_info</name>
         <load_address>0xb582</load_address>
         <run_address>0xb582</run_address>
         <size>0xf5</size>
         <input_file_ref idref="fl-13f"/>
      </object_component>
      <object_component id="oc-28c">
         <name>.debug_info</name>
         <load_address>0xb677</load_address>
         <run_address>0xb677</run_address>
         <size>0x152</size>
         <input_file_ref idref="fl-13f"/>
      </object_component>
      <object_component id="oc-9e">
         <name>.debug_info</name>
         <load_address>0xb7c9</load_address>
         <run_address>0xb7c9</run_address>
         <size>0x29e</size>
         <input_file_ref idref="fl-140"/>
      </object_component>
      <object_component id="oc-64">
         <name>.debug_info</name>
         <load_address>0xba67</load_address>
         <run_address>0xba67</run_address>
         <size>0x158</size>
         <input_file_ref idref="fl-140"/>
      </object_component>
      <object_component id="oc-c2">
         <name>.debug_info</name>
         <load_address>0xbbbf</load_address>
         <run_address>0xbbbf</run_address>
         <size>0x39</size>
         <input_file_ref idref="fl-140"/>
      </object_component>
      <object_component id="oc-c7">
         <name>.debug_info</name>
         <load_address>0xbbf8</load_address>
         <run_address>0xbbf8</run_address>
         <size>0xcd</size>
         <input_file_ref idref="fl-140"/>
      </object_component>
      <object_component id="oc-bf">
         <name>.debug_info</name>
         <load_address>0xbcc5</load_address>
         <run_address>0xbcc5</run_address>
         <size>0x1c1</size>
         <input_file_ref idref="fl-141"/>
      </object_component>
      <object_component id="oc-99">
         <name>.debug_info</name>
         <load_address>0xbe86</load_address>
         <run_address>0xbe86</run_address>
         <size>0x164</size>
         <input_file_ref idref="fl-141"/>
      </object_component>
      <object_component id="oc-192">
         <name>.debug_info</name>
         <load_address>0xbfea</load_address>
         <run_address>0xbfea</run_address>
         <size>0x2c</size>
         <input_file_ref idref="fl-141"/>
      </object_component>
      <object_component id="oc-36e">
         <name>.debug_info</name>
         <load_address>0xc016</load_address>
         <run_address>0xc016</run_address>
         <size>0xcf</size>
         <input_file_ref idref="fl-142"/>
      </object_component>
      <object_component id="oc-30a">
         <name>.debug_info</name>
         <load_address>0xc0e5</load_address>
         <run_address>0xc0e5</run_address>
         <size>0xdb</size>
         <input_file_ref idref="fl-142"/>
      </object_component>
      <object_component id="oc-2a2">
         <name>.debug_info</name>
         <load_address>0xc1c0</load_address>
         <run_address>0xc1c0</run_address>
         <size>0xf1</size>
         <input_file_ref idref="fl-143"/>
      </object_component>
      <object_component id="oc-1e5">
         <name>.debug_info</name>
         <load_address>0xc2b1</load_address>
         <run_address>0xc2b1</run_address>
         <size>0xd8</size>
         <input_file_ref idref="fl-143"/>
      </object_component>
      <object_component id="oc-3b9">
         <name>.debug_info</name>
         <load_address>0xc389</load_address>
         <run_address>0xc389</run_address>
         <size>0xe2</size>
         <input_file_ref idref="fl-143"/>
      </object_component>
      <object_component id="oc-2c2">
         <name>.debug_info</name>
         <load_address>0xc46b</load_address>
         <run_address>0xc46b</run_address>
         <size>0x165</size>
         <input_file_ref idref="fl-143"/>
      </object_component>
      <object_component id="oc-269">
         <name>.debug_info</name>
         <load_address>0xc5d0</load_address>
         <run_address>0xc5d0</run_address>
         <size>0x129</size>
         <input_file_ref idref="fl-144"/>
      </object_component>
      <object_component id="oc-244">
         <name>.debug_info</name>
         <load_address>0xc6f9</load_address>
         <run_address>0xc6f9</run_address>
         <size>0x105</size>
         <input_file_ref idref="fl-145"/>
      </object_component>
      <object_component id="oc-253">
         <name>.debug_info</name>
         <load_address>0xc7fe</load_address>
         <run_address>0xc7fe</run_address>
         <size>0x107</size>
         <input_file_ref idref="fl-145"/>
      </object_component>
      <object_component id="oc-24f">
         <name>.debug_info</name>
         <load_address>0xc905</load_address>
         <run_address>0xc905</run_address>
         <size>0x117</size>
         <input_file_ref idref="fl-146"/>
      </object_component>
      <object_component id="oc-248">
         <name>.debug_info</name>
         <load_address>0xca1c</load_address>
         <run_address>0xca1c</run_address>
         <size>0x117</size>
         <input_file_ref idref="fl-147"/>
      </object_component>
      <object_component id="oc-258">
         <name>.debug_info</name>
         <load_address>0xcb33</load_address>
         <run_address>0xcb33</run_address>
         <size>0x10b</size>
         <input_file_ref idref="fl-148"/>
      </object_component>
      <object_component id="oc-234">
         <name>.debug_info</name>
         <load_address>0xcc3e</load_address>
         <run_address>0xcc3e</run_address>
         <size>0x1bf</size>
         <input_file_ref idref="fl-149"/>
      </object_component>
      <object_component id="oc-1d4">
         <name>.debug_info</name>
         <load_address>0xcdfd</load_address>
         <run_address>0xcdfd</run_address>
         <size>0x220</size>
         <input_file_ref idref="fl-149"/>
      </object_component>
      <object_component id="oc-23c">
         <name>.debug_info</name>
         <load_address>0xd01d</load_address>
         <run_address>0xd01d</run_address>
         <size>0x283</size>
         <input_file_ref idref="fl-14a"/>
      </object_component>
      <object_component id="oc-1d9">
         <name>.debug_info</name>
         <load_address>0xd2a0</load_address>
         <run_address>0xd2a0</run_address>
         <size>0x33a</size>
         <input_file_ref idref="fl-14a"/>
      </object_component>
      <object_component id="oc-2f4">
         <name>.debug_info</name>
         <load_address>0xd5da</load_address>
         <run_address>0xd5da</run_address>
         <size>0xfe</size>
         <input_file_ref idref="fl-14b"/>
      </object_component>
      <object_component id="oc-26c">
         <name>.debug_info</name>
         <load_address>0xd6d8</load_address>
         <run_address>0xd6d8</run_address>
         <size>0x16e</size>
         <input_file_ref idref="fl-14b"/>
      </object_component>
      <object_component id="oc-262">
         <name>.debug_info</name>
         <load_address>0xd846</load_address>
         <run_address>0xd846</run_address>
         <size>0x109</size>
         <input_file_ref idref="fl-14c"/>
      </object_component>
      <object_component id="oc-302">
         <name>.debug_info</name>
         <load_address>0xd94f</load_address>
         <run_address>0xd94f</run_address>
         <size>0x142</size>
         <input_file_ref idref="fl-14d"/>
      </object_component>
      <object_component id="oc-274">
         <name>.debug_info</name>
         <load_address>0xda91</load_address>
         <run_address>0xda91</run_address>
         <size>0x165</size>
         <input_file_ref idref="fl-14d"/>
      </object_component>
      <object_component id="oc-2d6">
         <name>.debug_info</name>
         <load_address>0xdbf6</load_address>
         <run_address>0xdbf6</run_address>
         <size>0x481</size>
         <input_file_ref idref="fl-14e"/>
      </object_component>
      <object_component id="oc-2d3">
         <name>.debug_info</name>
         <load_address>0xe077</load_address>
         <run_address>0xe077</run_address>
         <size>0xf7</size>
         <input_file_ref idref="fl-14e"/>
      </object_component>
      <object_component id="oc-230">
         <name>.debug_info</name>
         <load_address>0xe16e</load_address>
         <run_address>0xe16e</run_address>
         <size>0xaec</size>
         <input_file_ref idref="fl-14e"/>
      </object_component>
      <object_component id="oc-342">
         <name>.debug_info</name>
         <load_address>0xec5a</load_address>
         <run_address>0xec5a</run_address>
         <size>0x120</size>
         <input_file_ref idref="fl-14e"/>
      </object_component>
      <object_component id="oc-2d8">
         <name>.debug_info</name>
         <load_address>0xed7a</load_address>
         <run_address>0xed7a</run_address>
         <size>0x2c</size>
         <input_file_ref idref="fl-14e"/>
      </object_component>
      <object_component id="oc-2ea">
         <name>.debug_info</name>
         <load_address>0xeda6</load_address>
         <run_address>0xeda6</run_address>
         <size>0x12d</size>
         <input_file_ref idref="fl-14f"/>
      </object_component>
      <object_component id="oc-25d">
         <name>.debug_info</name>
         <load_address>0xeed3</load_address>
         <run_address>0xeed3</run_address>
         <size>0x1a3</size>
         <input_file_ref idref="fl-14f"/>
      </object_component>
      <object_component id="oc-308">
         <name>.debug_info</name>
         <load_address>0xf076</load_address>
         <run_address>0xf076</run_address>
         <size>0xd2</size>
         <input_file_ref idref="fl-150"/>
      </object_component>
      <object_component id="oc-284">
         <name>.debug_info</name>
         <load_address>0xf148</load_address>
         <run_address>0xf148</run_address>
         <size>0x18c</size>
         <input_file_ref idref="fl-150"/>
      </object_component>
      <object_component id="oc-2e0">
         <name>.debug_info</name>
         <load_address>0xf2d4</load_address>
         <run_address>0xf2d4</run_address>
         <size>0xe1</size>
         <input_file_ref idref="fl-151"/>
      </object_component>
      <object_component id="oc-238">
         <name>.debug_info</name>
         <load_address>0xf3b5</load_address>
         <run_address>0xf3b5</run_address>
         <size>0x20f</size>
         <input_file_ref idref="fl-151"/>
      </object_component>
      <object_component id="oc-304">
         <name>.debug_info</name>
         <load_address>0xf5c4</load_address>
         <run_address>0xf5c4</run_address>
         <size>0xd6</size>
         <input_file_ref idref="fl-152"/>
      </object_component>
      <object_component id="oc-278">
         <name>.debug_info</name>
         <load_address>0xf69a</load_address>
         <run_address>0xf69a</run_address>
         <size>0x211</size>
         <input_file_ref idref="fl-152"/>
      </object_component>
      <object_component id="oc-335">
         <name>.debug_info</name>
         <load_address>0xf8ab</load_address>
         <run_address>0xf8ab</run_address>
         <size>0xc6</size>
         <input_file_ref idref="fl-153"/>
      </object_component>
[...]
      <symbol id="sm-27a">
         <name>__TI_decompress_none</name>
         <value>0x3f43</value>
         <object_component_ref idref="oc-12"/>
      </symbol>
      <symbol id="sm-2a2">
         <name>__TI_decompress_rle24</name>
         <value>0x3fc7</value>
         <object_component_ref idref="oc-18"/>
      </symbol>
      <symbol id="sm-2b4">
         <name>__TI_zero_init</name>
         <value>0x3f69</value>
         <object_component_ref idref="oc-1e"/>
      </symbol>
      <symbol id="sm-2d3">
         <name>C$$EXIT</name>
         <value>0x3b0d</value>
         <object_component_ref idref="oc-6d"/>
      </symbol>
      <symbol id="sm-2d4">
         <name>abort</name>
         <value>0x3b11</value>
         <object_component_ref idref="oc-6d"/>
      </symbol>
      <symbol id="sm-2d5">
         <name>exit</name>
         <value>0x3b19</value>
         <object_component_ref idref="oc-6d"/>
      </symbol>
      <symbol id="sm-2d6">
         <name>__TI_dtors_ptr</name>
         <value>0x20001918</value>
         <object_component_ref idref="oc-aa"/>
      </symbol>
      <symbol id="sm-2d7">
         <name>__TI_cleanup_ptr</name>
         <value>0x20001914</value>
         <object_component_ref idref="oc-aa"/>
      </symbol>
      <symbol id="sm-2f2">
         <name>memcpy</name>
         <value>0x3253</value>
         <object_component_ref idref="oc-36"/>
      </symbol>
      <symbol id="sm-2f3">
         <name>__aeabi_memcpy</name>
         <value>0x3253</value>
         <object_component_ref idref="oc-36"/>
      </symbol>
      <symbol id="sm-2f4">
         <name>__aeabi_memcpy8</name>
         <value>0x3253</value>
         <object_component_ref idref="oc-36"/>
      </symbol>
      <symbol id="sm-2f5">
         <name>__aeabi_memcpy4</name>
         <value>0x3253</value>
         <object_component_ref idref="oc-36"/>
      </symbol>
      <symbol id="sm-304">
         <name>__aeabi_memset</name>
         <value>0x352f</value>
         <object_component_ref idref="oc-4f"/>
      </symbol>
      <symbol id="sm-305">
         <name>memset</name>
         <value>0x3535</value>
         <object_component_ref idref="oc-4f"/>
      </symbol>
      <symbol id="sm-306">
         <name>__aeabi_memset8</name>
         <value>0x352f</value>
         <object_component_ref idref="oc-4f"/>
      </symbol>
      <symbol id="sm-307">
         <name>__aeabi_memset4</name>
         <value>0x352f</value>
         <object_component_ref idref="oc-4f"/>
      </symbol>
      <symbol id="sm-308">
         <name>__aeabi_memclr8</name>
         <value>0x352d</value>
         <object_component_ref idref="oc-4f"/>
      </symbol>
      <symbol id="sm-309">
         <name>__aeabi_memclr4</name>
         <value>0x352d</value>
         <object_component_ref idref="oc-4f"/>
      </symbol>
      <symbol id="sm-30a">
         <name>__aeabi_memclr</name>
         <value>0x352d</value>
         <object_component_ref idref="oc-4f"/>
      </symbol>
      <symbol id="sm-314">
         <name>_system_pre_init</name>
         <value>0x3fd1</value>
         <object_component_ref idref="oc-5b"/>
      </symbol>
      <symbol id="sm-332">
         <name>printf</name>
         <value>0x35b1</value>
         <object_component_ref idref="oc-142"/>
      </symbol>
      <symbol id="sm-34b">
         <name>sprintf</name>
         <value>0x388d</value>
         <object_component_ref idref="oc-15e"/>
      </symbol>
      <symbol id="sm-353">
         <name>main_func_sp</name>
         <value>0x2000192c</value>
         <object_component_ref idref="oc-73"/>
      </symbol>
      <symbol id="sm-361">
         <name>strlen</name>
         <value>0x3efd</value>
         <object_component_ref idref="oc-cc"/>
      </symbol>
      <symbol id="sm-37a">
         <name>_nop</name>
         <value>0x3ee3</value>
         <object_component_ref idref="oc-182"/>
      </symbol>
      <symbol id="sm-37b">
         <name>_lock</name>
         <value>0x2000190c</value>
         <object_component_ref idref="oc-a7"/>
      </symbol>
      <symbol id="sm-37c">
         <name>_unlock</name>
         <value>0x20001910</value>
         <object_component_ref idref="oc-a7"/>
      </symbol>
      <symbol id="sm-37d">
         <name>_register_lock</name>
         <value>0x3edb</value>
         <object_component_ref idref="oc-182"/>
      </symbol>
      <symbol id="sm-37e">
         <name>_register_unlock</name>
         <value>0x3ed5</value>
         <object_component_ref idref="oc-182"/>
      </symbol>
      <symbol id="sm-483">
         <name>__TI_printfi</name>
         <value>0x1021</value>
         <object_component_ref idref="oc-1de"/>
      </symbol>
      <symbol id="sm-498">
         <name>_args_main</name>
         <value>0x3e79</value>
         <object_component_ref idref="oc-67"/>
      </symbol>
      <symbol id="sm-4ae">
         <name>atoi</name>
         <value>0x39e5</value>
         <object_component_ref idref="oc-289"/>
      </symbol>
      <symbol id="sm-4d4">
         <name>__TI_auto_init</name>
         <value>0x3619</value>
         <object_component_ref idref="oc-61"/>
      </symbol>
      <symbol id="sm-4ee">
         <name>copy_in</name>
         <value>0x3a31</value>
         <object_component_ref idref="oc-97"/>
      </symbol>
      <symbol id="sm-4f9">
         <name>_ctypes_</name>
         <value>0x3fd4</value>
         <object_component_ref idref="oc-309"/>
      </symbol>
      <symbol id="sm-512">
         <name>__aeabi_stdout</name>
         <value>0x200018f0</value>
         <object_component_ref idref="oc-2c1"/>
      </symbol>
      <symbol id="sm-513">
         <name>__TI_tmpnams</name>
         <value>0x20001a50</value>
         <object_component_ref idref="oc-3b8"/>
      </symbol>
      <symbol id="sm-514">
         <name>__aeabi_stderr</name>
         <value>0x200018f4</value>
         <object_component_ref idref="oc-2c1"/>
      </symbol>
      <symbol id="sm-515">
         <name>__aeabi_stdin</name>
         <value>0x200018ec</value>
         <object_component_ref idref="oc-2c1"/>
      </symbol>
      <symbol id="sm-516">
         <name>_ftable</name>
         <value>0x200015f8</value>
         <object_component_ref idref="oc-1e4"/>
      </symbol>
      <symbol id="sm-517">
         <name>__TI_ft_end</name>
         <value>0x200018e8</value>
         <object_component_ref idref="oc-2c1"/>
      </symbol>
      <symbol id="sm-53b">
         <name>__aeabi_dsub</name>
         <value>0x25ed</value>
         <object_component_ref idref="oc-266"/>
      </symbol>
      <symbol id="sm-53c">
         <name>__aeabi_dadd</name>
         <value>0x25f7</value>
         <object_component_ref idref="oc-266"/>
      </symbol>
      <symbol id="sm-563">
         <name>__aeabi_cdcmpeq</name>
         <value>0x3421</value>
         <object_component_ref idref="oc-242"/>
      </symbol>
      <symbol id="sm-564">
         <name>__aeabi_cdcmple</name>
         <value>0x3421</value>
         <object_component_ref idref="oc-242"/>
      </symbol>
      <symbol id="sm-565">
         <name>__aeabi_cdrcmple</name>
         <value>0x34a7</value>
         <object_component_ref idref="oc-251"/>
      </symbol>
      <symbol id="sm-585">
         <name>__aeabi_ddiv</name>
         <value>0x27a3</value>
         <object_component_ref idref="oc-24c"/>
      </symbol>
      <symbol id="sm-59c">
         <name>__aeabi_dmul</name>
         <value>0x2d59</value>
         <object_component_ref idref="oc-247"/>
      </symbol>
      <symbol id="sm-5aa">
         <name>__aeabi_d2iz</name>
         <value>0x3ac5</value>
         <object_component_ref idref="oc-256"/>
      </symbol>
      <symbol id="sm-5c1">
         <name>putc</name>
         <value>0x3389</value>
         <object_component_ref idref="oc-1d2"/>
      </symbol>
      <symbol id="sm-5c2">
         <name>fputc</name>
         <value>0x3389</value>
         <object_component_ref idref="oc-1d2"/>
      </symbol>
      <symbol id="sm-5c3">
         <name>putchar</name>
         <value>0x340d</value>
         <object_component_ref idref="oc-1d2"/>
      </symbol>
      <symbol id="sm-5e5">
         <name>puts</name>
         <value>0x29e5</value>
         <object_component_ref idref="oc-1d8"/>
      </symbol>
      <symbol id="sm-5e6">
         <name>fputs</name>
         <value>0x28d9</value>
         <object_component_ref idref="oc-1d8"/>
      </symbol>
      <symbol id="sm-5f3">
         <name>frexp</name>
         <value>0x3dc7</value>
         <object_component_ref idref="oc-26b"/>
      </symbol>
      <symbol id="sm-5ff">
         <name>__aeabi_i2d</name>
         <value>0x3d41</value>
         <object_component_ref idref="oc-261"/>
      </symbol>
      <symbol id="sm-610">
         <name>ldexp</name>
         <value>0x3943</value>
         <object_component_ref idref="oc-271"/>
      </symbol>
      <symbol id="sm-662">
         <name>open</name>
         <value>0x1d93</value>
         <object_component_ref idref="oc-22d"/>
      </symbol>
      <symbol id="sm-663">
         <name>add_device</name>
         <value>0x1eb5</value>
         <object_component_ref idref="oc-22d"/>
      </symbol>
      <symbol id="sm-664">
         <name>remove_device</name>
         <value>0x1d47</value>
         <object_component_ref idref="oc-22d"/>
      </symbol>
      <symbol id="sm-665">
         <name>lseek</name>
         <value>0x1e41</value>
         <object_component_ref idref="oc-22d"/>
      </symbol>
      <symbol id="sm-666">
         <name>read</name>
         <value>0x1d6f</value>
         <object_component_ref idref="oc-22d"/>
      </symbol>
      <symbol id="sm-667">
         <name>rename</name>
         <value>0x1d09</value>
         <object_component_ref idref="oc-22d"/>
      </symbol>
      <symbol id="sm-668">
         <name>write</name>
         <value>0x1c55</value>
         <object_component_ref idref="oc-22d"/>
      </symbol>
      <symbol id="sm-669">
         <name>close</name>
         <value>0x1e65</value>
         <object_component_ref idref="oc-22d"/>
      </symbol>
      <symbol id="sm-66a">
         <name>unlink</name>
         <value>0x1ce5</value>
         <object_component_ref idref="oc-22d"/>
      </symbol>
      <symbol id="sm-679">
         <name>ltoa</name>
         <value>0x38ed</value>
         <object_component_ref idref="oc-25b"/>
      </symbol>
      <symbol id="sm-689">
         <name>memccpy</name>
         <value>0x3e2d</value>
         <object_component_ref idref="oc-283"/>
      </symbol>
      <symbol id="sm-699">
         <name>memchr</name>
         <value>0x3df1</value>
         <object_component_ref idref="oc-235"/>
      </symbol>
      <symbol id="sm-6a9">
         <name>strchr</name>
         <value>0x3ea9</value>
         <object_component_ref idref="oc-277"/>
      </symbol>
      <symbol id="sm-6b8">
         <name>strcmp</name>
         <value>0x3e91</value>
         <object_component_ref idref="oc-2c6"/>
      </symbol>
      <symbol id="sm-6c8">
         <name>strncpy</name>
         <value>0x3cb1</value>
         <object_component_ref idref="oc-2cc"/>
      </symbol>
      <symbol id="sm-6e9">
         <name>HOSTgetenv</name>
         <value>0x2177</value>
         <object_component_ref idref="oc-338"/>
      </symbol>
      <symbol id="sm-6ea">
         <name>HOSTrename</name>
         <value>0x201f</value>
         <object_component_ref idref="oc-338"/>
      </symbol>
      <symbol id="sm-6eb">
         <name>HOSTclose</name>
         <value>0x21b5</value>
         <object_component_ref idref="oc-338"/>
      </symbol>
      <symbol id="sm-6ec">
         <name>HOSTunlink</name>
         <value>0x1fad</value>
         <object_component_ref idref="oc-338"/>
      </symbol>
      <symbol id="sm-6ed">
         <name>HOSTlseek</name>
         <value>0x211b</value>
         <object_component_ref idref="oc-338"/>
      </symbol>
      <symbol id="sm-6ee">
         <name>HOSTopen</name>
         <value>0x20c9</value>
         <object_component_ref idref="oc-338"/>
      </symbol>
      <symbol id="sm-6ef">
         <name>HOSTclock</name>
         <value>0x21ed</value>
         <object_component_ref idref="oc-338"/>
      </symbol>
      <symbol id="sm-6f0">
         <name>HOSTwrite</name>
         <value>0x1f61</value>
         <object_component_ref idref="oc-338"/>
      </symbol>
      <symbol id="sm-6f1">
         <name>HOSTread</name>
         <value>0x207d</value>
         <object_component_ref idref="oc-338"/>
      </symbol>
      <symbol id="sm-6f2">
         <name>HOSTtime</name>
         <value>0x1fe5</value>
         <object_component_ref idref="oc-338"/>
      </symbol>
      <symbol id="sm-70d">
         <name>__TI_readmsg</name>
         <value>0x378b</value>
         <object_component_ref idref="oc-386"/>
      </symbol>
      <symbol id="sm-70e">
         <name>C$$IO$$</name>
         <value>0x3787</value>
         <object_component_ref idref="oc-386"/>
      </symbol>
      <symbol id="sm-70f">
         <name>__CIOBUF_</name>
         <value>0x20001930</value>
         <object_component_ref idref="oc-3bf"/>
      </symbol>
      <symbol id="sm-710">
         <name>__TI_writemsg</name>
         <value>0x3759</value>
         <object_component_ref idref="oc-386"/>
      </symbol>
      <symbol id="sm-73a">
         <name>__aeabi_uldivmod</name>
         <value>0x2235</value>
         <object_component_ref idref="oc-23d"/>
      </symbol>
      <symbol id="sm-748">
         <name>_Dclass</name>
         <value>0x3ce1</value>
         <object_component_ref idref="oc-27d"/>
      </symbol>
      <symbol id="sm-769">
         <name>_Dscale</name>
         <value>0x2b3d</value>
         <object_component_ref idref="oc-2f5"/>
      </symbol>
      <symbol id="sm-77d">
         <name>_Dunscale</name>
         <value>0x37c1</value>
         <object_component_ref idref="oc-2ed"/>
      </symbol>
      <symbol id="sm-78c">
         <name>_Feraise</name>
         <value>0x3d11</value>
         <object_component_ref idref="oc-2fb"/>
      </symbol>
      <symbol id="sm-79c">
         <name>_Rteps</name>
         <value>0x200018c8</value>
         <object_component_ref idref="oc-355"/>
      </symbol>
      <symbol id="sm-79d">
         <name>_Zero</name>
         <value>0x200018e0</value>
         <object_component_ref idref="oc-355"/>
      </symbol>
      <symbol id="sm-79e">
         <name>_Hugeval</name>
         <value>0x20001888</value>
         <object_component_ref idref="oc-355"/>
      </symbol>
      <symbol id="sm-79f">
         <name>_Snan</name>
         <value>0x200018b8</value>
         <object_component_ref idref="oc-355"/>
      </symbol>
      <symbol id="sm-7a0">
         <name>_Nan</name>
         <value>0x200018a8</value>
         <object_component_ref idref="oc-355"/>
      </symbol>
      <symbol id="sm-7a1">
         <name>_Inf</name>
         <value>0x20001898</value>
         <object_component_ref idref="oc-355"/>
      </symbol>
      <symbol id="sm-7a2">
         <name>_Xbig</name>
         <value>0x200018d8</value>
         <object_component_ref idref="oc-355"/>
      </symbol>
      <symbol id="sm-7a3">
         <name>_Eps</name>
         <value>0x20001878</value>
         <object_component_ref idref="oc-355"/>
      </symbol>
      <symbol id="sm-7a4">
         <name>_Denorm</name>
         <value>0x20001868</value>
         <object_component_ref idref="oc-355"/>
      </symbol>
      <symbol id="sm-7c2">
         <name>__TI_wrt_ok</name>
         <value>0x31a7</value>
         <object_component_ref idref="oc-221"/>
      </symbol>
      <symbol id="sm-7c3">
         <name>__TI_rd_ok</name>
         <value>0x3209</value>
         <object_component_ref idref="oc-221"/>
      </symbol>
      <symbol id="sm-7cb">
         <name>_Errno</name>
         <value>0x20001924</value>
         <object_component_ref idref="oc-360"/>
      </symbol>
      <symbol id="sm-7e9">
         <name>feraiseexcept</name>
         <value>0x3c7d</value>
         <object_component_ref idref="oc-35a"/>
      </symbol>
      <symbol id="sm-7ea">
         <name>_Tls_setup__Fenv</name>
         <value>0x20001920</value>
         <object_component_ref idref="oc-3ae"/>
      </symbol>
      <symbol id="sm-7eb">
         <name>_Fenv</name>
         <value>0x2000191c</value>
         <object_component_ref idref="oc-3ae"/>
      </symbol>
      <symbol id="sm-805">
         <name>__TI_doflush</name>
         <value>0x3021</value>
         <object_component_ref idref="oc-227"/>
      </symbol>
      <symbol id="sm-806">
         <name>fflush</name>
         <value>0x306d</value>
         <object_component_ref idref="oc-227"/>
      </symbol>
      <symbol id="sm-818">
         <name>fseek</name>
         <value>0x3829</value>
         <object_component_ref idref="oc-2b3"/>
      </symbol>
      <symbol id="sm-82c">
         <name>raise</name>
         <value>0x3d6f</value>
         <object_component_ref idref="oc-3a8"/>
      </symbol>
      <symbol id="sm-848">
         <name>setvbuf</name>
         <value>0x2f45</value>
         <object_component_ref idref="oc-2b9"/>
      </symbol>
      <symbol id="sm-862">
         <name>signal</name>
         <value>0x3bd5</value>
         <object_component_ref idref="oc-3ca"/>
      </symbol>
      <symbol id="sm-870">
         <name>strcpy</name>
         <value>0x3ee9</value>
         <object_component_ref idref="oc-38c"/>
      </symbol>
      <symbol id="sm-885">
         <name>_Dnorm</name>
         <value>0x30e9</value>
         <object_component_ref idref="oc-34b"/>
      </symbol>
      <symbol id="sm-8bc">
         <name>__TI_cleanup</name>
         <value>0x24f1</value>
         <object_component_ref idref="oc-321"/>
      </symbol>
      <symbol id="sm-8bd">
         <name>freopen</name>
         <value>0x251d</value>
         <object_component_ref idref="oc-321"/>
      </symbol>
      <symbol id="sm-8be">
         <name>fopen</name>
         <value>0x2547</value>
         <object_component_ref idref="oc-321"/>
      </symbol>
      <symbol id="sm-930">
         <name>_sys_memory</name>
         <value>0x20001b20</value>
         <object_component_ref idref="oc-2a"/>
      </symbol>
      <symbol id="sm-931">
         <name>free</name>
         <value>0x196f</value>
         <object_component_ref idref="oc-31b"/>
      </symbol>
      <symbol id="sm-932">
         <name>realloc</name>
         <value>0x1a31</value>
         <object_component_ref idref="oc-31b"/>
      </symbol>
      <symbol id="sm-933">
         <name>memalign</name>
         <value>0x1b3d</value>
         <object_component_ref idref="oc-31b"/>
      </symbol>
      <symbol id="sm-934">
         <name>calloc</name>
         <value>0x1c21</value>
         <object_component_ref idref="oc-31b"/>
      </symbol>
      <symbol id="sm-935">
         <name>malloc</name>
         <value>0x1907</value>
         <object_component_ref idref="oc-31b"/>
      </symbol>
      <symbol id="sm-936">
         <name>minit</name>
         <value>0x1879</value>
         <object_component_ref idref="oc-31b"/>
      </symbol>
      <symbol id="sm-94c">
         <name>__TI_closefile</name>
         <value>0x32f1</value>
         <object_component_ref idref="oc-377"/>
      </symbol>
      <symbol id="sm-94d">
         <name>fclose</name>
         <value>0x3357</value>
         <object_component_ref idref="oc-377"/>
      </symbol>
      <symbol id="sm-94f">
         <name>__TI_static_base__</name>
         <value>0x0</value>
      </symbol>
      <symbol id="sm-952">
         <name>SHT$$INIT_ARRAY$$Limit</name>
         <value>0x0</value>
      </symbol>
      <symbol id="sm-953">
         <name>SHT$$INIT_ARRAY$$Base</name>
         <value>0x0</value>
      </symbol>
      <symbol id="sm-954">
         <name>remove</name>
         <value>0x1ce5</value>
      </symbol>
   </symbol_table>
   <title>Link successful</title>
</link_info>
