******************************************************************************
                  TI ARM Linker PC v5.2.6                      
******************************************************************************
>> Linked Sat Oct 17 02:57:42 2015

OUTPUT FILE NAME:   <lab5.out>
ENTRY POINT SYMBOL: "_c_int00"  address: 0000088d


MEMORY CONFIGURATION

         name            origin    length      used     unused   attr    fill
----------------------  --------  ---------  --------  --------  ----  --------
  FLASH                 00000000   00040000  00000b74  0003f48c  R  X
  SRAM                  20000000   00008000  00000078  00007f88  RW X


SEGMENT ALLOCATION MAP

run origin  load origin   length   init length attrs members
----------  ----------- ---------- ----------- ----- -------
00000000    00000000    00000b78   00000b78    r-x
  00000000    00000000    0000026c   0000026c    r-- .intvecs
  0000026c    0000026c    00000858   00000858    r-x .text
  00000ac4    00000ac4    00000090   00000090    r-- .const
  00000b58    00000b58    00000020   00000020    r-- .cinit
20000000    20000000    00000078   00000000    rw-
  20000000    20000000    00000064   00000000    rw- .stack
  20000064    20000064    00000014   00000000    rw- .data


SECTION ALLOCATION MAP

 output                                  attributes/
section   page    origin      length       input sections
--------  ----  ----------  ----------   ----------------
.intvecs   0    00000000    0000026c     
                  00000000    0000026c     tm4c123gh6pm_startup_ccs.obj (.intvecs)

.text      0    0000026c    00000858     
                  0000026c    00000164     tm4c123g.obj (.text)
                  000003d0    00000130     driverlib.lib : gpio.obj (.text:GPIOPadConfigSet)
                  00000500    00000124     main.obj (.text)
                  00000624    0000009c     rtsv7M4_T_le_v4SPD16_eabi.lib : memcpy_t2.obj (.text)
                  000006c0    0000007a     driverlib.lib : adc.obj (.text:ADCSequenceStepConfigure)
                  0000073a    0000007a     rtsv7M4_T_le_v4SPD16_eabi.lib : memset_t2.obj (.text)
                  000007b4    0000006c                                   : autoinit.obj (.text)
                  00000820    0000006a                                   : copy_decompress_rle.obj (.text)
                  0000088a    00000002     --HOLE-- [fill = 0]
                  0000088c    00000050                                   : boot.obj (.text)
                  000008dc    0000004c                                   : cpy_tbl.obj (.text)
                  00000928    00000048     driverlib.lib : gpio.obj (.text:GPIOPinConfigure)
                  00000970    00000044     rtsv7M4_T_le_v4SPD16_eabi.lib : exit.obj (.text)
                  000009b4    00000034     driverlib.lib : sysctl.obj (.text:SysCtlPeripheralEnable)
                  000009e8    0000002a                   : gpio.obj (.text:GPIODirModeSet)
                  00000a12    00000018                   : gpio.obj (.text:GPIOPinTypeGPIOOutput)
                  00000a2a    00000002     --HOLE-- [fill = 0]
                  00000a2c    00000018     rtsv7M4_T_le_v4SPD16_eabi.lib : args_main.obj (.text)
                  00000a44    00000014                                   : _lock.obj (.text)
                  00000a58    00000012     driverlib.lib : gpio.obj (.text:GPIOPinTypeADC)
                  00000a6a    00000012                   : gpio.obj (.text:GPIOPinTypeGPIOInput)
                  00000a7c    00000012                   : gpio.obj (.text:GPIOPinTypeSSI)
                  00000a8e    00000012                   : gpio.obj (.text:GPIOPinTypeUART)
                  00000aa0    0000000e     rtsv7M4_T_le_v4SPD16_eabi.lib : copy_decompress_none.obj (.text:decompress:none)
                  00000aae    0000000c     tm4c123gh6pm_startup_ccs.obj (.text)
                  00000aba    00000006     rtsv7M4_T_le_v4SPD16_eabi.lib : copy_decompress_rle.obj (.text:decompress:rle24)
                  00000ac0    00000004                                   : pre_init.obj (.text)

.const     0    00000ac4    00000090     
                  00000ac4    00000090     driverlib.lib : gpio.obj (.const:g_pui32GPIOBaseAddrs)

.cinit     0    00000b58    00000020     
                  00000b58    0000000f     (.cinit..data.load) [load image, compression = rle]
                  00000b67    00000001     --HOLE-- [fill = 0]
                  00000b68    00000008     (__TI_handler_table)
                  00000b70    00000008     (__TI_cinit_table)

.init_array 
*          0    00000000    00000000     UNINITIALIZED

.stack     0    20000000    00000064     UNINITIALIZED
                  20000000    00000064     --HOLE--

.data      0    20000064    00000014     UNINITIALIZED
                  20000064    00000008     rtsv7M4_T_le_v4SPD16_eabi.lib : _lock.obj (.data)
                  2000006c    00000008                                   : exit.obj (.data)
                  20000074    00000004                                   : stkdepth_vars.obj (.data)

.TI.persistent 
*          0    20000064    00000000     UNINITIALIZED


LINKER GENERATED COPY TABLES

__TI_cinit_table @ 00000b70 records: 1, size/record: 8, table size: 8
	.data: load addr=00000b58, load size=0000000f bytes, run addr=20000064, run size=00000014 bytes, compression=rle


LINKER GENERATED HANDLER TABLE

__TI_handler_table @ 00000b68 records: 2, size/record: 4, table size: 8
	index: 0, handler: __TI_decompress_rle24
	index: 1, handler: __TI_decompress_none


GLOBAL SYMBOLS: SORTED ALPHABETICALLY BY Name 

address   name                    
-------   ----                    
000006c1  ADCSequenceStepConfigure
00000971  C$$EXIT                 
000009e9  GPIODirModeSet          
000003d1  GPIOPadConfigSet        
00000929  GPIOPinConfigure        
00000a59  GPIOPinTypeADC          
00000a6b  GPIOPinTypeGPIOInput    
00000a13  GPIOPinTypeGPIOOutput   
00000a7d  GPIOPinTypeSSI          
00000a8f  GPIOPinTypeUART         
0000026d  PortFunctionInit        
00000aaf  ResetISR                
UNDEFED   SHT$$INIT_ARRAY$$Base   
UNDEFED   SHT$$INIT_ARRAY$$Limit  
000009b5  SysCtlPeripheralEnable  
20000064  __STACK_END             
00000064  __STACK_SIZE            
20000200  __STACK_TOP             
00000b70  __TI_CINIT_Base         
00000b78  __TI_CINIT_Limit        
00000b68  __TI_Handler_Table_Base 
00000b70  __TI_Handler_Table_Limit
000007b5  __TI_auto_init          
2000006c  __TI_cleanup_ptr        
00000aa1  __TI_decompress_none    
00000abb  __TI_decompress_rle24   
20000070  __TI_dtors_ptr          
00000000  __TI_static_base__      
0000073b  __aeabi_memclr          
0000073b  __aeabi_memclr4         
0000073b  __aeabi_memclr8         
00000625  __aeabi_memcpy          
00000625  __aeabi_memcpy4         
00000625  __aeabi_memcpy8         
0000073d  __aeabi_memset          
0000073d  __aeabi_memset4         
0000073d  __aeabi_memset8         
ffffffff  __binit__               
ffffffff  __c_args__              
20000000  __stack                 
00000a2d  _args_main              
0000088d  _c_int00                
20000064  _lock                   
00000a53  _nop                    
00000a4b  _register_lock          
00000a45  _register_unlock        
00000ac1  _system_pre_init        
20000068  _unlock                 
00000975  abort                   
ffffffff  binit                   
000008dd  copy_in                 
0000097d  exit                    
00000000  g_pfnVectors            
00000501  main                    
20000074  main_func_sp            
00000625  memcpy                  
00000743  memset                  


GLOBAL SYMBOLS: SORTED BY Symbol Address 

address   name                    
-------   ----                    
00000000  __TI_static_base__      
00000000  g_pfnVectors            
00000064  __STACK_SIZE            
0000026d  PortFunctionInit        
000003d1  GPIOPadConfigSet        
00000501  main                    
00000625  __aeabi_memcpy          
00000625  __aeabi_memcpy4         
00000625  __aeabi_memcpy8         
00000625  memcpy                  
000006c1  ADCSequenceStepConfigure
0000073b  __aeabi_memclr          
0000073b  __aeabi_memclr4         
0000073b  __aeabi_memclr8         
0000073d  __aeabi_memset          
0000073d  __aeabi_memset4         
0000073d  __aeabi_memset8         
00000743  memset                  
000007b5  __TI_auto_init          
0000088d  _c_int00                
000008dd  copy_in                 
00000929  GPIOPinConfigure        
00000971  C$$EXIT                 
00000975  abort                   
0000097d  exit                    
000009b5  SysCtlPeripheralEnable  
000009e9  GPIODirModeSet          
00000a13  GPIOPinTypeGPIOOutput   
00000a2d  _args_main              
00000a45  _register_unlock        
00000a4b  _register_lock          
00000a53  _nop                    
00000a59  GPIOPinTypeADC          
00000a6b  GPIOPinTypeGPIOInput    
00000a7d  GPIOPinTypeSSI          
00000a8f  GPIOPinTypeUART         
00000aa1  __TI_decompress_none    
00000aaf  ResetISR                
00000abb  __TI_decompress_rle24   
00000ac1  _system_pre_init        
00000b68  __TI_Handler_Table_Base 
00000b70  __TI_CINIT_Base         
00000b70  __TI_Handler_Table_Limit
00000b78  __TI_CINIT_Limit        
20000000  __stack                 
20000064  __STACK_END             
20000064  _lock                   
20000068  _unlock                 
2000006c  __TI_cleanup_ptr        
20000070  __TI_dtors_ptr          
20000074  main_func_sp            
20000200  __STACK_TOP             
ffffffff  __binit__               
ffffffff  __c_args__              
ffffffff  binit                   
UNDEFED   SHT$$INIT_ARRAY$$Base   
UNDEFED   SHT$$INIT_ARRAY$$Limit  

[57 symbols]
