******************************************************************************
                  TI ARM Linker PC v5.0.1                      
******************************************************************************
>> Linked Thu May 02 20:44:50 2013

OUTPUT FILE NAME:   <Stellaris_Xbee_Node.out>
ENTRY POINT SYMBOL: "_c_int00"  address: 00004359


MEMORY CONFIGURATION

         name            origin    length      used     unused   attr    fill
----------------------  --------  ---------  --------  --------  ----  --------
  FLASH                 00000000   00040000  00004e09  0003b1f7  R  X
  SRAM                  20000000   00008000  00000c28  000073d8  RW X


SECTION ALLOCATION MAP

 output                                  attributes/
section   page    origin      length       input sections
--------  ----  ----------  ----------   ----------------
.text      0    00000000    00004a9c     
                  00000000    00002300     main.obj (.text)
                  00002300    000004a8     rtsv7M4_T_le_v4SPD16_eabi.lib : pow.obj (.text)
                  000027a8    000003dc     I2C_Stellaris_API.obj (.text)
                  00002b84    0000030c     rtsv7M4_T_le_v4SPD16_eabi.lib : xlog.obj (.text)
                  00002e90    00000280     jsmn.obj (.text)
                  00003110    00000208     rtsv7M4_T_le_v4SPD16_eabi.lib : xexp.obj (.text)
                  00003318    000001d8     driverlib-cm4f.lib : sysctl.obj (.text:SysCtlClockGet)
                  000034f0    000001b6     rtsv7M4_T_le_v4SPD16_eabi.lib : fd_add_t2.obj (.text)
                  000036a6    00000002     --HOLE-- [fill = 0]
                  000036a8    0000013c     driverlib-cm4f.lib : sysctl.obj (.text:SysCtlClockSet)
                  000037e4    00000136     rtsv7M4_T_le_v4SPD16_eabi.lib : fd_div_t2.obj (.text)
                  0000391a    00000002     --HOLE-- [fill = 0]
                  0000391c    00000104                                   : xdscale.obj (.text)
                  00003a20    000000fc     driverlib-cm4f.lib : gpio.obj (.text:GPIOGetIntNumber)
                  00003b1c    000000fc     rtsv7M4_T_le_v4SPD16_eabi.lib : fd_mul_t2.obj (.text)
                  00003c18    000000c8     driverlib-cm4f.lib : gpio.obj (.text:GPIOPadConfigSet)
                  00003ce0    000000c4     rtsv7M4_T_le_v4SPD16_eabi.lib : xdint.obj (.text)
                  00003da4    000000be                                   : xdnorm.obj (.text)
                  00003e62    0000009c                                   : memcpy_t2.obj (.text)
                  00003efe    00000002     --HOLE-- [fill = 0]
                  00003f00    00000094                                   : auto_init.obj (.text)
                  00003f94    0000007e                                   : fd_cmp_t2.obj (.text)
                  00004012    00000002     --HOLE-- [fill = 0]
                  00004014    00000078     driverlib-cm4f.lib : gpio.obj (.text:GPIOPinTypeI2CSCL)
                  0000408c    0000006c                        : adc.obj (.text:ADCSequenceStepConfigure)
                  000040f8    00000064                        : interrupt.obj (.text:IntEnable)
                  0000415c    00000064     rtsv7M4_T_le_v4SPD16_eabi.lib : xdunscal.obj (.text)
                  000041c0    0000005e                                   : copy_decompress_rle.obj (.text)
                  0000421e    00000002     --HOLE-- [fill = 0]
                  00004220    00000058     driverlib-cm4f.lib : sysctl.obj (.text:SysCtlPeripheralEnable)
                  00004278    0000004c                        : i2c.obj (.text:I2CMasterInitExpClk)
                  000042c4    0000004a     rtsv7M4_T_le_v4SPD16_eabi.lib : fd_tos_t2.obj (.text)
                  0000430e    00000002     --HOLE-- [fill = 0]
                  00004310    00000048     driverlib-cm4f.lib : gpio.obj (.text:GPIOPinConfigure)
                  00004358    00000048     rtsv7M4_T_le_v4SPD16_eabi.lib : boot.obj (.text)
                  000043a0    00000048                                   : fd_toi_t2.obj (.text)
                  000043e8    00000044     driverlib-cm4f.lib : gpio.obj (.text:GPIOIntTypeSet)
                  0000442c    00000044     rtsv7M4_T_le_v4SPD16_eabi.lib : cpy_tbl.obj (.text)
                  00004470    00000042     driverlib-cm4f.lib : uart.obj (.text:UARTConfigSetExpClk)
                  000044b2    00000002     --HOLE-- [fill = 0]
                  000044b4    00000040     rtsv7M4_T_le_v4SPD16_eabi.lib : exit.obj (.text)
                  000044f4    00000040                                   : signal.obj (.text)
                  00004534    00000038                                   : fs_tod_t2.obj (.text)
                  0000456c    00000036     driverlib-cm4f.lib : timer.obj (.text:TimerIntRegister)
                  000045a2    00000002     --HOLE-- [fill = 0]
                  000045a4    00000034                        : interrupt.obj (.text:IntRegister)
                  000045d8    00000030     rtsv7M4_T_le_v4SPD16_eabi.lib : feraiseexcept.obj (.text)
                  00004608    00000030                                   : strncpy.obj (.text)
                  00004638    00000030                                   : xferaise.obj (.text)
                  00004668    0000002e     driverlib-cm4f.lib : adc.obj (.text:ADCIntStatus)
                  00004696    0000002e                        : gpio.obj (.text:GPIODirModeSet)
                  000046c4    0000002e     rtsv7M4_T_le_v4SPD16_eabi.lib : i_tofd_t2.obj (.text)
                  000046f2    0000002e                                   : raise.obj (.text)
                  00004720    0000002a     driverlib-cm4f.lib : adc.obj (.text:ADCSequenceConfigure)
                  0000474a    00000002     --HOLE-- [fill = 0]
                  0000474c    00000028                        : timer.obj (.text:TimerConfigure)
                  00004774    00000026     rtsv7M4_T_le_v4SPD16_eabi.lib : strncmp.obj (.text)
                  0000479a    00000020     driverlib-cm4f.lib : adc.obj (.text:ADCSequenceDataGet)
                  000047ba    00000002     --HOLE-- [fill = 0]
                  000047bc    00000020                        : sysctl.obj (.text:SysCtlADCSpeedSet)
                  000047dc    00000020                        : timer.obj (.text:TimerIntNumberGet)
                  000047fc    00000020     rtsv7M4_T_le_v4SPD16_eabi.lib : u_tofd_t2.obj (.text)
                  0000481c    0000001c     driverlib-cm4f.lib : uart.obj (.text:UARTDisable)
                  00004838    0000001a     rtsv7M4_T_le_v4SPD16_eabi.lib : log.obj (.text)
                  00004852    0000001a                                   : strcat.obj (.text)
                  0000486c    00000018     driverlib-cm4f.lib : gpio.obj (.text:GPIOPortIntRegister)
                  00004884    00000018     rtsv7M4_T_le_v4SPD16_eabi.lib : args_main.obj (.text)
                  0000489c    00000018                                   : strcmp.obj (.text)
                  000048b4    00000016     driverlib-cm4f.lib : adc.obj (.text:ADCProcessorTrigger)
                  000048ca    00000016                        : i2c.obj (.text:I2CMasterErr)
                  000048e0    00000014                        : timer.obj (.text:TimerDisable)
                  000048f4    00000014                        : uart.obj (.text:UARTEnable)
                  00004908    00000014     rtsv7M4_T_le_v4SPD16_eabi.lib : _lock.obj (.text)
                  0000491c    00000014                                   : strlen.obj (.text)
                  00004930    00000012     driverlib-cm4f.lib : adc.obj (.text:ADCHardwareOversampleConfigure)
                  00004942    00000012                        : gpio.obj (.text:GPIOPinTypeADC)
                  00004954    00000012                        : gpio.obj (.text:GPIOPinTypeGPIOInput)
                  00004966    00000012                        : gpio.obj (.text:GPIOPinTypeGPIOOutput)
                  00004978    00000012                        : gpio.obj (.text:GPIOPinTypeI2C)
                  0000498a    00000012                        : gpio.obj (.text:GPIOPinTypeUART)
                  0000499c    00000012                        : timer.obj (.text:TimerLoadSet)
                  000049ae    00000012     rtsv7M4_T_le_v4SPD16_eabi.lib : copy_zero_init.obj (.text:decompress:ZI)
                  000049c0    0000000e     driverlib-cm4f.lib : adc.obj (.text:ADCSequenceDisable)
                  000049ce    0000000e                        : adc.obj (.text:ADCSequenceEnable)
                  000049dc    0000000e                        : timer.obj (.text:TimerEnable)
                  000049ea    0000000e     rtsv7M4_T_le_v4SPD16_eabi.lib : copy_decompress_none.obj (.text:decompress:none)
                  000049f8    0000000c     driverlib-cm4f.lib : cpu.obj (.text:CPUcpsie)
                  00004a04    0000000c                        : gpio.obj (.text:GPIOPinIntEnable)
                  00004a10    0000000c                        : uart.obj (.text:UARTCharsAvail)
                  00004a1c    0000000a                        : adc.obj (.text:ADCIntClear)
                  00004a26    0000000a                        : gpio.obj (.text:GPIOPinRead)
                  00004a30    0000000a                        : gpio.obj (.text:GPIOPinWrite)
                  00004a3a    0000000a                        : i2c.obj (.text:I2CMasterEnable)
                  00004a44    0000000a                        : interrupt.obj (.text:IntMasterEnable)
                  00004a4e    0000000a                        : uart.obj (.text:UARTCharGet)
                  00004a58    0000000a                        : uart.obj (.text:UARTCharPut)
                  00004a62    00000008                        : i2c.obj (.text:I2CMasterBusy)
                  00004a6a    00000008                        : i2c.obj (.text:I2CMasterSlaveAddrSet)
                  00004a72    00000008                        : timer.obj (.text:TimerIntEnable)
                  00004a7a    00000006                        : gpio.obj (.text:GPIOPinIntClear)
                  00004a80    00000006                        : sysctl.obj (.text:SysCtlDelay)
                  00004a86    00000006     rtsv7M4_T_le_v4SPD16_eabi.lib : copy_decompress_rle.obj (.text:decompress:rle24)
                  00004a8c    00000004     driverlib-cm4f.lib : i2c.obj (.text:I2CMasterControl)
                  00004a90    00000004                        : i2c.obj (.text:I2CMasterDataGet)
                  00004a94    00000004                        : i2c.obj (.text:I2CMasterDataPut)
                  00004a98    00000004                        : timer.obj (.text:TimerIntClear)

.const     0    00004aa0    000002c5     
                  00004aa0    00000078     driverlib-cm4f.lib : gpio.obj (.const:g_pulGPIOBaseAddrs)
                  00004b18    00000070                        : interrupt.obj (.const)
                  00004b88    0000006c                        : sysctl.obj (.const:g_pulXtals)
                  00004bf4    00000060                        : timer.obj (.const:g_ppulTimerIntMap)
                  00004c54    00000004     --HOLE-- [fill = 0]
                  00004c58    00000048     rtsv7M4_T_le_v4SPD16_eabi.lib : xexp.obj (.const)
                  00004ca0    00000040     driverlib-cm4f.lib : sysctl.obj (.const)
                  00004ce0    00000038     rtsv7M4_T_le_v4SPD16_eabi.lib : xlog.obj (.const:p)
                  00004d18    00000030                                   : xdint.obj (.const)
                  00004d48    0000001d     main.obj (.const:.string)

.cinit     0    00004d68    000000a8     
                  00004d68    0000006d     (.cinit..data.load) [load image, compression = rle]
                  00004dd5    00000003     --HOLE-- [fill = 0]
                  00004dd8    0000000c     (__TI_handler_table)
                  00004de4    00000004     --HOLE-- [fill = 0]
                  00004de8    00000008     (.cinit..bss.load) [load image, compression = zero_init]
                  00004df0    00000008     (.cinit..vtable.load) [load image, compression = zero_init]
                  00004df8    00000018     (__TI_cinit_table)

.vtable    0    20000000    0000026c     UNINITIALIZED
                  20000000    0000026c     driverlib-cm4f.lib : interrupt.obj (.vtable)

.bss       0    2000026c    00000688     UNINITIALIZED
                  2000026c    00000400     main.obj (.bss:jsonFrame)
                  2000066c    00000258     main.obj (.bss:tokens)
                  200008c4    00000030     main.obj (.bss)

.data      0    200008f8    00000234     
                  200008f8    000000b0     rtsv7M4_T_le_v4SPD16_eabi.lib : signal.obj (.data:sigtable)
                  200009a8    00000080                                   : xvalues.obj (.data)
                  20000a28    0000007c     main.obj (.data)
                  20000aa4    00000004     rtsv7M4_T_le_v4SPD16_eabi.lib : errno.obj (.data)
                  20000aa8    00000068                                   : xfvalues.obj (.data)
                  20000b10    00000008                                   : _lock.obj (.data)
                  20000b18    00000008                                   : exit.obj (.data)
                  20000b20    00000008                                   : feraiseexcept.obj (.data)
                  20000b28    00000004                                   : stkdepth_vars.obj (.data)

.stack     0    20000b2c    00000100     UNINITIALIZED
                  20000b2c    00000100     --HOLE--


LINKER GENERATED COPY TABLES

__TI_cinit_table @ 00004df8 records: 3, size/record: 8, table size: 24
	.data: load addr=00004d68, load size=0000006d bytes, run addr=200008f8, run size=00000234 bytes, compression=rle
	.bss: load addr=00004de8, load size=00000008 bytes, run addr=2000026c, run size=00000688 bytes, compression=zero_init
	.vtable: load addr=00004df0, load size=00000008 bytes, run addr=20000000, run size=0000026c bytes, compression=zero_init


LINKER GENERATED HANDLER TABLE

__TI_handler_table @ 00004dd8 records: 3, size/record: 4, table size: 12
	index: 0, handler: __TI_zero_init
	index: 1, handler: __TI_decompress_rle24
	index: 2, handler: __TI_decompress_none


GLOBAL SYMBOLS: SORTED ALPHABETICALLY BY Name 

address    name
--------   ----
UNDEFED    SHT$$INIT_ARRAY$$Base
UNDEFED    SHT$$INIT_ARRAY$$Limit


GLOBAL SYMBOLS: SORTED BY Symbol Address 

address    name
--------   ----
UNDEFED    SHT$$INIT_ARRAY$$Base
UNDEFED    SHT$$INIT_ARRAY$$Limit

[2 symbols]


LOCALIZED SYMBOLS: 

address    name
--------   ----
00000001   __TI_args_main
00000000   __TI_static_base__
20000aa8   _FDenorm
20000b08   _FXbig
20000ab8   _FEps
20000ac8   _FInf
20000ad8   _FNan
20000ae8   _FSnan
20000af8   _FRteps
20000b0c   _FZero
00002b85   _Log
0000391d   _Dscale
00003da5   _Dnorm
000044f5   signal
000046f3   raise
00004839   log
20000b20   _Fenv
20000b24   _Tls_setup__Fenv
000045d9   feraiseexcept
00003f95   __aeabi_cdcmple
00003f95   __aeabi_cdcmpeq
20000aa4   _Errno
0000442d   copy_in
00003f01   __TI_auto_init
00004885   _args_main
200009a8   _Denorm
200009b8   _Eps
20000a18   _Xbig
200009d8   _Inf
200009e8   _Nan
200009f8   _Snan
200009c8   _Hugeval
20000a20   _Zero
20000a08   _Rteps
00004639   _Feraise
00003111   _Exp
0000415d   _Dunscale
00003ce1   _Dint
000047fd   __aeabi_ui2d
00004609   strncpy
00004775   strncmp
0000491d   strlen
0000489d   strcmp
00004853   strcat
20000b28   main_func_sp
00002301   pow
00003e63   __aeabi_memcpy4
00003e63   __aeabi_memcpy8
00003e63   __aeabi_memcpy
00003e63   memcpy
00004909   _register_unlock
0000490f   _register_lock
20000b14   _unlock
20000b10   _lock
00004917   _nop
000046c5   __aeabi_i2d
00004535   __aeabi_f2d
000042c5   __aeabi_d2f
000043a1   __aeabi_d2iz
00003b1d   __aeabi_dmul
000037e5   __aeabi_ddiv
000034fb   __aeabi_dadd
000034f1   __aeabi_dsub
000044c1   exit
20000b18   _cleanup_ptr
000044b9   abort
20000b1c   _dtors_ptr
000044b5   C$$EXIT
000049af   __TI_zero_init
00004a87   __TI_decompress_rle24
000049eb   __TI_decompress_none
20000b2c   __stack
00004359   _c_int00
0000479b   ADCSequenceDataGet
000049c1   ADCSequenceDisable
00004669   ADCIntStatus
00004931   ADCHardwareOversampleConfigure
00004a1d   ADCIntClear
0000408d   ADCSequenceStepConfigure
00004721   ADCSequenceConfigure
000049cf   ADCSequenceEnable
000048b5   ADCProcessorTrigger
000049f9   CPUcpsie
0000486d   GPIOPortIntRegister
00003c19   GPIOPadConfigSet
00004a31   GPIOPinWrite
00004697   GPIODirModeSet
00004a27   GPIOPinRead
00004967   GPIOPinTypeGPIOOutput
0000498b   GPIOPinTypeUART
00004a05   GPIOPinIntEnable
00004955   GPIOPinTypeGPIOInput
00004943   GPIOPinTypeADC
000043e9   GPIOIntTypeSet
00004979   GPIOPinTypeI2C
00004015   GPIOPinTypeI2CSCL
00004311   GPIOPinConfigure
00004a7b   GPIOPinIntClear
00004a3b   I2CMasterEnable
00004a63   I2CMasterBusy
00004a8d   I2CMasterControl
000048cb   I2CMasterErr
00004a91   I2CMasterDataGet
00004a6b   I2CMasterSlaveAddrSet
00004279   I2CMasterInitExpClk
00004a95   I2CMasterDataPut
00004a45   IntMasterEnable
20000000   g_pfnRAMVectors
000045a5   IntRegister
000040f9   IntEnable
00003319   SysCtlClockGet
000047bd   SysCtlADCSpeedSet
00004221   SysCtlPeripheralEnable
00004a81   SysCtlDelay
000036a9   SysCtlClockSet
00004a99   TimerIntClear
0000474d   TimerConfigure
00004a73   TimerIntEnable
000049dd   TimerEnable
0000456d   TimerIntRegister
000048e1   TimerDisable
0000499d   TimerLoadSet
00004a4f   UARTCharGet
000048f5   UARTEnable
00004a59   UARTCharPut
00004a11   UARTCharsAvail
0000481d   UARTDisable
00004471   UARTConfigSetExpClk
000027a9   I2CWriteData
0000294f   I2CRegWrite
00002ae7   I2CBusScan
00002a43   I2CReadData
0000284f   I2CSetup
000029d5   I2CRegRead
00002fb1   jsmn_parse
00003103   jsmn_init
200008d0   packetType
00000d99   sendRegistration
20000a64   frameSize
00000491   updateGasPPM
20000a50   test
00001369   ACKReceived
20000a7c   servo_angle
0000018d   initTokens
00000001   UARTSend
20000a90   battery_percent
200008c4   g_ulFlags
20000a8c   alcohol_ppm
20000a38   lowPulse
20000a78   pingCounter
0000009b   xbeeGetAddress
0000106d   init
00000ed1   readDataReceived
20000a70   packetLength
200008e0   js
20000a98   celcius
20000a44   ZCrossDelay
20000a3c   highPulse
20000a68   frameReady
000013c5   main
00002289   IntGPIOAHandler
20000a80   occupancy
0000004b   xbeeSendCommand
20000a74   myPacketID
00000983   floatToString
00000959   intToString
00000e1d   resetXbee
000001ad   getChild
2000026c   jsonFrame
20000a60   a
200008e8   p
200008e4   r
000003d5   updateTemperature
20000a94   fahrenheit
20000a4c   device
00000e51   registerNodeReceived
2000066c   tokens
000002d5   writeDataReceived
0000027d   stringToInt
20000a2c   dutyCycle
000007c9   updateBatteryPercent
20000a5c   SH
20000a58   SL
000021ed   Timer0AIntHandler
00000ff9   pingReceived
20000a34   maxDutyCycle
000008f9   sendToXbee
20000a54   frameSynch
20000a40   pwmState
20000a28   ulPeriod
200008d4   ulADC0Value
00000a0f   booleanToString
20000a6c   frameFail
200008c8   frame
20000a30   minDutyCycle
20000a9c   mainLoopCounter
00000705   characterFromHex
20000a84   co_ppm
20000a76   connected
20000aa0   secondaryLoopCounter
0000023b   setServoAngle
00000a79   packData
20000a88   lpg_ppm
20000a48   ZCrossWaiting
0000011d   xbeeCM
00000433   updateOccupancy
ffffffff   __c_args__
20000c2c   __STACK_END
00000100   __STACK_SIZE
ffffffff   __binit__
ffffffff   binit
00004de4   __TI_Handler_Table_Limit
00004dd8   __TI_Handler_Table_Base
00004e10   __TI_CINIT_Limit
00004df8   __TI_CINIT_Base
20000c2c   __STACK_TOP

[241 localized symbols]
