<?xml version="1.0"?>
<link_info>
   <banner>TI ARM Linker PC v5.2.5</banner>
   <copyright>Copyright (c) 1996-2015 Texas Instruments Incorporated</copyright>
   <link_time>0x5620604b</link_time>
   <link_errors>0x0</link_errors>
   <output_file>helloworld.out</output_file>
   <entry_point>
      <name>_c_int00</name>
      <address>0x3051</address>
   </entry_point>
   <input_file_list>
      <input_file id="fl-2">
         <path>.\</path>
         <kind>object</kind>
         <file>hello.obj</file>
         <name>hello.obj</name>
      </input_file>
      <input_file id="fl-3">
         <path>.\</path>
         <kind>object</kind>
         <file>tm4c123gh6zxr_startup_ccs.obj</file>
         <name>tm4c123gh6zxr_startup_ccs.obj</name>
      </input_file>
      <input_file id="fl-129">
         <path>C:\ti\ccsv6\tools\compiler\ti-cgt-arm_5.2.5\lib\</path>
         <kind>archive</kind>
         <file>rtsv7M4_T_le_v4SPD16_eabi.lib</file>
         <name>boot.obj</name>
      </input_file>
      <input_file id="fl-12a">
         <path>C:\ti\ccsv6\tools\compiler\ti-cgt-arm_5.2.5\lib\</path>
         <kind>archive</kind>
         <file>rtsv7M4_T_le_v4SPD16_eabi.lib</file>
         <name>copy_decompress_none.obj</name>
      </input_file>
      <input_file id="fl-12b">
         <path>C:\ti\ccsv6\tools\compiler\ti-cgt-arm_5.2.5\lib\</path>
         <kind>archive</kind>
         <file>rtsv7M4_T_le_v4SPD16_eabi.lib</file>
         <name>copy_decompress_rle.obj</name>
      </input_file>
      <input_file id="fl-12c">
         <path>C:\ti\ccsv6\tools\compiler\ti-cgt-arm_5.2.5\lib\</path>
         <kind>archive</kind>
         <file>rtsv7M4_T_le_v4SPD16_eabi.lib</file>
         <name>copy_zero_init.obj</name>
      </input_file>
      <input_file id="fl-12d">
         <path>C:\ti\ccsv6\tools\compiler\ti-cgt-arm_5.2.5\lib\</path>
         <kind>archive</kind>
         <file>rtsv7M4_T_le_v4SPD16_eabi.lib</file>
         <name>exit.obj</name>
      </input_file>
      <input_file id="fl-12e">
         <path>C:\ti\ccsv6\tools\compiler\ti-cgt-arm_5.2.5\lib\</path>
         <kind>archive</kind>
         <file>rtsv7M4_T_le_v4SPD16_eabi.lib</file>
         <name>memcpy_t2.obj</name>
      </input_file>
      <input_file id="fl-12f">
         <path>C:\ti\ccsv6\tools\compiler\ti-cgt-arm_5.2.5\lib\</path>
         <kind>archive</kind>
         <file>rtsv7M4_T_le_v4SPD16_eabi.lib</file>
         <name>memset_t2.obj</name>
      </input_file>
      <input_file id="fl-130">
         <path>C:\ti\ccsv6\tools\compiler\ti-cgt-arm_5.2.5\lib\</path>
         <kind>archive</kind>
         <file>rtsv7M4_T_le_v4SPD16_eabi.lib</file>
         <name>pre_init.obj</name>
      </input_file>
      <input_file id="fl-131">
         <path>C:\ti\ccsv6\tools\compiler\ti-cgt-arm_5.2.5\lib\</path>
         <kind>archive</kind>
         <file>rtsv7M4_T_le_v4SPD16_eabi.lib</file>
         <name>printf.obj</name>
      </input_file>
      <input_file id="fl-132">
         <path>C:\ti\ccsv6\tools\compiler\ti-cgt-arm_5.2.5\lib\</path>
         <kind>archive</kind>
         <file>rtsv7M4_T_le_v4SPD16_eabi.lib</file>
         <name>stkdepth_vars.obj</name>
      </input_file>
      <input_file id="fl-133">
         <path>C:\ti\ccsv6\tools\compiler\ti-cgt-arm_5.2.5\lib\</path>
         <kind>archive</kind>
         <file>rtsv7M4_T_le_v4SPD16_eabi.lib</file>
         <name>_lock.obj</name>
      </input_file>
      <input_file id="fl-134">
         <path>C:\ti\ccsv6\tools\compiler\ti-cgt-arm_5.2.5\lib\</path>
         <kind>archive</kind>
         <file>rtsv7M4_T_le_v4SPD16_eabi.lib</file>
         <name>_printfi.obj</name>
      </input_file>
      <input_file id="fl-135">
         <path>C:\ti\ccsv6\tools\compiler\ti-cgt-arm_5.2.5\lib\</path>
         <kind>archive</kind>
         <file>rtsv7M4_T_le_v4SPD16_eabi.lib</file>
         <name>args_main.obj</name>
      </input_file>
      <input_file id="fl-136">
         <path>C:\ti\ccsv6\tools\compiler\ti-cgt-arm_5.2.5\lib\</path>
         <kind>archive</kind>
         <file>rtsv7M4_T_le_v4SPD16_eabi.lib</file>
         <name>atoi.obj</name>
      </input_file>
      <input_file id="fl-137">
         <path>C:\ti\ccsv6\tools\compiler\ti-cgt-arm_5.2.5\lib\</path>
         <kind>archive</kind>
         <file>rtsv7M4_T_le_v4SPD16_eabi.lib</file>
         <name>autoinit.obj</name>
      </input_file>
      <input_file id="fl-138">
         <path>C:\ti\ccsv6\tools\compiler\ti-cgt-arm_5.2.5\lib\</path>
         <kind>archive</kind>
         <file>rtsv7M4_T_le_v4SPD16_eabi.lib</file>
         <name>cpy_tbl.obj</name>
      </input_file>
      <input_file id="fl-139">
         <path>C:\ti\ccsv6\tools\compiler\ti-cgt-arm_5.2.5\lib\</path>
         <kind>archive</kind>
         <file>rtsv7M4_T_le_v4SPD16_eabi.lib</file>
         <name>ctype.obj</name>
      </input_file>
      <input_file id="fl-13a">
         <path>C:\ti\ccsv6\tools\compiler\ti-cgt-arm_5.2.5\lib\</path>
         <kind>archive</kind>
         <file>rtsv7M4_T_le_v4SPD16_eabi.lib</file>
         <name>defs.obj</name>
      </input_file>
      <input_file id="fl-13b">
         <path>C:\ti\ccsv6\tools\compiler\ti-cgt-arm_5.2.5\lib\</path>
         <kind>archive</kind>
         <file>rtsv7M4_T_le_v4SPD16_eabi.lib</file>
         <name>fd_add_t2.obj</name>
      </input_file>
      <input_file id="fl-13c">
         <path>C:\ti\ccsv6\tools\compiler\ti-cgt-arm_5.2.5\lib\</path>
         <kind>archive</kind>
         <file>rtsv7M4_T_le_v4SPD16_eabi.lib</file>
         <name>fd_cmp_t2.obj</name>
      </input_file>
      <input_file id="fl-13d">
         <path>C:\ti\ccsv6\tools\compiler\ti-cgt-arm_5.2.5\lib\</path>
         <kind>archive</kind>
         <file>rtsv7M4_T_le_v4SPD16_eabi.lib</file>
         <name>fd_div_t2.obj</name>
      </input_file>
      <input_file id="fl-13e">
         <path>C:\ti\ccsv6\tools\compiler\ti-cgt-arm_5.2.5\lib\</path>
         <kind>archive</kind>
         <file>rtsv7M4_T_le_v4SPD16_eabi.lib</file>
         <name>fd_mul_t2.obj</name>
      </input_file>
      <input_file id="fl-13f">
         <path>C:\ti\ccsv6\tools\compiler\ti-cgt-arm_5.2.5\lib\</path>
         <kind>archive</kind>
         <file>rtsv7M4_T_le_v4SPD16_eabi.lib</file>
         <name>fd_toi_t2.obj</name>
      </input_file>
      <input_file id="fl-140">
         <path>C:\ti\ccsv6\tools\compiler\ti-cgt-arm_5.2.5\lib\</path>
         <kind>archive</kind>
         <file>rtsv7M4_T_le_v4SPD16_eabi.lib</file>
         <name>fputc.obj</name>
      </input_file>
      <input_file id="fl-141">
         <path>C:\ti\ccsv6\tools\compiler\ti-cgt-arm_5.2.5\lib\</path>
         <kind>archive</kind>
         <file>rtsv7M4_T_le_v4SPD16_eabi.lib</file>
         <name>fputs.obj</name>
      </input_file>
      <input_file id="fl-142">
         <path>C:\ti\ccsv6\tools\compiler\ti-cgt-arm_5.2.5\lib\</path>
         <kind>archive</kind>
         <file>rtsv7M4_T_le_v4SPD16_eabi.lib</file>
         <name>frexp.obj</name>
      </input_file>
      <input_file id="fl-143">
         <path>C:\ti\ccsv6\tools\compiler\ti-cgt-arm_5.2.5\lib\</path>
         <kind>archive</kind>
         <file>rtsv7M4_T_le_v4SPD16_eabi.lib</file>
         <name>i_tofd_t2.obj</name>
      </input_file>
      <input_file id="fl-144">
         <path>C:\ti\ccsv6\tools\compiler\ti-cgt-arm_5.2.5\lib\</path>
         <kind>archive</kind>
         <file>rtsv7M4_T_le_v4SPD16_eabi.lib</file>
         <name>ldexp.obj</name>
      </input_file>
      <input_file id="fl-145">
         <path>C:\ti\ccsv6\tools\compiler\ti-cgt-arm_5.2.5\lib\</path>
         <kind>archive</kind>
         <file>rtsv7M4_T_le_v4SPD16_eabi.lib</file>
         <name>lowlev.obj</name>
      </input_file>
      <input_file id="fl-146">
         <path>C:\ti\ccsv6\tools\compiler\ti-cgt-arm_5.2.5\lib\</path>
         <kind>archive</kind>
         <file>rtsv7M4_T_le_v4SPD16_eabi.lib</file>
         <name>ltoa.obj</name>
      </input_file>
      <input_file id="fl-147">
         <path>C:\ti\ccsv6\tools\compiler\ti-cgt-arm_5.2.5\lib\</path>
         <kind>archive</kind>
         <file>rtsv7M4_T_le_v4SPD16_eabi.lib</file>
         <name>memccpy.obj</name>
      </input_file>
      <input_file id="fl-148">
         <path>C:\ti\ccsv6\tools\compiler\ti-cgt-arm_5.2.5\lib\</path>
         <kind>archive</kind>
         <file>rtsv7M4_T_le_v4SPD16_eabi.lib</file>
         <name>memchr.obj</name>
      </input_file>
      <input_file id="fl-149">
         <path>C:\ti\ccsv6\tools\compiler\ti-cgt-arm_5.2.5\lib\</path>
         <kind>archive</kind>
         <file>rtsv7M4_T_le_v4SPD16_eabi.lib</file>
         <name>strchr.obj</name>
      </input_file>
      <input_file id="fl-14a">
         <path>C:\ti\ccsv6\tools\compiler\ti-cgt-arm_5.2.5\lib\</path>
         <kind>archive</kind>
         <file>rtsv7M4_T_le_v4SPD16_eabi.lib</file>
         <name>strcmp.obj</name>
      </input_file>
      <input_file id="fl-14b">
         <path>C:\ti\ccsv6\tools\compiler\ti-cgt-arm_5.2.5\lib\</path>
         <kind>archive</kind>
         <file>rtsv7M4_T_le_v4SPD16_eabi.lib</file>
         <name>strlen.obj</name>
      </input_file>
      <input_file id="fl-14c">
         <path>C:\ti\ccsv6\tools\compiler\ti-cgt-arm_5.2.5\lib\</path>
         <kind>archive</kind>
         <file>rtsv7M4_T_le_v4SPD16_eabi.lib</file>
         <name>strncpy.obj</name>
      </input_file>
      <input_file id="fl-14d">
         <path>C:\ti\ccsv6\tools\compiler\ti-cgt-arm_5.2.5\lib\</path>
         <kind>archive</kind>
         <file>rtsv7M4_T_le_v4SPD16_eabi.lib</file>
         <name>trgdrv.obj</name>
      </input_file>
      <input_file id="fl-14e">
         <path>C:\ti\ccsv6\tools\compiler\ti-cgt-arm_5.2.5\lib\</path>
         <kind>archive</kind>
         <file>rtsv7M4_T_le_v4SPD16_eabi.lib</file>
         <name>trgmsg.obj</name>
      </input_file>
      <input_file id="fl-14f">
         <path>C:\ti\ccsv6\tools\compiler\ti-cgt-arm_5.2.5\lib\</path>
         <kind>archive</kind>
         <file>rtsv7M4_T_le_v4SPD16_eabi.lib</file>
         <name>ull_div_t2.obj</name>
      </input_file>
      <input_file id="fl-150">
         <path>C:\ti\ccsv6\tools\compiler\ti-cgt-arm_5.2.5\lib\</path>
         <kind>archive</kind>
         <file>rtsv7M4_T_le_v4SPD16_eabi.lib</file>
         <name>xdclass.obj</name>
      </input_file>
      <input_file id="fl-151">
         <path>C:\ti\ccsv6\tools\compiler\ti-cgt-arm_5.2.5\lib\</path>
         <kind>archive</kind>
         <file>rtsv7M4_T_le_v4SPD16_eabi.lib</file>
         <name>xdscale.obj</name>
      </input_file>
      <input_file id="fl-152">
         <path>C:\ti\ccsv6\tools\compiler\ti-cgt-arm_5.2.5\lib\</path>
         <kind>archive</kind>
         <file>rtsv7M4_T_le_v4SPD16_eabi.lib</file>
         <name>xdunscal.obj</name>
      </input_file>
      <input_file id="fl-153">
         <path>C:\ti\ccsv6\tools\compiler\ti-cgt-arm_5.2.5\lib\</path>
         <kind>archive</kind>
         <file>rtsv7M4_T_le_v4SPD16_eabi.lib</file>
         <name>xferaise.obj</name>
      </input_file>
      <input_file id="fl-154">
         <path>C:\ti\ccsv6\tools\compiler\ti-cgt-arm_5.2.5\lib\</path>
         <kind>archive</kind>
         <file>rtsv7M4_T_le_v4SPD16_eabi.lib</file>
         <name>xvalues.obj</name>
      </input_file>
      <input_file id="fl-155">
         <path>C:\ti\ccsv6\tools\compiler\ti-cgt-arm_5.2.5\lib\</path>
         <kind>archive</kind>
         <file>rtsv7M4_T_le_v4SPD16_eabi.lib</file>
         <name>_io_perm.obj</name>
      </input_file>
      <input_file id="fl-156">
         <path>C:\ti\ccsv6\tools\compiler\ti-cgt-arm_5.2.5\lib\</path>
         <kind>archive</kind>
         <file>rtsv7M4_T_le_v4SPD16_eabi.lib</file>
         <name>errno.obj</name>
      </input_file>
      <input_file id="fl-157">
         <path>C:\ti\ccsv6\tools\compiler\ti-cgt-arm_5.2.5\lib\</path>
         <kind>archive</kind>
         <file>rtsv7M4_T_le_v4SPD16_eabi.lib</file>
         <name>feraiseexcept.obj</name>
      </input_file>
      <input_file id="fl-158">
         <path>C:\ti\ccsv6\tools\compiler\ti-cgt-arm_5.2.5\lib\</path>
         <kind>archive</kind>
         <file>rtsv7M4_T_le_v4SPD16_eabi.lib</file>
         <name>fflush.obj</name>
      </input_file>
      <input_file id="fl-159">
         <path>C:\ti\ccsv6\tools\compiler\ti-cgt-arm_5.2.5\lib\</path>
         <kind>archive</kind>
         <file>rtsv7M4_T_le_v4SPD16_eabi.lib</file>
         <name>fseek.obj</name>
      </input_file>
      <input_file id="fl-15a">
         <path>C:\ti\ccsv6\tools\compiler\ti-cgt-arm_5.2.5\lib\</path>
         <kind>archive</kind>
         <file>rtsv7M4_T_le_v4SPD16_eabi.lib</file>
         <name>raise.obj</name>
      </input_file>
      <input_file id="fl-15b">
         <path>C:\ti\ccsv6\tools\compiler\ti-cgt-arm_5.2.5\lib\</path>
         <kind>archive</kind>
         <file>rtsv7M4_T_le_v4SPD16_eabi.lib</file>
         <name>setvbuf.obj</name>
      </input_file>
      <input_file id="fl-15c">
         <path>C:\ti\ccsv6\tools\compiler\ti-cgt-arm_5.2.5\lib\</path>
         <kind>archive</kind>
         <file>rtsv7M4_T_le_v4SPD16_eabi.lib</file>
         <name>signal.obj</name>
      </input_file>
      <input_file id="fl-15d">
         <path>C:\ti\ccsv6\tools\compiler\ti-cgt-arm_5.2.5\lib\</path>
         <kind>archive</kind>
         <file>rtsv7M4_T_le_v4SPD16_eabi.lib</file>
         <name>strcpy.obj</name>
      </input_file>
      <input_file id="fl-15e">
         <path>C:\ti\ccsv6\tools\compiler\ti-cgt-arm_5.2.5\lib\</path>
         <kind>archive</kind>
         <file>rtsv7M4_T_le_v4SPD16_eabi.lib</file>
         <name>xdnorm.obj</name>
      </input_file>
      <input_file id="fl-15f">
         <path>C:\ti\ccsv6\tools\compiler\ti-cgt-arm_5.2.5\lib\</path>
         <kind>archive</kind>
         <file>rtsv7M4_T_le_v4SPD16_eabi.lib</file>
         <name>fopen.obj</name>
      </input_file>
      <input_file id="fl-160">
         <path>C:\ti\ccsv6\tools\compiler\ti-cgt-arm_5.2.5\lib\</path>
         <kind>archive</kind>
         <file>rtsv7M4_T_le_v4SPD16_eabi.lib</file>
         <name>memory.obj</name>
      </input_file>
      <input_file id="fl-161">
         <path>C:\ti\ccsv6\tools\compiler\ti-cgt-arm_5.2.5\lib\</path>
         <kind>archive</kind>
         <file>rtsv7M4_T_le_v4SPD16_eabi.lib</file>
         <name>fclose.obj</name>
      </input_file>
      <input_file id="fl-162">
         <path>C:\ti\ccsv6\tools\compiler\ti-cgt-arm_5.2.5\lib\</path>
         <kind>archive</kind>
         <file>rtsv7M4_T_le_v4SPD16_eabi.lib</file>
         <name>remove.obj</name>
      </input_file>
   </input_file_list>
   <object_component_list>
      <object_component id="oc-f">
         <name>.intvecs</name>
         <load_address>0x0</load_address>
         <run_address>0x0</run_address>
         <size>0x26c</size>
         <input_file_ref idref="fl-3"/>
      </object_component>
      <object_component id="oc-100">
         <name>.text</name>
         <load_address>0x26c</load_address>
         <run_address>0x26c</run_address>
         <size>0x10ba</size>
         <input_file_ref idref="fl-134"/>
      </object_component>
      <object_component id="oc-20d">
         <name>.text</name>
         <load_address>0x1328</load_address>
         <run_address>0x1328</run_address>
         <size>0x3dc</size>
         <input_file_ref idref="fl-160"/>
      </object_component>
      <object_component id="oc-11f">
         <name>.text</name>
         <load_address>0x1704</load_address>
         <run_address>0x1704</run_address>
         <size>0x30c</size>
         <input_file_ref idref="fl-145"/>
      </object_component>
      <object_component id="oc-22a">
         <name>.text</name>
         <load_address>0x1a10</load_address>
         <run_address>0x1a10</run_address>
         <size>0x2d4</size>
         <input_file_ref idref="fl-14d"/>
      </object_component>
      <object_component id="oc-135">
         <name>.text</name>
         <load_address>0x1ce4</load_address>
         <run_address>0x1ce4</run_address>
         <size>0x1f4</size>
         <input_file_ref idref="fl-14f"/>
      </object_component>
      <object_component id="oc-213">
         <name>.text</name>
         <load_address>0x1ed8</load_address>
         <run_address>0x1ed8</run_address>
         <size>0x1c4</size>
         <input_file_ref idref="fl-15f"/>
      </object_component>
      <object_component id="oc-15e">
         <name>.text</name>
         <load_address>0x209c</load_address>
         <run_address>0x209c</run_address>
         <size>0x1b6</size>
         <input_file_ref idref="fl-13b"/>
      </object_component>
      <object_component id="oc-144">
         <name>.text</name>
         <load_address>0x2252</load_address>
         <run_address>0x2252</run_address>
         <size>0x136</size>
         <input_file_ref idref="fl-13d"/>
      </object_component>
      <object_component id="oc-fa">
         <name>.text</name>
         <load_address>0x2388</load_address>
         <run_address>0x2388</run_address>
         <size>0x134</size>
         <input_file_ref idref="fl-141"/>
      </object_component>
      <object_component id="oc-1e7">
         <name>.text</name>
         <load_address>0x24bc</load_address>
         <run_address>0x24bc</run_address>
         <size>0x110</size>
         <input_file_ref idref="fl-151"/>
      </object_component>
      <object_component id="oc-13f">
         <name>.text</name>
         <load_address>0x25cc</load_address>
         <run_address>0x25cc</run_address>
         <size>0xfc</size>
         <input_file_ref idref="fl-13e"/>
      </object_component>
      <object_component id="oc-1a9">
         <name>.text</name>
         <load_address>0x26c8</load_address>
         <run_address>0x26c8</run_address>
         <size>0xdc</size>
         <input_file_ref idref="fl-15b"/>
      </object_component>
      <object_component id="oc-119">
         <name>.text</name>
         <load_address>0x27a4</load_address>
         <run_address>0x27a4</run_address>
         <size>0xc8</size>
         <input_file_ref idref="fl-158"/>
      </object_component>
      <object_component id="oc-23f">
         <name>.text</name>
         <load_address>0x286c</load_address>
         <run_address>0x286c</run_address>
         <size>0xbe</size>
         <input_file_ref idref="fl-15e"/>
      </object_component>
      <object_component id="oc-113">
         <name>.text</name>
         <load_address>0x292a</load_address>
         <run_address>0x292a</run_address>
         <size>0xac</size>
         <input_file_ref idref="fl-155"/>
      </object_component>
      <object_component id="oc-36">
         <name>.text</name>
         <load_address>0x29d6</load_address>
         <run_address>0x29d6</run_address>
         <size>0x9c</size>
         <input_file_ref idref="fl-12e"/>
      </object_component>
      <object_component id="oc-26b">
         <name>.text</name>
         <load_address>0x2a74</load_address>
         <run_address>0x2a74</run_address>
         <size>0x98</size>
         <input_file_ref idref="fl-161"/>
      </object_component>
      <object_component id="oc-f4">
         <name>.text</name>
         <load_address>0x2b0c</load_address>
         <run_address>0x2b0c</run_address>
         <size>0x98</size>
         <input_file_ref idref="fl-140"/>
      </object_component>
      <object_component id="oc-13a">
         <name>.text:__aeabi_cdcmple</name>
         <load_address>0x2ba4</load_address>
         <run_address>0x2ba4</run_address>
         <size>0x86</size>
         <input_file_ref idref="fl-13c"/>
      </object_component>
      <object_component id="oc-149">
         <name>.text:__aeabi_cdrcmple</name>
         <load_address>0x2c2a</load_address>
         <run_address>0x2c2a</run_address>
         <size>0x86</size>
         <input_file_ref idref="fl-13c"/>
      </object_component>
      <object_component id="oc-4f">
         <name>.text</name>
         <load_address>0x2cb0</load_address>
         <run_address>0x2cb0</run_address>
         <size>0x7a</size>
         <input_file_ref idref="fl-12f"/>
      </object_component>
      <object_component id="oc-d1">
         <name>.text</name>
         <load_address>0x2d2c</load_address>
         <run_address>0x2d2c</run_address>
         <size>0x70</size>
         <input_file_ref idref="fl-131"/>
      </object_component>
      <object_component id="oc-61">
         <name>.text</name>
         <load_address>0x2d9c</load_address>
         <run_address>0x2d9c</run_address>
         <size>0x6c</size>
         <input_file_ref idref="fl-137"/>
      </object_component>
      <object_component id="oc-42">
         <name>.text</name>
         <load_address>0x2e08</load_address>
         <run_address>0x2e08</run_address>
         <size>0x6a</size>
         <input_file_ref idref="fl-12b"/>
      </object_component>
      <object_component id="oc-27a">
         <name>.text</name>
         <load_address>0x2e74</load_address>
         <run_address>0x2e74</run_address>
         <size>0x68</size>
         <input_file_ref idref="fl-14e"/>
      </object_component>
      <object_component id="oc-1df">
         <name>.text</name>
         <load_address>0x2edc</load_address>
         <run_address>0x2edc</run_address>
         <size>0x66</size>
         <input_file_ref idref="fl-152"/>
      </object_component>
      <object_component id="oc-1a3">
         <name>.text</name>
         <load_address>0x2f44</load_address>
         <run_address>0x2f44</run_address>
         <size>0x64</size>
         <input_file_ref idref="fl-159"/>
      </object_component>
      <object_component id="oc-153">
         <name>.text</name>
         <load_address>0x2fa8</load_address>
         <run_address>0x2fa8</run_address>
         <size>0x56</size>
         <input_file_ref idref="fl-146"/>
      </object_component>
      <object_component id="oc-169">
         <name>.text</name>
         <load_address>0x2ffe</load_address>
         <run_address>0x2ffe</run_address>
         <size>0x52</size>
         <input_file_ref idref="fl-144"/>
      </object_component>
      <object_component id="oc-24">
         <name>.text</name>
         <load_address>0x3050</load_address>
         <run_address>0x3050</run_address>
         <size>0x50</size>
         <input_file_ref idref="fl-129"/>
      </object_component>
      <object_component id="oc-181">
         <name>.text</name>
         <load_address>0x30a0</load_address>
         <run_address>0x30a0</run_address>
         <size>0x4c</size>
         <input_file_ref idref="fl-136"/>
      </object_component>
      <object_component id="oc-9c">
         <name>.text</name>
         <load_address>0x30ec</load_address>
         <run_address>0x30ec</run_address>
         <size>0x4c</size>
         <input_file_ref idref="fl-138"/>
      </object_component>
      <object_component id="oc-14e">
         <name>.text</name>
         <load_address>0x3138</load_address>
         <run_address>0x3138</run_address>
         <size>0x48</size>
         <input_file_ref idref="fl-13f"/>
      </object_component>
      <object_component id="oc-6d">
         <name>.text</name>
         <load_address>0x3180</load_address>
         <run_address>0x3180</run_address>
         <size>0x44</size>
         <input_file_ref idref="fl-12d"/>
      </object_component>
      <object_component id="oc-2be">
         <name>.text</name>
         <load_address>0x31c4</load_address>
         <run_address>0x31c4</run_address>
         <size>0x40</size>
         <input_file_ref idref="fl-15c"/>
      </object_component>
      <object_component id="oc-24e">
         <name>.text</name>
         <load_address>0x3204</load_address>
         <run_address>0x3204</run_address>
         <size>0x34</size>
         <input_file_ref idref="fl-157"/>
      </object_component>
      <object_component id="oc-1bc">
         <name>.text</name>
         <load_address>0x3238</load_address>
         <run_address>0x3238</run_address>
         <size>0x30</size>
         <input_file_ref idref="fl-14c"/>
      </object_component>
      <object_component id="oc-175">
         <name>.text</name>
         <load_address>0x3268</load_address>
         <run_address>0x3268</run_address>
         <size>0x30</size>
         <input_file_ref idref="fl-150"/>
      </object_component>
      <object_component id="oc-1ed">
         <name>.text</name>
         <load_address>0x3298</load_address>
         <run_address>0x3298</run_address>
         <size>0x30</size>
         <input_file_ref idref="fl-153"/>
      </object_component>
      <object_component id="oc-159">
         <name>.text</name>
         <load_address>0x32c8</load_address>
         <run_address>0x32c8</run_address>
         <size>0x2e</size>
         <input_file_ref idref="fl-143"/>
      </object_component>
      <object_component id="oc-29c">
         <name>.text</name>
         <load_address>0x32f6</load_address>
         <run_address>0x32f6</run_address>
         <size>0x2e</size>
         <input_file_ref idref="fl-15a"/>
      </object_component>
      <object_component id="oc-163">
         <name>.text</name>
         <load_address>0x3324</load_address>
         <run_address>0x3324</run_address>
         <size>0x2a</size>
         <input_file_ref idref="fl-142"/>
      </object_component>
      <object_component id="oc-12d">
         <name>.text</name>
         <load_address>0x334e</load_address>
         <run_address>0x334e</run_address>
         <size>0x20</size>
         <input_file_ref idref="fl-148"/>
      </object_component>
      <object_component id="oc-17b">
         <name>.text</name>
         <load_address>0x336e</load_address>
         <run_address>0x336e</run_address>
         <size>0x1c</size>
         <input_file_ref idref="fl-147"/>
      </object_component>
      <object_component id="oc-a4">
         <name>.text</name>
         <load_address>0x338c</load_address>
         <run_address>0x338c</run_address>
         <size>0x1a</size>
         <input_file_ref idref="fl-2"/>
      </object_component>
      <object_component id="oc-67">
         <name>.text</name>
         <load_address>0x33a8</load_address>
         <run_address>0x33a8</run_address>
         <size>0x18</size>
         <input_file_ref idref="fl-135"/>
      </object_component>
      <object_component id="oc-1b6">
         <name>.text</name>
         <load_address>0x33c0</load_address>
         <run_address>0x33c0</run_address>
         <size>0x18</size>
         <input_file_ref idref="fl-14a"/>
      </object_component>
      <object_component id="oc-16f">
         <name>.text</name>
         <load_address>0x33d8</load_address>
         <run_address>0x33d8</run_address>
         <size>0x16</size>
         <input_file_ref idref="fl-149"/>
      </object_component>
      <object_component id="oc-df">
         <name>.text</name>
         <load_address>0x33f0</load_address>
         <run_address>0x33f0</run_address>
         <size>0x14</size>
         <input_file_ref idref="fl-133"/>
      </object_component>
      <object_component id="oc-280">
         <name>.text</name>
         <load_address>0x3404</load_address>
         <run_address>0x3404</run_address>
         <size>0x14</size>
         <input_file_ref idref="fl-15d"/>
      </object_component>
      <object_component id="oc-127">
         <name>.text</name>
         <load_address>0x3418</load_address>
         <run_address>0x3418</run_address>
         <size>0x14</size>
         <input_file_ref idref="fl-14b"/>
      </object_component>
      <object_component id="oc-12">
         <name>.text:decompress:none</name>
         <load_address>0x342c</load_address>
         <run_address>0x342c</run_address>
         <size>0xe</size>
         <input_file_ref idref="fl-12a"/>
      </object_component>
      <object_component id="oc-1e">
         <name>.text:decompress:ZI</name>
         <load_address>0x343a</load_address>
         <run_address>0x343a</run_address>
         <size>0xc</size>
         <input_file_ref idref="fl-12c"/>
      </object_component>
      <object_component id="oc-2d">
         <name>.text</name>
         <load_address>0x3446</load_address>
         <run_address>0x3446</run_address>
         <size>0xc</size>
         <input_file_ref idref="fl-3"/>
      </object_component>
      <object_component id="oc-18">
         <name>.text:decompress:rle24</name>
         <load_address>0x3452</load_address>
         <run_address>0x3452</run_address>
         <size>0x6</size>
         <input_file_ref idref="fl-12b"/>
      </object_component>
      <object_component id="oc-5b">
         <name>.text</name>
         <load_address>0x3458</load_address>
         <run_address>0x3458</run_address>
         <size>0x4</size>
         <input_file_ref idref="fl-130"/>
      </object_component>
      <object_component id="oc-1fb">
         <name>.const:.string:_ctypes_</name>
         <load_address>0x345c</load_address>
         <run_address>0x345c</run_address>
         <size>0x101</size>
         <input_file_ref idref="fl-139"/>
      </object_component>
      <object_component id="oc-30e">
         <name>.cinit..data.load</name>
         <load_address>0x3560</load_address>
         <run_address>0x3560</run_address>
         <size>0xa6</size>
      </object_component>
      <object_component id="oc-30c">
         <name>__TI_handler_table</name>
         <load_address>0x3608</load_address>
         <run_address>0x3608</run_address>
         <size>0xc</size>
      </object_component>
      <object_component id="oc-30f">
         <name>.cinit..bss.load</name>
         <load_address>0x3618</load_address>
         <run_address>0x3618</run_address>
         <size>0x8</size>
      </object_component>
      <object_component id="oc-30d">
         <name>__TI_cinit_table</name>
         <load_address>0x3620</load_address>
         <run_address>0x3620</run_address>
         <size>0x10</size>
      </object_component>
      <object_component id="oc-2a">
         <name>.sysmem</name>
         <uninitialized>true</uninitialized>
         <run_address>0x200006f8</run_address>
         <size>0x8</size>
         <input_file_ref idref="fl-160"/>
      </object_component>
      <object_component id="oc-311">
         <name>.sysmem</name>
         <uninitialized>true</uninitialized>
         <run_address>0x200006f8</run_address>
         <size>0x0</size>
      </object_component>
      <object_component id="oc-29">
         <name>.stack</name>
         <uninitialized>true</uninitialized>
         <run_address>0x20000330</run_address>
         <size>0x0</size>
         <input_file_ref idref="fl-129"/>
      </object_component>
      <object_component id="oc-310">
         <name>.stack</name>
         <uninitialized>true</uninitialized>
         <run_address>0x20000330</run_address>
         <size>0x0</size>
      </object_component>
      <object_component id="oc-2ac">
         <name>.bss:__TI_tmpnams</name>
         <uninitialized>true</uninitialized>
         <run_address>0x20000650</run_address>
         <size>0xa0</size>
         <input_file_ref idref="fl-13a"/>
      </object_component>
      <object_component id="oc-2b3">
         <name>.bss:__CIOBUF_</name>
         <uninitialized>true</uninitialized>
         <run_address>0x20000530</run_address>
         <size>0x120</size>
         <input_file_ref idref="fl-14e"/>
      </object_component>
      <object_component id="oc-286">
         <name>.common:parmbuf</name>
         <uninitialized>true</uninitialized>
         <run_address>0x200006f0</run_address>
         <size>0x8</size>
      </object_component>
      <object_component id="oc-af">
         <name>.data</name>
         <load_address>0x20000314</load_address>
         <run_address>0x20000314</run_address>
         <size>0x8</size>
         <input_file_ref idref="fl-12d"/>
      </object_component>
      <object_component id="oc-73">
         <name>.data</name>
         <load_address>0x2000032c</load_address>
         <run_address>0x2000032c</run_address>
         <size>0x4</size>
         <input_file_ref idref="fl-132"/>
      </object_component>
      <object_component id="oc-ac">
         <name>.data</name>
         <load_address>0x2000030c</load_address>
         <run_address>0x2000030c</run_address>
         <size>0x8</size>
         <input_file_ref idref="fl-133"/>
      </object_component>
      <object_component id="oc-106">
         <name>.data:_ftable</name>
         <load_address>0x20000000</load_address>
         <run_address>0x20000000</run_address>
         <size>0xf0</size>
         <input_file_ref idref="fl-13a"/>
      </object_component>
      <object_component id="oc-1b1">
         <name>.data</name>
         <load_address>0x200002f0</load_address>
         <run_address>0x200002f0</run_address>
         <size>0x10</size>
         <input_file_ref idref="fl-13a"/>
      </object_component>
      <object_component id="oc-1c2">
         <name>.data</name>
         <load_address>0x200000f0</load_address>
         <run_address>0x200000f0</run_address>
         <size>0xd0</size>
         <input_file_ref idref="fl-145"/>
      </object_component>
      <object_component id="oc-249">
         <name>.data</name>
         <load_address>0x20000270</load_address>
         <run_address>0x20000270</run_address>
         <size>0x80</size>
         <input_file_ref idref="fl-154"/>
      </object_component>
      <object_component id="oc-254">
         <name>.data</name>
         <load_address>0x20000324</load_address>
         <run_address>0x20000324</run_address>
         <size>0x4</size>
         <input_file_ref idref="fl-156"/>
      </object_component>
      <object_component id="oc-2a2">
         <name>.data</name>
         <load_address>0x2000031c</load_address>
         <run_address>0x2000031c</run_address>
         <size>0x8</size>
         <input_file_ref idref="fl-157"/>
      </object_component>
      <object_component id="oc-2d9">
         <name>.data:sigtable</name>
         <load_address>0x200001c0</load_address>
         <run_address>0x200001c0</run_address>
         <size>0xb0</size>
         <input_file_ref idref="fl-15c"/>
      </object_component>
      <object_component id="oc-271">
         <name>.data</name>
         <load_address>0x20000328</load_address>
         <run_address>0x20000328</run_address>
         <size>0x4</size>
         <input_file_ref idref="fl-15f"/>
      </object_component>
      <object_component id="oc-267">
         <name>.data</name>
         <load_address>0x20000300</load_address>
         <run_address>0x20000300</run_address>
         <size>0xc</size>
         <input_file_ref idref="fl-160"/>
      </object_component>
      <object_component id="oc-1a2">
         <name>.debug_info</name>
         <load_address>0x0</load_address>
         <run_address>0x0</run_address>
         <size>0xe8</size>
         <input_file_ref idref="fl-2"/>
      </object_component>
      <object_component id="oc-a5">
         <name>.debug_info</name>
         <load_address>0xe8</load_address>
         <run_address>0xe8</run_address>
         <size>0xfe</size>
         <input_file_ref idref="fl-2"/>
      </object_component>
      <object_component id="oc-7e">
         <name>.debug_info</name>
         <load_address>0x1e6</load_address>
         <run_address>0x1e6</run_address>
         <size>0x84</size>
         <input_file_ref idref="fl-2"/>
      </object_component>
      <object_component id="oc-10b">
         <name>.debug_info</name>
         <load_address>0x26a</load_address>
         <run_address>0x26a</run_address>
         <size>0x4e</size>
         <input_file_ref idref="fl-2"/>
      </object_component>
      <object_component id="oc-35">
         <name>.debug_info</name>
         <load_address>0x2b8</load_address>
         <run_address>0x2b8</run_address>
         <size>0x100</size>
         <input_file_ref idref="fl-3"/>
      </object_component>
      <object_component id="oc-10">
         <name>.debug_info</name>
         <load_address>0x3b8</load_address>
         <run_address>0x3b8</run_address>
         <size>0xe5</size>
         <input_file_ref idref="fl-3"/>
      </object_component>
      <object_component id="oc-2e">
         <name>.debug_info</name>
         <load_address>0x49d</load_address>
         <run_address>0x49d</run_address>
         <size>0x269</size>
         <input_file_ref idref="fl-3"/>
      </object_component>
      <object_component id="oc-83">
         <name>.debug_info</name>
         <load_address>0x706</load_address>
         <run_address>0x706</run_address>
         <size>0x18b</size>
         <input_file_ref idref="fl-3"/>
      </object_component>
      <object_component id="oc-25">
         <name>.debug_info</name>
         <load_address>0x891</load_address>
         <run_address>0x891</run_address>
         <size>0x134</size>
         <input_file_ref idref="fl-129"/>
      </object_component>
      <object_component id="oc-41">
         <name>.debug_info</name>
         <load_address>0x9c5</load_address>
         <run_address>0x9c5</run_address>
         <size>0x121</size>
         <input_file_ref idref="fl-12a"/>
      </object_component>
      <object_component id="oc-14">
         <name>.debug_info</name>
         <load_address>0xae6</load_address>
         <run_address>0xae6</run_address>
         <size>0x1c0</size>
         <input_file_ref idref="fl-12a"/>
      </object_component>
      <object_component id="oc-3c">
         <name>.debug_info</name>
         <load_address>0xca6</load_address>
         <run_address>0xca6</run_address>
         <size>0x46</size>
         <input_file_ref idref="fl-12a"/>
      </object_component>
      <object_component id="oc-89">
         <name>.debug_info</name>
         <load_address>0xcec</load_address>
         <run_address>0xcec</run_address>
         <size>0x2c</size>
         <input_file_ref idref="fl-12a"/>
      </object_component>
      <object_component id="oc-49">
         <name>.debug_info</name>
         <load_address>0xd18</load_address>
         <run_address>0xd18</run_address>
         <size>0x115</size>
         <input_file_ref idref="fl-12b"/>
      </object_component>
      <object_component id="oc-46">
         <name>.debug_info</name>
         <load_address>0xe2d</load_address>
         <run_address>0xe2d</run_address>
         <size>0x228</size>
         <input_file_ref idref="fl-12b"/>
      </object_component>
      <object_component id="oc-1b">
         <name>.debug_info</name>
         <load_address>0x1055</load_address>
         <run_address>0x1055</run_address>
         <size>0x192</size>
         <input_file_ref idref="fl-12b"/>
      </object_component>
      <object_component id="oc-4a">
         <name>.debug_info</name>
         <load_address>0x11e7</load_address>
         <run_address>0x11e7</run_address>
         <size>0x39</size>
         <input_file_ref idref="fl-12b"/>
      </object_component>
      <object_component id="oc-93">
         <name>.debug_info</name>
         <load_address>0x1220</load_address>
         <run_address>0x1220</run_address>
         <size>0x2c</size>
         <input_file_ref idref="fl-12b"/>
      </object_component>
      <object_component id="oc-5a">
         <name>.debug_info</name>
         <load_address>0x124c</load_address>
         <run_address>0x124c</run_address>
         <size>0x110</size>
         <input_file_ref idref="fl-12c"/>
      </object_component>
      <object_component id="oc-20">
         <name>.debug_info</name>
         <load_address>0x135c</load_address>
         <run_address>0x135c</run_address>
         <size>0x18b</size>
         <input_file_ref idref="fl-12c"/>
      </object_component>
      <object_component id="oc-55">
         <name>.debug_info</name>
         <load_address>0x14e7</load_address>
         <run_address>0x14e7</run_address>
         <size>0x46</size>
         <input_file_ref idref="fl-12c"/>
      </object_component>
      <object_component id="oc-b3">
         <name>.debug_info</name>
         <load_address>0x152d</load_address>
         <run_address>0x152d</run_address>
         <size>0x172</size>
         <input_file_ref idref="fl-12d"/>
      </object_component>
      <object_component id="oc-b0">
         <name>.debug_info</name>
         <load_address>0x169f</load_address>
         <run_address>0x169f</run_address>
         <size>0x117</size>
         <input_file_ref idref="fl-12d"/>
      </object_component>
      <object_component id="oc-6e">
         <name>.debug_info</name>
         <load_address>0x17b6</load_address>
         <run_address>0x17b6</run_address>
         <size>0x1ee</size>
         <input_file_ref idref="fl-12d"/>
      </object_component>
      <object_component id="oc-37">
         <name>.debug_info</name>
         <load_address>0x19a4</load_address>
         <run_address>0x19a4</run_address>
         <size>0xf6</size>
         <input_file_ref idref="fl-12e"/>
      </object_component>
      <object_component id="oc-52">
         <name>.debug_info</name>
         <load_address>0x1a9a</load_address>
         <run_address>0x1a9a</run_address>
         <size>0x124</size>
         <input_file_ref idref="fl-12f"/>
      </object_component>
      <object_component id="oc-5e">
         <name>.debug_info</name>
         <load_address>0x1bbe</load_address>
         <run_address>0x1bbe</run_address>
         <size>0x129</size>
         <input_file_ref idref="fl-130"/>
      </object_component>
      <object_component id="oc-10a">
         <name>.debug_info</name>
         <load_address>0x1ce7</load_address>
         <run_address>0x1ce7</run_address>
         <size>0x20d</size>
         <input_file_ref idref="fl-131"/>
      </object_component>
      <object_component id="oc-d4">
         <name>.debug_info</name>
         <load_address>0x1ef4</load_address>
         <run_address>0x1ef4</run_address>
         <size>0x265</size>
         <input_file_ref idref="fl-131"/>
      </object_component>
      <object_component id="oc-19d">
         <name>.debug_info</name>
         <load_address>0x2159</load_address>
         <run_address>0x2159</run_address>
         <size>0xae</size>
         <input_file_ref idref="fl-131"/>
      </object_component>
      <object_component id="oc-74">
         <name>.debug_info</name>
         <load_address>0x2207</load_address>
         <run_address>0x2207</run_address>
         <size>0xea</size>
         <input_file_ref idref="fl-132"/>
      </object_component>
      <object_component id="oc-e7">
         <name>.debug_info</name>
         <load_address>0x22f1</load_address>
         <run_address>0x22f1</run_address>
         <size>0x105</size>
         <input_file_ref idref="fl-133"/>
      </object_component>
      <object_component id="oc-ad">
         <name>.debug_info</name>
         <load_address>0x23f6</load_address>
         <run_address>0x23f6</run_address>
         <size>0xf4</size>
         <input_file_ref idref="fl-133"/>
      </object_component>
      <object_component id="oc-e0">
         <name>.debug_info</name>
         <load_address>0x24ea</load_address>
         <run_address>0x24ea</run_address>
         <size>0x200</size>
         <input_file_ref idref="fl-133"/>
      </object_component>
      <object_component id="oc-188">
         <name>.debug_info</name>
         <load_address>0x26ea</load_address>
         <run_address>0x26ea</run_address>
         <size>0x338</size>
         <input_file_ref idref="fl-134"/>
      </object_component>
      <object_component id="oc-101">
         <name>.debug_info</name>
         <load_address>0x2a22</load_address>
         <run_address>0x2a22</run_address>
         <size>0x17ea</size>
         <input_file_ref idref="fl-134"/>
      </object_component>
      <object_component id="oc-189">
         <name>.debug_info</name>
         <load_address>0x420c</load_address>
         <run_address>0x420c</run_address>
         <size>0x86</size>
         <input_file_ref idref="fl-134"/>
      </object_component>
      <object_component id="oc-18e">
         <name>.debug_info</name>
         <load_address>0x4292</load_address>
         <run_address>0x4292</run_address>
         <size>0x2c</size>
         <input_file_ref idref="fl-134"/>
      </object_component>
      <object_component id="oc-202">
         <name>.debug_info</name>
         <load_address>0x42be</load_address>
         <run_address>0x42be</run_address>
         <size>0x46</size>
         <input_file_ref idref="fl-134"/>
      </object_component>
      <object_component id="oc-193">
         <name>.debug_info</name>
         <load_address>0x4304</load_address>
         <run_address>0x4304</run_address>
         <size>0x39</size>
         <input_file_ref idref="fl-134"/>
      </object_component>
      <object_component id="oc-ab">
         <name>.debug_info</name>
         <load_address>0x433d</load_address>
         <run_address>0x433d</run_address>
         <size>0x147</size>
         <input_file_ref idref="fl-135"/>
      </object_component>
      <object_component id="oc-69">
         <name>.debug_info</name>
         <load_address>0x4484</load_address>
         <run_address>0x4484</run_address>
         <size>0x148</size>
         <input_file_ref idref="fl-135"/>
      </object_component>
      <object_component id="oc-da">
         <name>.debug_info</name>
         <load_address>0x45cc</load_address>
         <run_address>0x45cc</run_address>
         <size>0x5e</size>
         <input_file_ref idref="fl-135"/>
      </object_component>
      <object_component id="oc-1ff">
         <name>.debug_info</name>
         <load_address>0x462a</load_address>
         <run_address>0x462a</run_address>
         <size>0xf5</size>
         <input_file_ref idref="fl-136"/>
      </object_component>
      <object_component id="oc-182">
         <name>.debug_info</name>
         <load_address>0x471f</load_address>
         <run_address>0x471f</run_address>
         <size>0x152</size>
         <input_file_ref idref="fl-136"/>
      </object_component>
      <object_component id="oc-a3">
         <name>.debug_info</name>
         <load_address>0x4871</load_address>
         <run_address>0x4871</run_address>
         <size>0x29e</size>
         <input_file_ref idref="fl-137"/>
      </object_component>
      <object_component id="oc-62">
         <name>.debug_info</name>
         <load_address>0x4b0f</load_address>
         <run_address>0x4b0f</run_address>
         <size>0x158</size>
         <input_file_ref idref="fl-137"/>
      </object_component>
      <object_component id="oc-c7">
         <name>.debug_info</name>
         <load_address>0x4c67</load_address>
         <run_address>0x4c67</run_address>
         <size>0x39</size>
         <input_file_ref idref="fl-137"/>
      </object_component>
      <object_component id="oc-cc">
         <name>.debug_info</name>
         <load_address>0x4ca0</load_address>
         <run_address>0x4ca0</run_address>
         <size>0xcd</size>
         <input_file_ref idref="fl-137"/>
      </object_component>
      <object_component id="oc-c4">
         <name>.debug_info</name>
         <load_address>0x4d6d</load_address>
         <run_address>0x4d6d</run_address>
         <size>0x1c1</size>
         <input_file_ref idref="fl-138"/>
      </object_component>
      <object_component id="oc-9d">
         <name>.debug_info</name>
         <load_address>0x4f2e</load_address>
         <run_address>0x4f2e</run_address>
         <size>0x164</size>
         <input_file_ref idref="fl-138"/>
      </object_component>
      <object_component id="oc-ef">
         <name>.debug_info</name>
         <load_address>0x5092</load_address>
         <run_address>0x5092</run_address>
         <size>0x2c</size>
         <input_file_ref idref="fl-138"/>
      </object_component>
      <object_component id="oc-262">
         <name>.debug_info</name>
         <load_address>0x50be</load_address>
         <run_address>0x50be</run_address>
         <size>0xcf</size>
         <input_file_ref idref="fl-139"/>
      </object_component>
      <object_component id="oc-1fc">
         <name>.debug_info</name>
         <load_address>0x518d</load_address>
         <run_address>0x518d</run_address>
         <size>0xdb</size>
         <input_file_ref idref="fl-139"/>
      </object_component>
      <object_component id="oc-19a">
         <name>.debug_info</name>
         <load_address>0x5268</load_address>
         <run_address>0x5268</run_address>
         <size>0xf1</size>
         <input_file_ref idref="fl-13a"/>
      </object_component>
      <object_component id="oc-107">
         <name>.debug_info</name>
         <load_address>0x5359</load_address>
         <run_address>0x5359</run_address>
         <size>0xd8</size>
         <input_file_ref idref="fl-13a"/>
      </object_component>
      <object_component id="oc-2ad">
         <name>.debug_info</name>
         <load_address>0x5431</load_address>
         <run_address>0x5431</run_address>
         <size>0xe2</size>
         <input_file_ref idref="fl-13a"/>
      </object_component>
      <object_component id="oc-1b2">
         <name>.debug_info</name>
         <load_address>0x5513</load_address>
         <run_address>0x5513</run_address>
         <size>0x165</size>
         <input_file_ref idref="fl-13a"/>
      </object_component>
      <object_component id="oc-15f">
         <name>.debug_info</name>
         <load_address>0x5678</load_address>
         <run_address>0x5678</run_address>
         <size>0x129</size>
         <input_file_ref idref="fl-13b"/>
      </object_component>
      <object_component id="oc-13b">
         <name>.debug_info</name>
         <load_address>0x57a1</load_address>
         <run_address>0x57a1</run_address>
         <size>0x105</size>
         <input_file_ref idref="fl-13c"/>
      </object_component>
      <object_component id="oc-14a">
         <name>.debug_info</name>
         <load_address>0x58a6</load_address>
         <run_address>0x58a6</run_address>
         <size>0x107</size>
         <input_file_ref idref="fl-13c"/>
      </object_component>
      <object_component id="oc-145">
         <name>.debug_info</name>
         <load_address>0x59ad</load_address>
         <run_address>0x59ad</run_address>
         <size>0x117</size>
         <input_file_ref idref="fl-13d"/>
      </object_component>
      <object_component id="oc-141">
         <name>.debug_info</name>
         <load_address>0x5ac4</load_address>
         <run_address>0x5ac4</run_address>
         <size>0x117</size>
         <input_file_ref idref="fl-13e"/>
      </object_component>
      <object_component id="oc-150">
         <name>.debug_info</name>
         <load_address>0x5bdb</load_address>
         <run_address>0x5bdb</run_address>
         <size>0x10b</size>
         <input_file_ref idref="fl-13f"/>
      </object_component>
      <object_component id="oc-126">
         <name>.debug_info</name>
         <load_address>0x5ce6</load_address>
         <run_address>0x5ce6</run_address>
         <size>0x1bf</size>
         <input_file_ref idref="fl-140"/>
      </object_component>
      <object_component id="oc-f8">
         <name>.debug_info</name>
         <load_address>0x5ea5</load_address>
         <run_address>0x5ea5</run_address>
         <size>0x220</size>
         <input_file_ref idref="fl-140"/>
      </object_component>
      <object_component id="oc-134">
         <name>.debug_info</name>
         <load_address>0x60c5</load_address>
         <run_address>0x60c5</run_address>
         <size>0x283</size>
         <input_file_ref idref="fl-141"/>
      </object_component>
      <object_component id="oc-fb">
         <name>.debug_info</name>
         <load_address>0x6348</load_address>
         <run_address>0x6348</run_address>
         <size>0x33a</size>
         <input_file_ref idref="fl-141"/>
      </object_component>
      <object_component id="oc-1e6">
         <name>.debug_info</name>
         <load_address>0x6682</load_address>
         <run_address>0x6682</run_address>
         <size>0xfe</size>
         <input_file_ref idref="fl-142"/>
      </object_component>
      <object_component id="oc-164">
         <name>.debug_info</name>
         <load_address>0x6780</load_address>
         <run_address>0x6780</run_address>
         <size>0x16e</size>
         <input_file_ref idref="fl-142"/>
      </object_component>
      <object_component id="oc-15a">
         <name>.debug_info</name>
         <load_address>0x68ee</load_address>
         <run_address>0x68ee</run_address>
         <size>0x109</size>
         <input_file_ref idref="fl-143"/>
      </object_component>
      <object_component id="oc-1f4">
         <name>.debug_info</name>
         <load_address>0x69f7</load_address>
         <run_address>0x69f7</run_address>
         <size>0x142</size>
         <input_file_ref idref="fl-144"/>
      </object_component>
      <object_component id="oc-16a">
         <name>.debug_info</name>
         <load_address>0x6b39</load_address>
         <run_address>0x6b39</run_address>
         <size>0x165</size>
         <input_file_ref idref="fl-144"/>
      </object_component>
      <object_component id="oc-1c6">
         <name>.debug_info</name>
         <load_address>0x6c9e</load_address>
         <run_address>0x6c9e</run_address>
         <size>0x481</size>
         <input_file_ref idref="fl-145"/>
      </object_component>
      <object_component id="oc-1c3">
         <name>.debug_info</name>
         <load_address>0x711f</load_address>
         <run_address>0x711f</run_address>
         <size>0xf7</size>
         <input_file_ref idref="fl-145"/>
      </object_component>
      <object_component id="oc-121">
         <name>.debug_info</name>
         <load_address>0x7216</load_address>
         <run_address>0x7216</run_address>
         <size>0xaec</size>
         <input_file_ref idref="fl-145"/>
      </object_component>
      <object_component id="oc-234">
         <name>.debug_info</name>
         <load_address>0x7d02</load_address>
         <run_address>0x7d02</run_address>
         <size>0x120</size>
         <input_file_ref idref="fl-145"/>
      </object_component>
      <object_component id="oc-1c8">
         <name>.debug_info</name>
         <load_address>0x7e22</load_address>
         <run_address>0x7e22</run_address>
         <size>0x2c</size>
         <input_file_ref idref="fl-145"/>
      </object_component>
      <object_component id="oc-1dc">
         <name>.debug_info</name>
         <load_address>0x7e4e</load_address>
         <run_address>0x7e4e</run_address>
         <size>0x12d</size>
         <input_file_ref idref="fl-146"/>
      </object_component>
      <object_component id="oc-157">
         <name>.debug_info</name>
         <load_address>0x7f7b</load_address>
         <run_address>0x7f7b</run_address>
         <size>0x1a3</size>
         <input_file_ref idref="fl-146"/>
      </object_component>
      <object_component id="oc-1fa">
         <name>.debug_info</name>
         <load_address>0x811e</load_address>
         <run_address>0x811e</run_address>
         <size>0xd2</size>
         <input_file_ref idref="fl-147"/>
      </object_component>
      <object_component id="oc-17d">
         <name>.debug_info</name>
         <load_address>0x81f0</load_address>
         <run_address>0x81f0</run_address>
         <size>0x18c</size>
         <input_file_ref idref="fl-147"/>
      </object_component>
      <object_component id="oc-1d2">
         <name>.debug_info</name>
         <load_address>0x837c</load_address>
         <run_address>0x837c</run_address>
         <size>0xe1</size>
         <input_file_ref idref="fl-148"/>
      </object_component>
      <object_component id="oc-12f">
         <name>.debug_info</name>
         <load_address>0x845d</load_address>
         <run_address>0x845d</run_address>
         <size>0x20f</size>
         <input_file_ref idref="fl-148"/>
      </object_component>
      <object_component id="oc-1f6">
         <name>.debug_info</name>
         <load_address>0x866c</load_address>
         <run_address>0x866c</run_address>
         <size>0xd6</size>
         <input_file_ref idref="fl-149"/>
      </object_component>
      <object_component id="oc-170">
         <name>.debug_info</name>
         <load_address>0x8742</load_address>
         <run_address>0x8742</run_address>
         <size>0x211</size>
         <input_file_ref idref="fl-149"/>
      </object_component>
      <object_component id="oc-227">
         <name>.debug_info</name>
         <load_address>0x8953</load_address>
         <run_address>0x8953</run_address>
         <size>0xc6</size>
         <input_file_ref idref="fl-14a"/>
      </object_component>
      <object_component id="oc-1b9">
         <name>.debug_info</name>
         <load_address>0x8a19</load_address>
         <run_address>0x8a19</run_address>
         <size>0x225</size>
         <input_file_ref idref="fl-14a"/>
      </object_component>
      <object_component id="oc-1d0">
         <name>.debug_info</name>
         <load_address>0x8c3e</load_address>
         <run_address>0x8c3e</run_address>
         <size>0xcb</size>
         <input_file_ref idref="fl-14b"/>
      </object_component>
      <object_component id="oc-12a">
         <name>.debug_info</name>
         <load_address>0x8d09</load_address>
         <run_address>0x8d09</run_address>
         <size>0x1f7</size>
         <input_file_ref idref="fl-14b"/>
      </object_component>
      <object_component id="oc-229">
         <name>.debug_info</name>
         <load_address>0x8f00</load_address>
         <run_address>0x8f00</run_address>
         <size>0xd7</size>
         <input_file_ref idref="fl-14c"/>
      </object_component>
      <object_component id="oc-1bd">
         <name>.debug_info</name>
         <load_address>0x8fd7</load_address>
         <run_address>0x8fd7</run_address>
         <size>0x226</size>
         <input_file_ref idref="fl-14c"/>
      </object_component>
      <object_component id="oc-287">
         <name>.debug_info</name>
         <load_address>0x91fd</load_address>
         <run_address>0x91fd</run_address>
         <size>0x24e</size>
         <input_file_ref idref="fl-14d"/>
      </object_component>
      <object_component id="oc-22b">
         <name>.debug_info</name>
         <load_address>0x944b</load_address>
         <run_address>0x944b</run_address>
         <size>0xa0e</size>
         <input_file_ref idref="fl-14d"/>
      </object_component>
      <object_component id="oc-28a">
         <name>.debug_info</name>
         <load_address>0x9e59</load_address>
         <run_address>0x9e59</run_address>
         <size>0x39</size>
         <input_file_ref idref="fl-14d"/>
      </object_component>
      <object_component id="oc-2b7">
         <name>.debug_info</name>
         <load_address>0x9e92</load_address>
         <run_address>0x9e92</run_address>
         <size>0xf6</size>
         <input_file_ref idref="fl-14e"/>
      </object_component>
      <object_component id="oc-2b4">
         <name>.debug_info</name>
         <load_address>0x9f88</load_address>
         <run_address>0x9f88</run_address>
         <size>0xde</size>
         <input_file_ref idref="fl-14e"/>
      </object_component>
      <object_component id="oc-27b">
         <name>.debug_info</name>
         <load_address>0xa066</load_address>
         <run_address>0xa066</run_address>
         <size>0x262</size>
         <input_file_ref idref="fl-14e"/>
      </object_component>
      <object_component id="oc-136">
         <name>.debug_info</name>
         <load_address>0xa2c8</load_address>
         <run_address>0xa2c8</run_address>
         <size>0x162</size>
         <input_file_ref idref="fl-14f"/>
      </object_component>
      <object_component id="oc-1f8">
         <name>.debug_info</name>
         <load_address>0xa42a</load_address>
         <run_address>0xa42a</run_address>
         <size>0xf3</size>
         <input_file_ref idref="fl-150"/>
      </object_component>
      <object_component id="oc-179">
         <name>.debug_info</name>
         <load_address>0xa51d</load_address>
         <run_address>0xa51d</run_address>
         <size>0x13a</size>
         <input_file_ref idref="fl-150"/>
      </object_component>
      <object_component id="oc-24d">
         <name>.debug_info</name>
         <load_address>0xa657</load_address>
         <run_address>0xa657</run_address>
         <size>0x111</size>
         <input_file_ref idref="fl-151"/>
      </object_component>
      <object_component id="oc-1e8">
         <name>.debug_info</name>
         <load_address>0xa768</load_address>
         <run_address>0xa768</run_address>
         <size>0x192</size>
         <input_file_ref idref="fl-151"/>
      </object_component>
      <object_component id="oc-295">
         <name>.debug_info</name>
         <load_address>0xa8fa</load_address>
         <run_address>0xa8fa</run_address>
         <size>0x86</size>
         <input_file_ref idref="fl-151"/>
      </object_component>
      <object_component id="oc-246">
         <name>.debug_info</name>
         <load_address>0xa980</load_address>
         <run_address>0xa980</run_address>
         <size>0xfb</size>
         <input_file_ref idref="fl-152"/>
      </object_component>
      <object_component id="oc-1e0">
         <name>.debug_info</name>
         <load_address>0xaa7b</load_address>
         <run_address>0xaa7b</run_address>
         <size>0x173</size>
         <input_file_ref idref="fl-152"/>
      </object_component>
      <object_component id="oc-1ee">
         <name>.debug_info</name>
         <load_address>0xabee</load_address>
         <run_address>0xabee</run_address>
         <size>0x153</size>
         <input_file_ref idref="fl-153"/>
      </object_component>
      <object_component id="oc-24a">
         <name>.debug_info</name>
         <load_address>0xad41</load_address>
         <run_address>0xad41</run_address>
         <size>0x1b5</size>
         <input_file_ref idref="fl-154"/>
      </object_component>
      <object_component id="oc-1b0">
         <name>.debug_info</name>
         <load_address>0xaef6</load_address>
         <run_address>0xaef6</run_address>
         <size>0x132</size>
         <input_file_ref idref="fl-155"/>
      </object_component>
      <object_component id="oc-115">
         <name>.debug_info</name>
         <load_address>0xb028</load_address>
         <run_address>0xb028</run_address>
         <size>0x211</size>
         <input_file_ref idref="fl-155"/>
      </object_component>
      <object_component id="oc-21b">
         <name>.debug_info</name>
         <load_address>0xb239</load_address>
         <run_address>0xb239</run_address>
         <size>0xbb</size>
         <input_file_ref idref="fl-155"/>
      </object_component>
      <object_component id="oc-255">
         <name>.debug_info</name>
         <load_address>0xb2f4</load_address>
         <run_address>0xb2f4</run_address>
         <size>0xd6</size>
         <input_file_ref idref="fl-156"/>
      </object_component>
      <object_component id="oc-2cd">
         <name>.debug_info</name>
         <load_address>0xb3ca</load_address>
         <run_address>0xb3ca</run_address>
         <size>0x13e</size>
         <input_file_ref idref="fl-157"/>
      </object_component>
      <object_component id="oc-2a3">
         <name>.debug_info</name>
         <load_address>0xb508</load_address>
         <run_address>0xb508</run_address>
         <size>0x10e</size>
         <input_file_ref idref="fl-157"/>
      </object_component>
      <object_component id="oc-252">
         <name>.debug_info</name>
         <load_address>0xb616</load_address>
         <run_address>0xb616</run_address>
         <size>0x16f</size>
         <input_file_ref idref="fl-157"/>
      </object_component>
      <object_component id="oc-2c8">
         <name>.debug_info</name>
         <load_address>0xb785</load_address>
         <run_address>0xb785</run_address>
         <size>0x6f</size>
         <input_file_ref idref="fl-157"/>
      </object_component>
      <object_component id="oc-1b5">
         <name>.debug_info</name>
         <load_address>0xb7f4</load_address>
         <run_address>0xb7f4</run_address>
         <size>0x183</size>
         <input_file_ref idref="fl-158"/>
      </object_component>
      <object_component id="oc-11a">
         <name>.debug_info</name>
         <load_address>0xb977</load_address>
         <run_address>0xb977</run_address>
         <size>0x23b</size>
         <input_file_ref idref="fl-158"/>
      </object_component>
      <object_component id="oc-20c">
         <name>.debug_info</name>
         <load_address>0xbbb2</load_address>
         <run_address>0xbbb2</run_address>
         <size>0x160</size>
         <input_file_ref idref="fl-159"/>
      </object_component>
      <object_component id="oc-1a6">
         <name>.debug_info</name>
         <load_address>0xbd12</load_address>
         <run_address>0xbd12</run_address>
         <size>0x1c2</size>
         <input_file_ref idref="fl-159"/>
      </object_component>
      <object_component id="oc-2c5">
         <name>.debug_info</name>
         <load_address>0xbed4</load_address>
         <run_address>0xbed4</run_address>
         <size>0xfd</size>
         <input_file_ref idref="fl-15a"/>
      </object_component>
      <object_component id="oc-29d">
         <name>.debug_info</name>
         <load_address>0xbfd1</load_address>
         <run_address>0xbfd1</run_address>
         <size>0x154</size>
         <input_file_ref idref="fl-15a"/>
      </object_component>
      <object_component id="oc-2e0">
         <name>.debug_info</name>
         <load_address>0xc125</load_address>
         <run_address>0xc125</run_address>
         <size>0x2c</size>
         <input_file_ref idref="fl-15a"/>
      </object_component>
      <object_component id="oc-21a">
         <name>.debug_info</name>
         <load_address>0xc151</load_address>
         <run_address>0xc151</run_address>
         <size>0x1a1</size>
         <input_file_ref idref="fl-15b"/>
      </object_component>
      <object_component id="oc-1ac">
         <name>.debug_info</name>
         <load_address>0xc2f2</load_address>
         <run_address>0xc2f2</run_address>
         <size>0x1e1</size>
         <input_file_ref idref="fl-15b"/>
      </object_component>
      <object_component id="oc-2dd">
         <name>.debug_info</name>
         <load_address>0xc4d3</load_address>
         <run_address>0xc4d3</run_address>
         <size>0x11d</size>
         <input_file_ref idref="fl-15c"/>
      </object_component>
      <object_component id="oc-2da">
         <name>.debug_info</name>
         <load_address>0xc5f0</load_address>
         <run_address>0xc5f0</run_address>
         <size>0xdb</size>
         <input_file_ref idref="fl-15c"/>
      </object_component>
      <object_component id="oc-2bf">
         <name>.debug_info</name>
         <load_address>0xc6cb</load_address>
         <run_address>0xc6cb</run_address>
         <size>0x16a</size>
         <input_file_ref idref="fl-15c"/>
      </object_component>
      <object_component id="oc-2b9">
         <name>.debug_info</name>
         <load_address>0xc835</load_address>
         <run_address>0xc835</run_address>
         <size>0xd1</size>
         <input_file_ref idref="fl-15d"/>
      </object_component>
      <object_component id="oc-283">
         <name>.debug_info</name>
         <load_address>0xc906</load_address>
         <run_address>0xc906</run_address>
         <size>0x1fe</size>
         <input_file_ref idref="fl-15d"/>
      </object_component>
      <object_component id="oc-290">
         <name>.debug_info</name>
         <load_address>0xcb04</load_address>
         <run_address>0xcb04</run_address>
         <size>0xc6</size>
         <input_file_ref idref="fl-15e"/>
      </object_component>
      <object_component id="oc-240">
         <name>.debug_info</name>
         <load_address>0xcbca</load_address>
         <run_address>0xcbca</run_address>
         <size>0x14d</size>
         <input_file_ref idref="fl-15e"/>
      </object_component>
      <object_component id="oc-273">
         <name>.debug_info</name>
         <load_address>0xcd17</load_address>
         <run_address>0xcd17</run_address>
         <size>0x21d</size>
         <input_file_ref idref="fl-15f"/>
      </object_component>
      <object_component id="oc-214">
         <name>.debug_info</name>
         <load_address>0xcf34</load_address>
         <run_address>0xcf34</run_address>
         <size>0x436</size>
         <input_file_ref idref="fl-15f"/>
      </object_component>
      <object_component id="oc-b9">
         <name>.debug_info</name>
         <load_address>0xd36a</load_address>
         <run_address>0xd36a</run_address>
         <size>0x2c</size>
         <input_file_ref idref="fl-15f"/>
      </object_component>
      <object_component id="oc-79">
         <name>.debug_info</name>
         <load_address>0xd396</load_address>
         <run_address>0xd396</run_address>
         <size>0x203</size>
         <input_file_ref idref="fl-160"/>
      </object_component>
      <object_component id="oc-2b">
         <name>.debug_info</name>
         <load_address>0xd599</load_address>
         <run_address>0xd599</run_address>
         <size>0xe2</size>
         <input_file_ref idref="fl-160"/>
      </object_component>
      <object_component id="oc-268">
         <name>.debug_info</name>
         <load_address>0xd67b</load_address>
         <run_address>0xd67b</run_address>
         <size>0x12d</size>
         <input_file_ref idref="fl-160"/>
      </object_component>
      <object_component id="oc-20e">
         <name>.debug_info</name>
         <load_address>0xd7a8</load_address>
         <run_address>0xd7a8</run_address>
         <size>0x86c</size>
         <input_file_ref idref="fl-160"/>
      </object_component>
      <object_component id="oc-be">
         <name>.debug_info</name>
         <load_address>0xe014</load_address>
         <run_address>0xe014</run_address>
         <size>0x62</size>
         <input_file_ref idref="fl-160"/>
      </object_component>
      <object_component id="oc-2b0">
         <name>.debug_info</name>
         <load_address>0xe076</load_address>
         <run_address>0xe076</run_address>
         <size>0x1e1</size>
         <input_file_ref idref="fl-161"/>
      </object_component>
      <object_component id="oc-26c">
         <name>.debug_info</name>
         <load_address>0xe257</load_address>
         <run_address>0xe257</run_address>
         <size>0x279</size>
         <input_file_ref idref="fl-161"/>
      </object_component>
      <object_component id="oc-312">
         <name>.debug_info</name>
         <load_address>0xe4d0</load_address>
         <run_address>0xe4d0</run_address>
         <size>0x9e</size>
      </object_component>
      <object_component id="oc-20a">
         <name>.debug_line</name>
         <load_address>0x0</load_address>
         <run_address>0x0</run_address>
         <size>0x5f</size>
         <input_file_ref idref="fl-2"/>
      </object_component>
      <object_component id="oc-a8">
         <name>.debug_line</name>
         <load_address>0x5f</load_address>
         <run_address>0x5f</run_address>
         <size>0x41</size>
         <input_file_ref idref="fl-2"/>
      </object_component>
      <object_component id="oc-81">
         <name>.debug_line</name>
         <load_address>0xa0</load_address>
         <run_address>0xa0</run_address>
         <size>0x20</size>
         <input_file_ref idref="fl-2"/>
      </object_component>
      <object_component id="oc-10e">
         <name>.debug_line</name>
         <load_address>0xc0</load_address>
         <run_address>0xc0</run_address>
         <size>0x60</size>
         <input_file_ref idref="fl-2"/>
      </object_component>
      <object_component id="oc-7d">
         <name>.debug_line</name>
         <load_address>0x120</load_address>
         <run_address>0x120</run_address>
         <size>0x42</size>
         <input_file_ref idref="fl-3"/>
      </object_component>
      <object_component id="oc-34">
         <name>.debug_line</name>
         <load_address>0x162</load_address>
         <run_address>0x162</run_address>
         <size>0x42</size>
         <input_file_ref idref="fl-3"/>
      </object_component>
      <object_component id="oc-31">
         <name>.debug_line</name>
         <load_address>0x1a4</load_address>
         <run_address>0x1a4</run_address>
         <size>0x9c</size>
         <input_file_ref idref="fl-3"/>
      </object_component>
      <object_component id="oc-86">
         <name>.debug_line</name>
         <load_address>0x240</load_address>
         <run_address>0x240</run_address>
         <size>0x60</size>
         <input_file_ref idref="fl-3"/>
      </object_component>
      <object_component id="oc-28">
         <name>.debug_line</name>
         <load_address>0x2a0</load_address>
         <run_address>0x2a0</run_address>
         <size>0x52</size>
         <input_file_ref idref="fl-129"/>
      </object_component>
      <object_component id="oc-8f">
         <name>.debug_line</name>
         <load_address>0x2f2</load_address>
         <run_address>0x2f2</run_address>
         <size>0x80</size>
         <input_file_ref idref="fl-12a"/>
      </object_component>
      <object_component id="oc-17">
         <name>.debug_line</name>
         <load_address>0x372</load_address>
         <run_address>0x372</run_address>
         <size>0x55</size>
         <input_file_ref idref="fl-12a"/>
      </object_component>
      <object_component id="oc-3f">
         <name>.debug_line</name>
         <load_address>0x3c7</load_address>
         <run_address>0x3c7</run_address>
         <size>0x3a</size>
         <input_file_ref idref="fl-12a"/>
      </object_component>
      <object_component id="oc-8c">
         <name>.debug_line</name>
         <load_address>0x401</load_address>
         <run_address>0x401</run_address>
         <size>0x80</size>
         <input_file_ref idref="fl-12a"/>
      </object_component>
      <object_component id="oc-92">
         <name>.debug_line</name>
         <load_address>0x481</load_address>
         <run_address>0x481</run_address>
         <size>0x80</size>
         <input_file_ref idref="fl-12b"/>
      </object_component>
      <object_component id="oc-45">
         <name>.debug_line</name>
         <load_address>0x501</load_address>
         <run_address>0x501</run_address>
         <size>0x98</size>
         <input_file_ref idref="fl-12b"/>
      </object_component>
      <object_component id="oc-1d">
         <name>.debug_line</name>
         <load_address>0x599</load_address>
         <run_address>0x599</run_address>
         <size>0x4b</size>
         <input_file_ref idref="fl-12b"/>
      </object_component>
      <object_component id="oc-4d">
         <name>.debug_line</name>
         <load_address>0x5e4</load_address>
         <run_address>0x5e4</run_address>
         <size>0x39</size>
         <input_file_ref idref="fl-12b"/>
      </object_component>
      <object_component id="oc-96">
         <name>.debug_line</name>
         <load_address>0x61d</load_address>
         <run_address>0x61d</run_address>
         <size>0x80</size>
         <input_file_ref idref="fl-12b"/>
      </object_component>
      <object_component id="oc-9a">
         <name>.debug_line</name>
         <load_address>0x69d</load_address>
         <run_address>0x69d</run_address>
         <size>0x80</size>
         <input_file_ref idref="fl-12c"/>
      </object_component>
      <object_component id="oc-1f">
         <name>.debug_line</name>
         <load_address>0x71d</load_address>
         <run_address>0x71d</run_address>
         <size>0x4f</size>
         <input_file_ref idref="fl-12c"/>
      </object_component>
      <object_component id="oc-58">
         <name>.debug_line</name>
         <load_address>0x76c</load_address>
         <run_address>0x76c</run_address>
         <size>0x34</size>
         <input_file_ref idref="fl-12c"/>
      </object_component>
      <object_component id="oc-ec">
         <name>.debug_line</name>
         <load_address>0x7a0</load_address>
         <run_address>0x7a0</run_address>
         <size>0x7f</size>
         <input_file_ref idref="fl-12d"/>
      </object_component>
      <object_component id="oc-ea">
         <name>.debug_line</name>
         <load_address>0x81f</load_address>
         <run_address>0x81f</run_address>
         <size>0x2a</size>
         <input_file_ref idref="fl-12d"/>
      </object_component>
      <object_component id="oc-71">
         <name>.debug_line</name>
         <load_address>0x849</load_address>
         <run_address>0x849</run_address>
         <size>0x7a</size>
         <input_file_ref idref="fl-12d"/>
      </object_component>
      <object_component id="oc-3a">
         <name>.debug_line</name>
         <load_address>0x8c3</load_address>
         <run_address>0x8c3</run_address>
         <size>0x88</size>
         <input_file_ref idref="fl-12e"/>
      </object_component>
      <object_component id="oc-51">
         <name>.debug_line</name>
         <load_address>0x94b</load_address>
         <run_address>0x94b</run_address>
         <size>0x79</size>
         <input_file_ref idref="fl-12f"/>
      </object_component>
      <object_component id="oc-60">
         <name>.debug_line</name>
         <load_address>0x9c4</load_address>
         <run_address>0x9c4</run_address>
         <size>0x40</size>
         <input_file_ref idref="fl-130"/>
      </object_component>
      <object_component id="oc-19c">
         <name>.debug_line</name>
         <load_address>0xa04</load_address>
         <run_address>0xa04</run_address>
         <size>0xea</size>
         <input_file_ref idref="fl-131"/>
      </object_component>
      <object_component id="oc-d3">
         <name>.debug_line</name>
         <load_address>0xaee</load_address>
         <run_address>0xaee</run_address>
         <size>0x8d</size>
         <input_file_ref idref="fl-131"/>
      </object_component>
      <object_component id="oc-1a0">
         <name>.debug_line</name>
         <load_address>0xb7b</load_address>
         <run_address>0xb7b</run_address>
         <size>0x7f</size>
         <input_file_ref idref="fl-131"/>
      </object_component>
      <object_component id="oc-b6">
         <name>.debug_line</name>
         <load_address>0xbfa</load_address>
         <run_address>0xbfa</run_address>
         <size>0x33</size>
         <input_file_ref idref="fl-132"/>
      </object_component>
      <object_component id="oc-112">
         <name>.debug_line</name>
         <load_address>0xc2d</load_address>
         <run_address>0xc2d</run_address>
         <size>0x20</size>
         <input_file_ref idref="fl-133"/>
      </object_component>
      <object_component id="oc-e6">
         <name>.debug_line</name>
         <load_address>0xc4d</load_address>
         <run_address>0xc4d</run_address>
         <size>0x2b</size>
         <input_file_ref idref="fl-133"/>
      </object_component>
      <object_component id="oc-e3">
         <name>.debug_line</name>
         <load_address>0xc78</load_address>
         <run_address>0xc78</run_address>
         <size>0x68</size>
         <input_file_ref idref="fl-133"/>
      </object_component>
      <object_component id="oc-201">
         <name>.debug_line</name>
         <load_address>0xce0</load_address>
         <run_address>0xce0</run_address>
         <size>0x14c</size>
         <input_file_ref idref="fl-134"/>
      </object_component>
      <object_component id="oc-104">
         <name>.debug_line</name>
         <load_address>0xe2c</load_address>
         <run_address>0xe2c</run_address>
         <size>0xb8d</size>
         <input_file_ref idref="fl-134"/>
[...]
      </symbol>
      <symbol id="sm-6e">
         <name>__stack</name>
         <value>0x20000330</value>
         <object_component_ref idref="oc-29"/>
      </symbol>
      <symbol id="sm-85">
         <name>__TI_decompress_none</name>
         <value>0x342d</value>
         <object_component_ref idref="oc-12"/>
      </symbol>
      <symbol id="sm-ad">
         <name>__TI_decompress_rle24</name>
         <value>0x3453</value>
         <object_component_ref idref="oc-18"/>
      </symbol>
      <symbol id="sm-bf">
         <name>__TI_zero_init</name>
         <value>0x343b</value>
         <object_component_ref idref="oc-1e"/>
      </symbol>
      <symbol id="sm-de">
         <name>C$$EXIT</name>
         <value>0x3181</value>
         <object_component_ref idref="oc-6d"/>
      </symbol>
      <symbol id="sm-df">
         <name>abort</name>
         <value>0x3185</value>
         <object_component_ref idref="oc-6d"/>
      </symbol>
      <symbol id="sm-e0">
         <name>exit</name>
         <value>0x318d</value>
         <object_component_ref idref="oc-6d"/>
      </symbol>
      <symbol id="sm-e1">
         <name>__TI_dtors_ptr</name>
         <value>0x20000318</value>
         <object_component_ref idref="oc-af"/>
      </symbol>
      <symbol id="sm-e2">
         <name>__TI_cleanup_ptr</name>
         <value>0x20000314</value>
         <object_component_ref idref="oc-af"/>
      </symbol>
      <symbol id="sm-fd">
         <name>memcpy</name>
         <value>0x29d7</value>
         <object_component_ref idref="oc-36"/>
      </symbol>
      <symbol id="sm-fe">
         <name>__aeabi_memcpy</name>
         <value>0x29d7</value>
         <object_component_ref idref="oc-36"/>
      </symbol>
      <symbol id="sm-ff">
         <name>__aeabi_memcpy8</name>
         <value>0x29d7</value>
         <object_component_ref idref="oc-36"/>
      </symbol>
      <symbol id="sm-100">
         <name>__aeabi_memcpy4</name>
         <value>0x29d7</value>
         <object_component_ref idref="oc-36"/>
      </symbol>
      <symbol id="sm-10f">
         <name>__aeabi_memset</name>
         <value>0x2cb3</value>
         <object_component_ref idref="oc-4f"/>
      </symbol>
      <symbol id="sm-110">
         <name>memset</name>
         <value>0x2cb9</value>
         <object_component_ref idref="oc-4f"/>
      </symbol>
      <symbol id="sm-111">
         <name>__aeabi_memset8</name>
         <value>0x2cb3</value>
         <object_component_ref idref="oc-4f"/>
      </symbol>
      <symbol id="sm-112">
         <name>__aeabi_memset4</name>
         <value>0x2cb3</value>
         <object_component_ref idref="oc-4f"/>
      </symbol>
      <symbol id="sm-113">
         <name>__aeabi_memclr8</name>
         <value>0x2cb1</value>
         <object_component_ref idref="oc-4f"/>
      </symbol>
      <symbol id="sm-114">
         <name>__aeabi_memclr4</name>
         <value>0x2cb1</value>
         <object_component_ref idref="oc-4f"/>
      </symbol>
      <symbol id="sm-115">
         <name>__aeabi_memclr</name>
         <value>0x2cb1</value>
         <object_component_ref idref="oc-4f"/>
      </symbol>
      <symbol id="sm-11f">
         <name>_system_pre_init</name>
         <value>0x3459</value>
         <object_component_ref idref="oc-5b"/>
      </symbol>
      <symbol id="sm-13d">
         <name>printf</name>
         <value>0x2d35</value>
         <object_component_ref idref="oc-d1"/>
      </symbol>
      <symbol id="sm-145">
         <name>main_func_sp</name>
         <value>0x2000032c</value>
         <object_component_ref idref="oc-73"/>
      </symbol>
      <symbol id="sm-15e">
         <name>_nop</name>
         <value>0x33ff</value>
         <object_component_ref idref="oc-df"/>
      </symbol>
      <symbol id="sm-15f">
         <name>_lock</name>
         <value>0x2000030c</value>
         <object_component_ref idref="oc-ac"/>
      </symbol>
      <symbol id="sm-160">
         <name>_unlock</name>
         <value>0x20000310</value>
         <object_component_ref idref="oc-ac"/>
      </symbol>
      <symbol id="sm-161">
         <name>_register_lock</name>
         <value>0x33f7</value>
         <object_component_ref idref="oc-df"/>
      </symbol>
      <symbol id="sm-162">
         <name>_register_unlock</name>
         <value>0x33f1</value>
         <object_component_ref idref="oc-df"/>
      </symbol>
      <symbol id="sm-26c">
         <name>__TI_printfi</name>
         <value>0x1021</value>
         <object_component_ref idref="oc-100"/>
      </symbol>
      <symbol id="sm-281">
         <name>_args_main</name>
         <value>0x33a9</value>
         <object_component_ref idref="oc-67"/>
      </symbol>
      <symbol id="sm-297">
         <name>atoi</name>
         <value>0x30a1</value>
         <object_component_ref idref="oc-181"/>
      </symbol>
      <symbol id="sm-2bd">
         <name>__TI_auto_init</name>
         <value>0x2d9d</value>
         <object_component_ref idref="oc-61"/>
      </symbol>
      <symbol id="sm-2d7">
         <name>copy_in</name>
         <value>0x30ed</value>
         <object_component_ref idref="oc-9c"/>
      </symbol>
      <symbol id="sm-2e2">
         <name>_ctypes_</name>
         <value>0x345c</value>
         <object_component_ref idref="oc-1fb"/>
      </symbol>
      <symbol id="sm-2fb">
         <name>__aeabi_stdout</name>
         <value>0x200002f8</value>
         <object_component_ref idref="oc-1b1"/>
      </symbol>
      <symbol id="sm-2fc">
         <name>__TI_tmpnams</name>
         <value>0x20000650</value>
         <object_component_ref idref="oc-2ac"/>
      </symbol>
      <symbol id="sm-2fd">
         <name>__aeabi_stderr</name>
         <value>0x200002fc</value>
         <object_component_ref idref="oc-1b1"/>
      </symbol>
      <symbol id="sm-2fe">
         <name>__aeabi_stdin</name>
         <value>0x200002f4</value>
         <object_component_ref idref="oc-1b1"/>
      </symbol>
      <symbol id="sm-2ff">
         <name>_ftable</name>
         <value>0x20000000</value>
         <object_component_ref idref="oc-106"/>
      </symbol>
      <symbol id="sm-300">
         <name>__TI_ft_end</name>
         <value>0x200002f0</value>
         <object_component_ref idref="oc-1b1"/>
      </symbol>
      <symbol id="sm-324">
         <name>__aeabi_dsub</name>
         <value>0x209d</value>
         <object_component_ref idref="oc-15e"/>
      </symbol>
      <symbol id="sm-325">
         <name>__aeabi_dadd</name>
         <value>0x20a7</value>
         <object_component_ref idref="oc-15e"/>
      </symbol>
      <symbol id="sm-34c">
         <name>__aeabi_cdcmpeq</name>
         <value>0x2ba5</value>
         <object_component_ref idref="oc-13a"/>
      </symbol>
      <symbol id="sm-34d">
         <name>__aeabi_cdcmple</name>
         <value>0x2ba5</value>
         <object_component_ref idref="oc-13a"/>
      </symbol>
      <symbol id="sm-34e">
         <name>__aeabi_cdrcmple</name>
         <value>0x2c2b</value>
         <object_component_ref idref="oc-149"/>
      </symbol>
      <symbol id="sm-36e">
         <name>__aeabi_ddiv</name>
         <value>0x2253</value>
         <object_component_ref idref="oc-144"/>
      </symbol>
      <symbol id="sm-385">
         <name>__aeabi_dmul</name>
         <value>0x25cd</value>
         <object_component_ref idref="oc-13f"/>
      </symbol>
      <symbol id="sm-393">
         <name>__aeabi_d2iz</name>
         <value>0x3139</value>
         <object_component_ref idref="oc-14e"/>
      </symbol>
      <symbol id="sm-3aa">
         <name>putc</name>
         <value>0x2b0d</value>
         <object_component_ref idref="oc-f4"/>
      </symbol>
      <symbol id="sm-3ab">
         <name>fputc</name>
         <value>0x2b0d</value>
         <object_component_ref idref="oc-f4"/>
      </symbol>
      <symbol id="sm-3ac">
         <name>putchar</name>
         <value>0x2b91</value>
         <object_component_ref idref="oc-f4"/>
      </symbol>
      <symbol id="sm-3ce">
         <name>puts</name>
         <value>0x2495</value>
         <object_component_ref idref="oc-fa"/>
      </symbol>
      <symbol id="sm-3cf">
         <name>fputs</name>
         <value>0x2389</value>
         <object_component_ref idref="oc-fa"/>
      </symbol>
      <symbol id="sm-3dc">
         <name>frexp</name>
         <value>0x3325</value>
         <object_component_ref idref="oc-163"/>
      </symbol>
      <symbol id="sm-3e8">
         <name>__aeabi_i2d</name>
         <value>0x32c9</value>
         <object_component_ref idref="oc-159"/>
      </symbol>
      <symbol id="sm-3f9">
         <name>ldexp</name>
         <value>0x2fff</value>
         <object_component_ref idref="oc-169"/>
      </symbol>
      <symbol id="sm-44b">
         <name>open</name>
         <value>0x1843</value>
         <object_component_ref idref="oc-11f"/>
      </symbol>
      <symbol id="sm-44c">
         <name>add_device</name>
         <value>0x1965</value>
         <object_component_ref idref="oc-11f"/>
      </symbol>
      <symbol id="sm-44d">
         <name>remove_device</name>
         <value>0x17f7</value>
         <object_component_ref idref="oc-11f"/>
      </symbol>
      <symbol id="sm-44e">
         <name>lseek</name>
         <value>0x18f1</value>
         <object_component_ref idref="oc-11f"/>
      </symbol>
      <symbol id="sm-44f">
         <name>read</name>
         <value>0x181f</value>
         <object_component_ref idref="oc-11f"/>
      </symbol>
      <symbol id="sm-450">
         <name>rename</name>
         <value>0x17b9</value>
         <object_component_ref idref="oc-11f"/>
      </symbol>
      <symbol id="sm-451">
         <name>write</name>
         <value>0x1705</value>
         <object_component_ref idref="oc-11f"/>
      </symbol>
      <symbol id="sm-452">
         <name>close</name>
         <value>0x1915</value>
         <object_component_ref idref="oc-11f"/>
      </symbol>
      <symbol id="sm-453">
         <name>unlink</name>
         <value>0x1795</value>
         <object_component_ref idref="oc-11f"/>
      </symbol>
      <symbol id="sm-462">
         <name>ltoa</name>
         <value>0x2fa9</value>
         <object_component_ref idref="oc-153"/>
      </symbol>
      <symbol id="sm-472">
         <name>memccpy</name>
         <value>0x336f</value>
         <object_component_ref idref="oc-17b"/>
      </symbol>
      <symbol id="sm-482">
         <name>memchr</name>
         <value>0x334f</value>
         <object_component_ref idref="oc-12d"/>
      </symbol>
      <symbol id="sm-492">
         <name>strchr</name>
         <value>0x33d9</value>
         <object_component_ref idref="oc-16f"/>
      </symbol>
      <symbol id="sm-4a1">
         <name>strcmp</name>
         <value>0x33c1</value>
         <object_component_ref idref="oc-1b6"/>
      </symbol>
      <symbol id="sm-4af">
         <name>strlen</name>
         <value>0x3419</value>
         <object_component_ref idref="oc-127"/>
      </symbol>
      <symbol id="sm-4bf">
         <name>strncpy</name>
         <value>0x3239</value>
         <object_component_ref idref="oc-1bc"/>
      </symbol>
      <symbol id="sm-4e0">
         <name>HOSTgetenv</name>
         <value>0x1c27</value>
         <object_component_ref idref="oc-22a"/>
      </symbol>
      <symbol id="sm-4e1">
         <name>HOSTrename</name>
         <value>0x1acf</value>
         <object_component_ref idref="oc-22a"/>
      </symbol>
      <symbol id="sm-4e2">
         <name>HOSTclose</name>
         <value>0x1c65</value>
         <object_component_ref idref="oc-22a"/>
      </symbol>
      <symbol id="sm-4e3">
         <name>HOSTunlink</name>
         <value>0x1a5d</value>
         <object_component_ref idref="oc-22a"/>
      </symbol>
      <symbol id="sm-4e4">
         <name>HOSTlseek</name>
         <value>0x1bcb</value>
         <object_component_ref idref="oc-22a"/>
      </symbol>
      <symbol id="sm-4e5">
         <name>HOSTopen</name>
         <value>0x1b79</value>
         <object_component_ref idref="oc-22a"/>
      </symbol>
      <symbol id="sm-4e6">
         <name>HOSTclock</name>
         <value>0x1c9d</value>
         <object_component_ref idref="oc-22a"/>
      </symbol>
      <symbol id="sm-4e7">
         <name>HOSTwrite</name>
         <value>0x1a11</value>
         <object_component_ref idref="oc-22a"/>
      </symbol>
      <symbol id="sm-4e8">
         <name>HOSTread</name>
         <value>0x1b2d</value>
         <object_component_ref idref="oc-22a"/>
      </symbol>
      <symbol id="sm-4e9">
         <name>HOSTtime</name>
         <value>0x1a95</value>
         <object_component_ref idref="oc-22a"/>
      </symbol>
      <symbol id="sm-504">
         <name>__TI_readmsg</name>
         <value>0x2ea7</value>
         <object_component_ref idref="oc-27a"/>
      </symbol>
      <symbol id="sm-505">
         <name>C$$IO$$</name>
         <value>0x2ea3</value>
         <object_component_ref idref="oc-27a"/>
      </symbol>
      <symbol id="sm-506">
         <name>__CIOBUF_</name>
         <value>0x20000530</value>
         <object_component_ref idref="oc-2b3"/>
      </symbol>
      <symbol id="sm-507">
         <name>__TI_writemsg</name>
         <value>0x2e75</value>
         <object_component_ref idref="oc-27a"/>
      </symbol>
      <symbol id="sm-531">
         <name>__aeabi_uldivmod</name>
         <value>0x1ce5</value>
         <object_component_ref idref="oc-135"/>
      </symbol>
      <symbol id="sm-53f">
         <name>_Dclass</name>
         <value>0x3269</value>
         <object_component_ref idref="oc-175"/>
      </symbol>
      <symbol id="sm-560">
         <name>_Dscale</name>
         <value>0x24bd</value>
         <object_component_ref idref="oc-1e7"/>
      </symbol>
      <symbol id="sm-574">
         <name>_Dunscale</name>
         <value>0x2edd</value>
         <object_component_ref idref="oc-1df"/>
      </symbol>
      <symbol id="sm-583">
         <name>_Feraise</name>
         <value>0x3299</value>
         <object_component_ref idref="oc-1ed"/>
      </symbol>
      <symbol id="sm-593">
         <name>_Rteps</name>
         <value>0x200002d0</value>
         <object_component_ref idref="oc-249"/>
      </symbol>
      <symbol id="sm-594">
         <name>_Zero</name>
         <value>0x200002e8</value>
         <object_component_ref idref="oc-249"/>
      </symbol>
      <symbol id="sm-595">
         <name>_Hugeval</name>
         <value>0x20000290</value>
         <object_component_ref idref="oc-249"/>
      </symbol>
      <symbol id="sm-596">
         <name>_Snan</name>
         <value>0x200002c0</value>
         <object_component_ref idref="oc-249"/>
      </symbol>
      <symbol id="sm-597">
         <name>_Nan</name>
         <value>0x200002b0</value>
         <object_component_ref idref="oc-249"/>
      </symbol>
      <symbol id="sm-598">
         <name>_Inf</name>
         <value>0x200002a0</value>
         <object_component_ref idref="oc-249"/>
      </symbol>
      <symbol id="sm-599">
         <name>_Xbig</name>
         <value>0x200002e0</value>
         <object_component_ref idref="oc-249"/>
      </symbol>
      <symbol id="sm-59a">
         <name>_Eps</name>
         <value>0x20000280</value>
         <object_component_ref idref="oc-249"/>
      </symbol>
      <symbol id="sm-59b">
         <name>_Denorm</name>
         <value>0x20000270</value>
         <object_component_ref idref="oc-249"/>
      </symbol>
      <symbol id="sm-5b9">
         <name>__TI_wrt_ok</name>
         <value>0x292b</value>
         <object_component_ref idref="oc-113"/>
      </symbol>
      <symbol id="sm-5ba">
         <name>__TI_rd_ok</name>
         <value>0x298d</value>
         <object_component_ref idref="oc-113"/>
      </symbol>
      <symbol id="sm-5c2">
         <name>_Errno</name>
         <value>0x20000324</value>
         <object_component_ref idref="oc-254"/>
      </symbol>
      <symbol id="sm-5e0">
         <name>feraiseexcept</name>
         <value>0x3205</value>
         <object_component_ref idref="oc-24e"/>
      </symbol>
      <symbol id="sm-5e1">
         <name>_Tls_setup__Fenv</name>
         <value>0x20000320</value>
         <object_component_ref idref="oc-2a2"/>
      </symbol>
      <symbol id="sm-5e2">
         <name>_Fenv</name>
         <value>0x2000031c</value>
         <object_component_ref idref="oc-2a2"/>
      </symbol>
      <symbol id="sm-5fc">
         <name>__TI_doflush</name>
         <value>0x27a5</value>
         <object_component_ref idref="oc-119"/>
      </symbol>
      <symbol id="sm-5fd">
         <name>fflush</name>
         <value>0x27f1</value>
         <object_component_ref idref="oc-119"/>
      </symbol>
      <symbol id="sm-60f">
         <name>fseek</name>
         <value>0x2f45</value>
         <object_component_ref idref="oc-1a3"/>
      </symbol>
      <symbol id="sm-623">
         <name>raise</name>
         <value>0x32f7</value>
         <object_component_ref idref="oc-29c"/>
      </symbol>
      <symbol id="sm-63f">
         <name>setvbuf</name>
         <value>0x26c9</value>
         <object_component_ref idref="oc-1a9"/>
      </symbol>
      <symbol id="sm-659">
         <name>signal</name>
         <value>0x31c5</value>
         <object_component_ref idref="oc-2be"/>
      </symbol>
      <symbol id="sm-667">
         <name>strcpy</name>
         <value>0x3405</value>
         <object_component_ref idref="oc-280"/>
      </symbol>
      <symbol id="sm-67c">
         <name>_Dnorm</name>
         <value>0x286d</value>
         <object_component_ref idref="oc-23f"/>
      </symbol>
      <symbol id="sm-6b3">
         <name>__TI_cleanup</name>
         <value>0x1fa1</value>
         <object_component_ref idref="oc-213"/>
      </symbol>
      <symbol id="sm-6b4">
         <name>freopen</name>
         <value>0x1fcd</value>
         <object_component_ref idref="oc-213"/>
      </symbol>
      <symbol id="sm-6b5">
         <name>fopen</name>
         <value>0x1ff7</value>
         <object_component_ref idref="oc-213"/>
      </symbol>
      <symbol id="sm-727">
         <name>_sys_memory</name>
         <value>0x200006f8</value>
         <object_component_ref idref="oc-2a"/>
      </symbol>
      <symbol id="sm-728">
         <name>free</name>
         <value>0x141f</value>
         <object_component_ref idref="oc-20d"/>
      </symbol>
      <symbol id="sm-729">
         <name>realloc</name>
         <value>0x14e1</value>
         <object_component_ref idref="oc-20d"/>
      </symbol>
      <symbol id="sm-72a">
         <name>memalign</name>
         <value>0x15ed</value>
         <object_component_ref idref="oc-20d"/>
      </symbol>
      <symbol id="sm-72b">
         <name>calloc</name>
         <value>0x16d1</value>
         <object_component_ref idref="oc-20d"/>
      </symbol>
      <symbol id="sm-72c">
         <name>malloc</name>
         <value>0x13b7</value>
         <object_component_ref idref="oc-20d"/>
      </symbol>
      <symbol id="sm-72d">
         <name>minit</name>
         <value>0x1329</value>
         <object_component_ref idref="oc-20d"/>
      </symbol>
      <symbol id="sm-743">
         <name>__TI_closefile</name>
         <value>0x2a75</value>
         <object_component_ref idref="oc-26b"/>
      </symbol>
      <symbol id="sm-744">
         <name>fclose</name>
         <value>0x2adb</value>
         <object_component_ref idref="oc-26b"/>
      </symbol>
      <symbol id="sm-746">
         <name>__TI_static_base__</name>
         <value>0x0</value>
      </symbol>
      <symbol id="sm-749">
         <name>SHT$$INIT_ARRAY$$Limit</name>
         <value>0x0</value>
      </symbol>
      <symbol id="sm-74a">
         <name>SHT$$INIT_ARRAY$$Base</name>
         <value>0x0</value>
      </symbol>
      <symbol id="sm-74b">
         <name>remove</name>
         <value>0x1795</value>
      </symbol>
   </symbol_table>
   <title>Link successful</title>
</link_info>
